{"synthetic": false,
 "schemaVersion": "2025-09-10",
 "outputs":
 {"o": ["f0ca253c0d34cbcf.olean"],
  "m": false,
  "i": "ea030f78247b481c.ilean",
  "c": "cd763cc90640145d.c"},
 "log":
 [{"message":
   ".> LEAN_PATH=C:\\lean\\mathlib4\\.lake\\packages\\Qq\\.lake\\build\\lib\\lean;C:\\lean\\mathlib4\\.lake\\packages\\aesop\\.lake\\build\\lib\\lean;C:\\lean\\mathlib4\\.lake\\packages\\proofwidgets\\.lake\\build\\lib\\lean;C:\\lean\\mathlib4\\.lake\\packages\\importGraph\\.lake\\build\\lib\\lean;C:\\lean\\mathlib4\\.lake\\packages\\LeanSearchClient\\.lake\\build\\lib\\lean;C:\\lean\\mathlib4\\.lake\\packages\\plausible\\.lake\\build\\lib\\lean;C:\\lean\\mathlib4\\.lake\\packages\\batteries\\.lake\\build\\lib\\lean;C:\\lean\\mathlib4\\.lake\\packages\\Cli\\.lake\\build\\lib\\lean;C:\\lean\\mathlib4\\.lake\\build\\lib\\lean;C:\\lean\\LeanArchitect\\.lake\\build\\lib\\lean;C:\\lean\\libs\\QECLean\\.lake\\build\\lib\\lean c:\\Users\\Administrator\\.elan\\toolchains\\leanprover--lean4---v4.34.0-rc1\\bin\\lean.exe C:\\lean\\libs\\QECLean\\QEC\\Stabilizer\\Codes.lean -o C:\\lean\\libs\\QECLean\\.lake\\build\\lib\\lean\\QEC\\Stabilizer\\Codes.olean -i C:\\lean\\libs\\QECLean\\.lake\\build\\lib\\lean\\QEC\\Stabilizer\\Codes.ilean -c C:\\lean\\libs\\QECLean\\.lake\\build\\ir\\QEC\\Stabilizer\\Codes.c --setup C:\\lean\\libs\\QECLean\\.lake\\build\\ir\\QEC\\Stabilizer\\Codes.setup.json --json",
   "level": "trace"}],
 "inputs":
 [["deps",
   [["QEC/QEC:extraDep", [["@QEC:extraDep", "00000000000006bb"]]],
    ["imports",
     [["QEC.Stabilizer.Codes._TEMPLATE transitive imports (legacy)",
       "8d361f19ae21ede7"],
      ["QEC.Stabilizer.Codes._TEMPLATE:importAllArts", "5a857f115d252e6c"],
      ["QEC.Stabilizer.Codes.Toric transitive imports (legacy)",
       "abd9e9631986a487"],
      ["QEC.Stabilizer.Codes.Toric:importAllArts", "fc8502e6e8bed87b"],
      ["QEC.Stabilizer.Codes.RotatedSurface transitive imports (legacy)",
       "e05d96d6b5a5ad77"],
      ["QEC.Stabilizer.Codes.RotatedSurface:importAllArts", "94cad0cf3cf4282e"],
      ["QEC.Stabilizer.Codes.Repetition transitive imports (legacy)",
       "b7fe4bbee769d75a"],
      ["QEC.Stabilizer.Codes.Repetition:importAllArts", "3738b409605991f5"],
      ["QEC.Stabilizer.Codes.Iceberg transitive imports (legacy)",
       "7d1551bd72f7ef16"],
      ["QEC.Stabilizer.Codes.Iceberg:importAllArts", "258c1b1bd2c9c617"],
      ["QEC.Stabilizer.Codes.BivariateBicycle transitive imports (legacy)",
       "85fa05de19c94a49"],
      ["QEC.Stabilizer.Codes.BivariateBicycle:importAllArts",
       "9fa033cdf36c87b8"],
      ["QEC.Stabilizer.Codes.Small transitive imports (legacy)",
       "cca2ca4f0099f402"],
      ["QEC.Stabilizer.Codes.Small:importAllArts", "409b514d5adde7fa"]]]]],
  ["libs",
   [["import dynlibs", "00000000000006bb"],
    ["package external libraries", "00000000000006bb"],
    ["module dynlibs", "00000000000006bb"],
    ["module plugins", "00000000000006bb"]]],
  ["Lean 4.34.0, commit 3447a668783dbce1a8fdb97101dd067687b2b418",
   "421484e3e0c70198"],
  ["C:\\lean\\libs\\QECLean\\QEC\\Stabilizer\\Codes.lean", "8538b0f1f0f2aac4"],
  ["options",
   [["-DmaxSynthPendingDepth=3", "c78e353d34de85d4"],
    ["-DrelaxedAutoImplicit=false", "74a2b5546b55be80"],
    ["-Dpp.unicode.fun=true", "9b94070140457fab"],
    ["-DautoImplicit=false", "4a85acb881fd49d0"]]],
  ["isModule: false", "feefd2a0d3a1847e"],
  ["Module.name: QEC.Stabilizer.Codes", "8f7e9a101dc7e519"],
  ["Package.id?: (some QEC)", "93dadbf2094f452e"],
  ["Module.leanArgs: #[]", "00000000000006bb"]],
 "depHash": "94dbe6d5bfea5338"}