{"synthetic": false,
 "schemaVersion": "2025-09-10",
 "outputs":
 {"o": ["5834c6462bbf882f.olean"],
  "m": false,
  "i": "cca8a15fd18c4a24.ilean",
  "c": "f5a11270c58f7a1b.c"},
 "log":
 [{"message":
   ".> LEAN_PATH=C:\\lean\\mathlib4\\.lake\\packages\\Qq\\.lake\\build\\lib\\lean;C:\\lean\\mathlib4\\.lake\\packages\\aesop\\.lake\\build\\lib\\lean;C:\\lean\\mathlib4\\.lake\\packages\\proofwidgets\\.lake\\build\\lib\\lean;C:\\lean\\mathlib4\\.lake\\packages\\importGraph\\.lake\\build\\lib\\lean;C:\\lean\\mathlib4\\.lake\\packages\\LeanSearchClient\\.lake\\build\\lib\\lean;C:\\lean\\mathlib4\\.lake\\packages\\plausible\\.lake\\build\\lib\\lean;C:\\lean\\mathlib4\\.lake\\packages\\batteries\\.lake\\build\\lib\\lean;C:\\lean\\mathlib4\\.lake\\packages\\Cli\\.lake\\build\\lib\\lean;C:\\lean\\mathlib4\\.lake\\build\\lib\\lean;C:\\lean\\LeanArchitect\\.lake\\build\\lib\\lean;C:\\lean\\libs\\QECLean\\.lake\\build\\lib\\lean c:\\Users\\Administrator\\.elan\\toolchains\\leanprover--lean4---v4.34.0-rc1\\bin\\lean.exe C:\\lean\\libs\\QECLean\\QEC\\Stabilizer\\Codes\\Toric\\ChainComplex.lean -o C:\\lean\\libs\\QECLean\\.lake\\build\\lib\\lean\\QEC\\Stabilizer\\Codes\\Toric\\ChainComplex.olean -i C:\\lean\\libs\\QECLean\\.lake\\build\\lib\\lean\\QEC\\Stabilizer\\Codes\\Toric\\ChainComplex.ilean -c C:\\lean\\libs\\QECLean\\.lake\\build\\ir\\QEC\\Stabilizer\\Codes\\Toric\\ChainComplex.c --setup C:\\lean\\libs\\QECLean\\.lake\\build\\ir\\QEC\\Stabilizer\\Codes\\Toric\\ChainComplex.setup.json --json",
   "level": "trace"}],
 "inputs":
 [["deps",
   [["QEC/QEC:extraDep", [["@QEC:extraDep", "00000000000006bb"]]],
    ["imports",
     [["QEC.Stabilizer.Framework.Homological transitive imports (legacy)",
       "0e8e1e8ac6c52eb7"],
      ["QEC.Stabilizer.Framework.Homological:importAllArts",
       "a346dc31a058b7a1"],
      ["QEC.Stabilizer.Codes.Toric.Homology transitive imports (legacy)",
       "b65f906b4a56cf8a"],
      ["QEC.Stabilizer.Codes.Toric.Homology:importAllArts", "85ca0332f4e68191"],
      ["QEC.Stabilizer.Codes.Toric.H1Dimension transitive imports (legacy)",
       "0364cc7d41610399"],
      ["QEC.Stabilizer.Codes.Toric.H1Dimension:importAllArts",
       "aa3f6ed2f64507a0"],
      ["QEC.Stabilizer.Codes.Toric.ChainOps transitive imports (legacy)",
       "f3f68eff980ab40d"],
      ["QEC.Stabilizer.Codes.Toric.ChainOps:importAllArts", "5ecbc92cb91204f3"],
      ["QEC.Stabilizer.Codes.Toric.CodeN transitive imports (legacy)",
       "58dc63fc08e19250"],
      ["QEC.Stabilizer.Codes.Toric.CodeN:importAllArts",
       "8a233154a7790321"]]]]],
  ["libs",
   [["import dynlibs", "00000000000006bb"],
    ["package external libraries", "00000000000006bb"],
    ["module dynlibs", "00000000000006bb"],
    ["module plugins", "00000000000006bb"]]],
  ["Lean 4.34.0, commit 3447a668783dbce1a8fdb97101dd067687b2b418",
   "421484e3e0c70198"],
  ["C:\\lean\\libs\\QECLean\\QEC\\Stabilizer\\Codes\\Toric\\ChainComplex.lean",
   "f17f4512c9b661ad"],
  ["options",
   [["-DmaxSynthPendingDepth=3", "c78e353d34de85d4"],
    ["-DrelaxedAutoImplicit=false", "74a2b5546b55be80"],
    ["-Dpp.unicode.fun=true", "9b94070140457fab"],
    ["-DautoImplicit=false", "4a85acb881fd49d0"]]],
  ["isModule: false", "feefd2a0d3a1847e"],
  ["Module.name: QEC.Stabilizer.Codes.Toric.ChainComplex", "6aa43c7d32262203"],
  ["Package.id?: (some QEC)", "93dadbf2094f452e"],
  ["Module.leanArgs: #[]", "00000000000006bb"]],
 "depHash": "e37b940f235de24b"}