{"synthetic": false,
 "schemaVersion": "2025-09-10",
 "outputs":
 {"o": ["027f699e5857f50b.olean"],
  "m": false,
  "i": "002298ee1ee49624.ilean",
  "c": "5fccf42a9cdc007b.c"},
 "log":
 [{"message":
   ".> LEAN_PATH=C:\\lean\\mathlib4\\.lake\\packages\\Qq\\.lake\\build\\lib\\lean;C:\\lean\\mathlib4\\.lake\\packages\\aesop\\.lake\\build\\lib\\lean;C:\\lean\\mathlib4\\.lake\\packages\\proofwidgets\\.lake\\build\\lib\\lean;C:\\lean\\mathlib4\\.lake\\packages\\importGraph\\.lake\\build\\lib\\lean;C:\\lean\\mathlib4\\.lake\\packages\\LeanSearchClient\\.lake\\build\\lib\\lean;C:\\lean\\mathlib4\\.lake\\packages\\plausible\\.lake\\build\\lib\\lean;C:\\lean\\mathlib4\\.lake\\packages\\batteries\\.lake\\build\\lib\\lean;C:\\lean\\mathlib4\\.lake\\packages\\Cli\\.lake\\build\\lib\\lean;C:\\lean\\mathlib4\\.lake\\build\\lib\\lean;C:\\lean\\LeanArchitect\\.lake\\build\\lib\\lean;C:\\lean\\libs\\QECLean\\.lake\\build\\lib\\lean c:\\Users\\Administrator\\.elan\\toolchains\\leanprover--lean4---v4.34.0\\bin\\lean.exe C:\\lean\\libs\\QECLean\\QEC\\Stabilizer\\Codes\\Toric\\DistanceX.lean -o C:\\lean\\libs\\QECLean\\.lake\\build\\lib\\lean\\QEC\\Stabilizer\\Codes\\Toric\\DistanceX.olean -i C:\\lean\\libs\\QECLean\\.lake\\build\\lib\\lean\\QEC\\Stabilizer\\Codes\\Toric\\DistanceX.ilean -c C:\\lean\\libs\\QECLean\\.lake\\build\\ir\\QEC\\Stabilizer\\Codes\\Toric\\DistanceX.c --setup C:\\lean\\libs\\QECLean\\.lake\\build\\ir\\QEC\\Stabilizer\\Codes\\Toric\\DistanceX.setup.json --json",
   "level": "trace"}],
 "inputs":
 [["deps",
   [["QEC/QEC:extraDep", [["@QEC:extraDep", "00000000000006bb"]]],
    ["imports",
     [["Mathlib.Tactic transitive imports (legacy)", "bcbb206fda0bf4c5"],
      ["Mathlib.Tactic:importAllArts", "9e99e1f4b2cc9596"],
      ["QEC.Stabilizer.Codes.Toric.CodeN transitive imports (legacy)",
       "10a8391f0ca909e4"],
      ["QEC.Stabilizer.Codes.Toric.CodeN:importAllArts", "f163b86c5a2ef640"],
      ["QEC.Stabilizer.Codes.Toric.LogicalCorrespondenceX transitive imports (legacy)",
       "efa6aaf804cd8072"],
      ["QEC.Stabilizer.Codes.Toric.LogicalCorrespondenceX:importAllArts",
       "a95ef5f8c6d76811"],
      ["QEC.Stabilizer.Codes.Toric.WrappingInvariants transitive imports (legacy)",
       "d80dbb8a203a0495"],
      ["QEC.Stabilizer.Codes.Toric.WrappingInvariants:importAllArts",
       "f1692738972d83ac"],
      ["QEC.Stabilizer.Foundations.PauliGroup.NQubitElement transitive imports (legacy)",
       "9d12b4e37e814c96"],
      ["QEC.Stabilizer.Foundations.PauliGroup.NQubitElement:importAllArts",
       "d3c8466dd9ad7bdb"]]]]],
  ["libs",
   [["import dynlibs", "00000000000006bb"],
    ["package external libraries", "00000000000006bb"],
    ["module dynlibs", "00000000000006bb"],
    ["module plugins", "00000000000006bb"]]],
  ["Lean 4.34.0, commit 293d5d0c0c3f3dded4688b3ccd6a33939ac5102b",
   "a1c6c7aa3e9abfe7"],
  ["C:\\lean\\libs\\QECLean\\QEC\\Stabilizer\\Codes\\Toric\\DistanceX.lean",
   "d7560887b163f2e2"],
  ["options",
   [["-DmaxSynthPendingDepth=3", "c78e353d34de85d4"],
    ["-DrelaxedAutoImplicit=false", "74a2b5546b55be80"],
    ["-Dpp.unicode.fun=true", "9b94070140457fab"],
    ["-DautoImplicit=false", "4a85acb881fd49d0"]]],
  ["isModule: false", "feefd2a0d3a1847e"],
  ["Module.name: QEC.Stabilizer.Codes.Toric.DistanceX", "5da4893bfb57b130"],
  ["Package.id?: (some QEC)", "93dadbf2094f452e"],
  ["Module.leanArgs: #[]", "00000000000006bb"]],
 "depHash": "ee0d19bb696ef540"}