{"synthetic": false,
 "schemaVersion": "2025-09-10",
 "outputs":
 {"o": ["0109b0d0eb9b0c26.olean"],
  "m": false,
  "i": "0bf238892d65e7d8.ilean",
  "c": "ec58fc51374ff1fd.c"},
 "log":
 [{"message":
   ".> LEAN_PATH=C:\\lean\\mathlib4\\.lake\\packages\\Qq\\.lake\\build\\lib\\lean;C:\\lean\\mathlib4\\.lake\\packages\\aesop\\.lake\\build\\lib\\lean;C:\\lean\\mathlib4\\.lake\\packages\\proofwidgets\\.lake\\build\\lib\\lean;C:\\lean\\mathlib4\\.lake\\packages\\importGraph\\.lake\\build\\lib\\lean;C:\\lean\\mathlib4\\.lake\\packages\\LeanSearchClient\\.lake\\build\\lib\\lean;C:\\lean\\mathlib4\\.lake\\packages\\plausible\\.lake\\build\\lib\\lean;C:\\lean\\mathlib4\\.lake\\packages\\batteries\\.lake\\build\\lib\\lean;C:\\lean\\mathlib4\\.lake\\packages\\Cli\\.lake\\build\\lib\\lean;C:\\lean\\mathlib4\\.lake\\build\\lib\\lean;C:\\lean\\LeanArchitect\\.lake\\build\\lib\\lean;C:\\lean\\libs\\QECLean\\.lake\\build\\lib\\lean c:\\Users\\Administrator\\.elan\\toolchains\\leanprover--lean4---v4.34.0\\bin\\lean.exe C:\\lean\\libs\\QECLean\\QEC\\Stabilizer\\Codes\\Toric\\Distance.lean -o C:\\lean\\libs\\QECLean\\.lake\\build\\lib\\lean\\QEC\\Stabilizer\\Codes\\Toric\\Distance.olean -i C:\\lean\\libs\\QECLean\\.lake\\build\\lib\\lean\\QEC\\Stabilizer\\Codes\\Toric\\Distance.ilean -c C:\\lean\\libs\\QECLean\\.lake\\build\\ir\\QEC\\Stabilizer\\Codes\\Toric\\Distance.c --setup C:\\lean\\libs\\QECLean\\.lake\\build\\ir\\QEC\\Stabilizer\\Codes\\Toric\\Distance.setup.json --json",
   "level": "trace"}],
 "inputs":
 [["deps",
   [["QEC/QEC:extraDep", [["@QEC:extraDep", "00000000000006bb"]]],
    ["imports",
     [["Mathlib.Tactic transitive imports (legacy)", "bcbb206fda0bf4c5"],
      ["Mathlib.Tactic:importAllArts", "9e99e1f4b2cc9596"],
      ["QEC.Stabilizer.Codes.Toric.DistanceX transitive imports (legacy)",
       "d2ef4ec18ac9c6be"],
      ["QEC.Stabilizer.Codes.Toric.DistanceX:importAllArts",
       "d19aa7249a53a104"],
      ["QEC.Stabilizer.Codes.Toric.DistanceZ transitive imports (legacy)",
       "58e43654d7c17d01"],
      ["QEC.Stabilizer.Codes.Toric.DistanceZ:importAllArts",
       "1848d1861bdcc296"],
      ["QEC.Stabilizer.Codes.Toric.StabilizerCode transitive imports (legacy)",
       "a8961ccb72a7a5e3"],
      ["QEC.Stabilizer.Codes.Toric.StabilizerCode:importAllArts",
       "beae6580a05a18a7"],
      ["QEC.Stabilizer.Codes.Toric.LogicalCorrespondenceZ transitive imports (legacy)",
       "d72fb871e0912de6"],
      ["QEC.Stabilizer.Codes.Toric.LogicalCorrespondenceZ:importAllArts",
       "e70ea13dc4b5488e"],
      ["QEC.Stabilizer.Codes.Toric.ChainComplex transitive imports (legacy)",
       "354fa8a6f03362c9"],
      ["QEC.Stabilizer.Codes.Toric.ChainComplex:importAllArts",
       "7f17d19661dbf282"],
      ["QEC.Stabilizer.Framework.Homological.Distance transitive imports (legacy)",
       "32bf97f914ac89bc"],
      ["QEC.Stabilizer.Framework.Homological.Distance:importAllArts",
       "24babe59dea75446"],
      ["QEC.Stabilizer.Foundations.PauliGroup.NQubitElement transitive imports (legacy)",
       "9d12b4e37e814c96"],
      ["QEC.Stabilizer.Foundations.PauliGroup.NQubitElement:importAllArts",
       "d3c8466dd9ad7bdb"],
      ["QEC.Stabilizer.Framework.Core.Logical.CodeDistance transitive imports (legacy)",
       "b9112d72848a2147"],
      ["QEC.Stabilizer.Framework.Core.Logical.CodeDistance:importAllArts",
       "a6bb8e2168b1264d"]]]]],
  ["libs",
   [["import dynlibs", "00000000000006bb"],
    ["package external libraries", "00000000000006bb"],
    ["module dynlibs", "00000000000006bb"],
    ["module plugins", "00000000000006bb"]]],
  ["Lean 4.34.0, commit 293d5d0c0c3f3dded4688b3ccd6a33939ac5102b",
   "a1c6c7aa3e9abfe7"],
  ["C:\\lean\\libs\\QECLean\\QEC\\Stabilizer\\Codes\\Toric\\Distance.lean",
   "601697ef27644ec2"],
  ["options",
   [["-DmaxSynthPendingDepth=3", "c78e353d34de85d4"],
    ["-DrelaxedAutoImplicit=false", "74a2b5546b55be80"],
    ["-Dpp.unicode.fun=true", "9b94070140457fab"],
    ["-DautoImplicit=false", "4a85acb881fd49d0"]]],
  ["isModule: false", "feefd2a0d3a1847e"],
  ["Module.name: QEC.Stabilizer.Codes.Toric.Distance", "a22e5f7dbb4948d8"],
  ["Package.id?: (some QEC)", "93dadbf2094f452e"],
  ["Module.leanArgs: #[]", "00000000000006bb"]],
 "depHash": "6490676fcb720895"}