{"synthetic": false,
 "schemaVersion": "2025-09-10",
 "outputs":
 {"o": ["d6aae5bdb56241b3.olean"],
  "m": false,
  "i": "66785d3f34efaf8c.ilean",
  "c": "02de83b6b4dac8c7.c"},
 "log":
 [{"message":
   ".> LEAN_PATH=C:\\lean\\mathlib4\\.lake\\packages\\Qq\\.lake\\build\\lib\\lean;C:\\lean\\mathlib4\\.lake\\packages\\aesop\\.lake\\build\\lib\\lean;C:\\lean\\mathlib4\\.lake\\packages\\proofwidgets\\.lake\\build\\lib\\lean;C:\\lean\\mathlib4\\.lake\\packages\\importGraph\\.lake\\build\\lib\\lean;C:\\lean\\mathlib4\\.lake\\packages\\LeanSearchClient\\.lake\\build\\lib\\lean;C:\\lean\\mathlib4\\.lake\\packages\\plausible\\.lake\\build\\lib\\lean;C:\\lean\\mathlib4\\.lake\\packages\\batteries\\.lake\\build\\lib\\lean;C:\\lean\\mathlib4\\.lake\\packages\\Cli\\.lake\\build\\lib\\lean;C:\\lean\\mathlib4\\.lake\\build\\lib\\lean;C:\\lean\\LeanArchitect\\.lake\\build\\lib\\lean;C:\\lean\\libs\\QECLean\\.lake\\build\\lib\\lean c:\\Users\\Administrator\\.elan\\toolchains\\leanprover--lean4---v4.34.0\\bin\\lean.exe C:\\lean\\libs\\QECLean\\QEC\\Stabilizer\\Codes\\Toric\\DistanceZ.lean -o C:\\lean\\libs\\QECLean\\.lake\\build\\lib\\lean\\QEC\\Stabilizer\\Codes\\Toric\\DistanceZ.olean -i C:\\lean\\libs\\QECLean\\.lake\\build\\lib\\lean\\QEC\\Stabilizer\\Codes\\Toric\\DistanceZ.ilean -c C:\\lean\\libs\\QECLean\\.lake\\build\\ir\\QEC\\Stabilizer\\Codes\\Toric\\DistanceZ.c --setup C:\\lean\\libs\\QECLean\\.lake\\build\\ir\\QEC\\Stabilizer\\Codes\\Toric\\DistanceZ.setup.json --json",
   "level": "trace"}],
 "inputs":
 [["deps",
   [["QEC/QEC:extraDep", [["@QEC:extraDep", "00000000000006bb"]]],
    ["imports",
     [["Mathlib.Tactic transitive imports (legacy)", "bcbb206fda0bf4c5"],
      ["Mathlib.Tactic:importAllArts", "9e99e1f4b2cc9596"],
      ["QEC.Stabilizer.Codes.Toric.CodeN transitive imports (legacy)",
       "10a8391f0ca909e4"],
      ["QEC.Stabilizer.Codes.Toric.CodeN:importAllArts", "f163b86c5a2ef640"],
      ["QEC.Stabilizer.Codes.Toric.LogicalCorrespondenceZ transitive imports (legacy)",
       "d72fb871e0912de6"],
      ["QEC.Stabilizer.Codes.Toric.LogicalCorrespondenceZ:importAllArts",
       "e70ea13dc4b5488e"],
      ["QEC.Stabilizer.Codes.Toric.DualWrappingInvariants transitive imports (legacy)",
       "a6e220cfc5590732"],
      ["QEC.Stabilizer.Codes.Toric.DualWrappingInvariants:importAllArts",
       "60d7d5ccde2d21a8"],
      ["QEC.Stabilizer.Foundations.PauliGroup.NQubitElement transitive imports (legacy)",
       "9d12b4e37e814c96"],
      ["QEC.Stabilizer.Foundations.PauliGroup.NQubitElement:importAllArts",
       "d3c8466dd9ad7bdb"]]]]],
  ["libs",
   [["import dynlibs", "00000000000006bb"],
    ["package external libraries", "00000000000006bb"],
    ["module dynlibs", "00000000000006bb"],
    ["module plugins", "00000000000006bb"]]],
  ["Lean 4.34.0, commit 293d5d0c0c3f3dded4688b3ccd6a33939ac5102b",
   "a1c6c7aa3e9abfe7"],
  ["C:\\lean\\libs\\QECLean\\QEC\\Stabilizer\\Codes\\Toric\\DistanceZ.lean",
   "8bed430a98c3b23b"],
  ["options",
   [["-DmaxSynthPendingDepth=3", "c78e353d34de85d4"],
    ["-DrelaxedAutoImplicit=false", "74a2b5546b55be80"],
    ["-Dpp.unicode.fun=true", "9b94070140457fab"],
    ["-DautoImplicit=false", "4a85acb881fd49d0"]]],
  ["isModule: false", "feefd2a0d3a1847e"],
  ["Module.name: QEC.Stabilizer.Codes.Toric.DistanceZ", "d91d260bb2a35c3c"],
  ["Package.id?: (some QEC)", "93dadbf2094f452e"],
  ["Module.leanArgs: #[]", "00000000000006bb"]],
 "depHash": "44de3266fa2c2370"}