{"synthetic": false,
 "schemaVersion": "2025-09-10",
 "outputs":
 {"o": ["24f125aba523c4ee.olean"],
  "m": false,
  "i": "3331a586795d615f.ilean",
  "c": "bfcb2c4445096042.c"},
 "log":
 [{"message":
   ".> LEAN_PATH=C:\\lean\\mathlib4\\.lake\\packages\\Qq\\.lake\\build\\lib\\lean;C:\\lean\\mathlib4\\.lake\\packages\\aesop\\.lake\\build\\lib\\lean;C:\\lean\\mathlib4\\.lake\\packages\\proofwidgets\\.lake\\build\\lib\\lean;C:\\lean\\mathlib4\\.lake\\packages\\importGraph\\.lake\\build\\lib\\lean;C:\\lean\\mathlib4\\.lake\\packages\\LeanSearchClient\\.lake\\build\\lib\\lean;C:\\lean\\mathlib4\\.lake\\packages\\plausible\\.lake\\build\\lib\\lean;C:\\lean\\mathlib4\\.lake\\packages\\batteries\\.lake\\build\\lib\\lean;C:\\lean\\mathlib4\\.lake\\packages\\Cli\\.lake\\build\\lib\\lean;C:\\lean\\mathlib4\\.lake\\build\\lib\\lean;C:\\lean\\LeanArchitect\\.lake\\build\\lib\\lean;C:\\lean\\libs\\QECLean\\.lake\\build\\lib\\lean c:\\Users\\Administrator\\.elan\\toolchains\\leanprover--lean4---v4.34.0-rc1\\bin\\lean.exe C:\\lean\\libs\\QECLean\\QEC\\Stabilizer\\Codes\\Toric\\DualWrappingInvariants.lean -o C:\\lean\\libs\\QECLean\\.lake\\build\\lib\\lean\\QEC\\Stabilizer\\Codes\\Toric\\DualWrappingInvariants.olean -i C:\\lean\\libs\\QECLean\\.lake\\build\\lib\\lean\\QEC\\Stabilizer\\Codes\\Toric\\DualWrappingInvariants.ilean -c C:\\lean\\libs\\QECLean\\.lake\\build\\ir\\QEC\\Stabilizer\\Codes\\Toric\\DualWrappingInvariants.c --setup C:\\lean\\libs\\QECLean\\.lake\\build\\ir\\QEC\\Stabilizer\\Codes\\Toric\\DualWrappingInvariants.setup.json --json",
   "level": "trace"},
  {"message":
   "QEC/Stabilizer/Codes/Toric/DualWrappingInvariants.lean:157:6: Try this:\n  [apply] ring_nf\n  \n  The `ring` tactic failed to close the goal. Use `ring_nf` to obtain a normal form.\n    \n  Note that `ring` works primarily in *commutative* rings. If you have a noncommutative ring, abelian group or module, consider using `noncomm_ring`, `abel` or `module` instead.",
   "level": "info"},
  {"message":
   "QEC/Stabilizer/Codes/Toric/DualWrappingInvariants.lean:354:4: Try this:\n  [apply] exact Eq.symm (toric_finrank_ker_cutMap_eq_one L)",
   "level": "info"},
  {"message":
   "QEC/Stabilizer/Codes/Toric/DualWrappingInvariants.lean:412:20: Try this:\n  [apply] exact toricDualBoundaries_le_toricDualCycles L",
   "level": "info"}],
 "inputs":
 [["deps",
   [["QEC/QEC:extraDep", [["@QEC:extraDep", "00000000000006bb"]]],
    ["imports",
     [["QEC.Stabilizer.Codes.Toric.LogicalCorrespondenceZ transitive imports (legacy)",
       "24808e1c7bdb6cbb"],
      ["QEC.Stabilizer.Codes.Toric.LogicalCorrespondenceZ:importAllArts",
       "7ac6b0cdf51aec0e"],
      ["QEC.Stabilizer.Codes.Toric.WrappingInvariants transitive imports (legacy)",
       "209f99b2488b7751"],
      ["QEC.Stabilizer.Codes.Toric.WrappingInvariants:importAllArts",
       "0ef0f86607060eda"],
      ["Mathlib.LinearAlgebra.Matrix.Rank transitive imports (legacy)",
       "fa51d9b3b65430fc"],
      ["Mathlib.LinearAlgebra.Matrix.Rank:importAllArts",
       "a211836801461252"]]]]],
  ["libs",
   [["import dynlibs", "00000000000006bb"],
    ["package external libraries", "00000000000006bb"],
    ["module dynlibs", "00000000000006bb"],
    ["module plugins", "00000000000006bb"]]],
  ["Lean 4.34.0, commit 3447a668783dbce1a8fdb97101dd067687b2b418",
   "421484e3e0c70198"],
  ["C:\\lean\\libs\\QECLean\\QEC\\Stabilizer\\Codes\\Toric\\DualWrappingInvariants.lean",
   "4d772c8534e57607"],
  ["options",
   [["-DmaxSynthPendingDepth=3", "c78e353d34de85d4"],
    ["-DrelaxedAutoImplicit=false", "74a2b5546b55be80"],
    ["-Dpp.unicode.fun=true", "9b94070140457fab"],
    ["-DautoImplicit=false", "4a85acb881fd49d0"]]],
  ["isModule: false", "feefd2a0d3a1847e"],
  ["Module.name: QEC.Stabilizer.Codes.Toric.DualWrappingInvariants",
   "24d6def219e4dad4"],
  ["Package.id?: (some QEC)", "93dadbf2094f452e"],
  ["Module.leanArgs: #[]", "00000000000006bb"]],
 "depHash": "57b097732e966200"}