{"synthetic": false,
 "schemaVersion": "2025-09-10",
 "outputs":
 {"o": ["d0819b700a890339.olean"],
  "m": false,
  "i": "3182aa0e009f3f88.ilean",
  "c": "39eb7680a541c2de.c"},
 "log":
 [{"message":
   ".> LEAN_PATH=C:\\lean\\mathlib4\\.lake\\packages\\Qq\\.lake\\build\\lib\\lean;C:\\lean\\mathlib4\\.lake\\packages\\aesop\\.lake\\build\\lib\\lean;C:\\lean\\mathlib4\\.lake\\packages\\proofwidgets\\.lake\\build\\lib\\lean;C:\\lean\\mathlib4\\.lake\\packages\\importGraph\\.lake\\build\\lib\\lean;C:\\lean\\mathlib4\\.lake\\packages\\LeanSearchClient\\.lake\\build\\lib\\lean;C:\\lean\\mathlib4\\.lake\\packages\\plausible\\.lake\\build\\lib\\lean;C:\\lean\\mathlib4\\.lake\\packages\\batteries\\.lake\\build\\lib\\lean;C:\\lean\\mathlib4\\.lake\\packages\\Cli\\.lake\\build\\lib\\lean;C:\\lean\\mathlib4\\.lake\\build\\lib\\lean;C:\\lean\\LeanArchitect\\.lake\\build\\lib\\lean;C:\\lean\\libs\\QECLean\\.lake\\build\\lib\\lean c:\\Users\\Administrator\\.elan\\toolchains\\leanprover--lean4---v4.34.0\\bin\\lean.exe C:\\lean\\libs\\QECLean\\QEC\\Stabilizer\\Codes\\Toric\\LogicalCorrespondenceZ.lean -o C:\\lean\\libs\\QECLean\\.lake\\build\\lib\\lean\\QEC\\Stabilizer\\Codes\\Toric\\LogicalCorrespondenceZ.olean -i C:\\lean\\libs\\QECLean\\.lake\\build\\lib\\lean\\QEC\\Stabilizer\\Codes\\Toric\\LogicalCorrespondenceZ.ilean -c C:\\lean\\libs\\QECLean\\.lake\\build\\ir\\QEC\\Stabilizer\\Codes\\Toric\\LogicalCorrespondenceZ.c --setup C:\\lean\\libs\\QECLean\\.lake\\build\\ir\\QEC\\Stabilizer\\Codes\\Toric\\LogicalCorrespondenceZ.setup.json --json",
   "level": "trace"}],
 "inputs":
 [["deps",
   [["QEC/QEC:extraDep", [["@QEC:extraDep", "00000000000006bb"]]],
    ["imports",
     [["Mathlib.Tactic transitive imports (legacy)", "bcbb206fda0bf4c5"],
      ["Mathlib.Tactic:importAllArts", "9e99e1f4b2cc9596"],
      ["QEC.Stabilizer.Codes.Toric.ChainOps transitive imports (legacy)",
       "86482137472a9cb1"],
      ["QEC.Stabilizer.Codes.Toric.ChainOps:importAllArts", "2e0b34317047c83d"],
      ["QEC.Stabilizer.Codes.Toric.H1Dimension transitive imports (legacy)",
       "9f20b739679fa81f"],
      ["QEC.Stabilizer.Codes.Toric.H1Dimension:importAllArts",
       "ba25b1e9475ce32c"],
      ["QEC.Stabilizer.Codes.Toric.ChainComplex transitive imports (legacy)",
       "354fa8a6f03362c9"],
      ["QEC.Stabilizer.Codes.Toric.ChainComplex:importAllArts",
       "7f17d19661dbf282"],
      ["QEC.Stabilizer.Framework.Homological.LogicalCorrespondence transitive imports (legacy)",
       "92310d074dd3ca50"],
      ["QEC.Stabilizer.Framework.Homological.LogicalCorrespondence:importAllArts",
       "51eb4212a82abdc1"],
      ["QEC.Stabilizer.Framework.Core.Logical.LogicalOperators transitive imports (legacy)",
       "7b00b0035bac9878"],
      ["QEC.Stabilizer.Framework.Core.Logical.LogicalOperators:importAllArts",
       "03c4593d484fe6a4"]]]]],
  ["libs",
   [["import dynlibs", "00000000000006bb"],
    ["package external libraries", "00000000000006bb"],
    ["module dynlibs", "00000000000006bb"],
    ["module plugins", "00000000000006bb"]]],
  ["Lean 4.34.0, commit 293d5d0c0c3f3dded4688b3ccd6a33939ac5102b",
   "a1c6c7aa3e9abfe7"],
  ["C:\\lean\\libs\\QECLean\\QEC\\Stabilizer\\Codes\\Toric\\LogicalCorrespondenceZ.lean",
   "677c09d9a6ad4e49"],
  ["options",
   [["-DmaxSynthPendingDepth=3", "c78e353d34de85d4"],
    ["-DrelaxedAutoImplicit=false", "74a2b5546b55be80"],
    ["-Dpp.unicode.fun=true", "9b94070140457fab"],
    ["-DautoImplicit=false", "4a85acb881fd49d0"]]],
  ["isModule: false", "feefd2a0d3a1847e"],
  ["Module.name: QEC.Stabilizer.Codes.Toric.LogicalCorrespondenceZ",
   "23c5b758afa2017d"],
  ["Package.id?: (some QEC)", "93dadbf2094f452e"],
  ["Module.leanArgs: #[]", "00000000000006bb"]],
 "depHash": "eaef3ad1b66a71c9"}