{"synthetic": false,
 "schemaVersion": "2025-09-10",
 "outputs":
 {"o": ["900b0db8a866e900.olean"],
  "m": false,
  "i": "9a9ff4ea8cbee429.ilean",
  "c": "b1a8356a8f4e1d42.c"},
 "log":
 [{"message":
   ".> LEAN_PATH=C:\\lean\\mathlib4\\.lake\\packages\\Qq\\.lake\\build\\lib\\lean;C:\\lean\\mathlib4\\.lake\\packages\\aesop\\.lake\\build\\lib\\lean;C:\\lean\\mathlib4\\.lake\\packages\\proofwidgets\\.lake\\build\\lib\\lean;C:\\lean\\mathlib4\\.lake\\packages\\importGraph\\.lake\\build\\lib\\lean;C:\\lean\\mathlib4\\.lake\\packages\\LeanSearchClient\\.lake\\build\\lib\\lean;C:\\lean\\mathlib4\\.lake\\packages\\plausible\\.lake\\build\\lib\\lean;C:\\lean\\mathlib4\\.lake\\packages\\batteries\\.lake\\build\\lib\\lean;C:\\lean\\mathlib4\\.lake\\packages\\Cli\\.lake\\build\\lib\\lean;C:\\lean\\mathlib4\\.lake\\build\\lib\\lean;C:\\lean\\LeanArchitect\\.lake\\build\\lib\\lean;C:\\lean\\libs\\QECLean\\.lake\\build\\lib\\lean c:\\Users\\Administrator\\.elan\\toolchains\\leanprover--lean4---v4.34.0-rc1\\bin\\lean.exe C:\\lean\\libs\\QECLean\\QEC\\Stabilizer\\Codes\\Toric\\LogicalCorrespondenceX.lean -o C:\\lean\\libs\\QECLean\\.lake\\build\\lib\\lean\\QEC\\Stabilizer\\Codes\\Toric\\LogicalCorrespondenceX.olean -i C:\\lean\\libs\\QECLean\\.lake\\build\\lib\\lean\\QEC\\Stabilizer\\Codes\\Toric\\LogicalCorrespondenceX.ilean -c C:\\lean\\libs\\QECLean\\.lake\\build\\ir\\QEC\\Stabilizer\\Codes\\Toric\\LogicalCorrespondenceX.c --setup C:\\lean\\libs\\QECLean\\.lake\\build\\ir\\QEC\\Stabilizer\\Codes\\Toric\\LogicalCorrespondenceX.setup.json --json",
   "level": "trace"},
  {"message":
   "QEC/Stabilizer/Codes/Toric/LogicalCorrespondenceX.lean:417:6: Try this:\n  [apply] exact (xCommutesWithZChecks_iff_boundary1_pointwise_zero L c).mpr (congrFun hc)",
   "level": "info"}],
 "inputs":
 [["deps",
   [["QEC/QEC:extraDep", [["@QEC:extraDep", "00000000000006bb"]]],
    ["imports",
     [["Mathlib.Tactic transitive imports (legacy)", "e57708850fe46f6d"],
      ["Mathlib.Tactic:importAllArts", "039a1b05b7e8164c"],
      ["QEC.Stabilizer.Codes.Toric.ChainOps transitive imports (legacy)",
       "f3f68eff980ab40d"],
      ["QEC.Stabilizer.Codes.Toric.ChainOps:importAllArts", "5ecbc92cb91204f3"],
      ["QEC.Stabilizer.Codes.Toric.Homology transitive imports (legacy)",
       "b65f906b4a56cf8a"],
      ["QEC.Stabilizer.Codes.Toric.Homology:importAllArts", "85ca0332f4e68191"],
      ["QEC.Stabilizer.Codes.Toric.ChainComplex transitive imports (legacy)",
       "a36bca13b98fb4be"],
      ["QEC.Stabilizer.Codes.Toric.ChainComplex:importAllArts",
       "1541db37fcefc14e"],
      ["QEC.Stabilizer.Framework.Homological.LogicalCorrespondence transitive imports (legacy)",
       "3dbda002b7f200e9"],
      ["QEC.Stabilizer.Framework.Homological.LogicalCorrespondence:importAllArts",
       "d03d768cc39fe12a"],
      ["QEC.Stabilizer.Framework.Core.Logical.LogicalOperators transitive imports (legacy)",
       "9aad0ee959a1aebd"],
      ["QEC.Stabilizer.Framework.Core.Logical.LogicalOperators:importAllArts",
       "5fa6d35994d2e9e0"]]]]],
  ["libs",
   [["import dynlibs", "00000000000006bb"],
    ["package external libraries", "00000000000006bb"],
    ["module dynlibs", "00000000000006bb"],
    ["module plugins", "00000000000006bb"]]],
  ["Lean 4.34.0, commit 3447a668783dbce1a8fdb97101dd067687b2b418",
   "421484e3e0c70198"],
  ["C:\\lean\\libs\\QECLean\\QEC\\Stabilizer\\Codes\\Toric\\LogicalCorrespondenceX.lean",
   "0f2cec641e6f7e4f"],
  ["options",
   [["-DmaxSynthPendingDepth=3", "c78e353d34de85d4"],
    ["-DrelaxedAutoImplicit=false", "74a2b5546b55be80"],
    ["-Dpp.unicode.fun=true", "9b94070140457fab"],
    ["-DautoImplicit=false", "4a85acb881fd49d0"]]],
  ["isModule: false", "feefd2a0d3a1847e"],
  ["Module.name: QEC.Stabilizer.Codes.Toric.LogicalCorrespondenceX",
   "2d17cc46a39a5f13"],
  ["Package.id?: (some QEC)", "93dadbf2094f452e"],
  ["Module.leanArgs: #[]", "00000000000006bb"]],
 "depHash": "869fbfd27e7f5ce5"}