{"synthetic": false,
 "schemaVersion": "2025-09-10",
 "outputs":
 {"o": ["46a058b4d1bbc296.olean"],
  "m": false,
  "i": "7444d718ca3cfc9d.ilean",
  "c": "739f577ec2f3c404.c"},
 "log":
 [{"message":
   ".> LEAN_PATH=C:\\lean\\mathlib4\\.lake\\packages\\Qq\\.lake\\build\\lib\\lean;C:\\lean\\mathlib4\\.lake\\packages\\aesop\\.lake\\build\\lib\\lean;C:\\lean\\mathlib4\\.lake\\packages\\proofwidgets\\.lake\\build\\lib\\lean;C:\\lean\\mathlib4\\.lake\\packages\\importGraph\\.lake\\build\\lib\\lean;C:\\lean\\mathlib4\\.lake\\packages\\LeanSearchClient\\.lake\\build\\lib\\lean;C:\\lean\\mathlib4\\.lake\\packages\\plausible\\.lake\\build\\lib\\lean;C:\\lean\\mathlib4\\.lake\\packages\\batteries\\.lake\\build\\lib\\lean;C:\\lean\\mathlib4\\.lake\\packages\\Cli\\.lake\\build\\lib\\lean;C:\\lean\\mathlib4\\.lake\\build\\lib\\lean;C:\\lean\\LeanArchitect\\.lake\\build\\lib\\lean;C:\\lean\\libs\\QECLean\\.lake\\build\\lib\\lean c:\\Users\\Administrator\\.elan\\toolchains\\leanprover--lean4---v4.34.0\\bin\\lean.exe C:\\lean\\libs\\QECLean\\QEC\\Stabilizer\\Codes\\Toric\\StabilizerCode.lean -o C:\\lean\\libs\\QECLean\\.lake\\build\\lib\\lean\\QEC\\Stabilizer\\Codes\\Toric\\StabilizerCode.olean -i C:\\lean\\libs\\QECLean\\.lake\\build\\lib\\lean\\QEC\\Stabilizer\\Codes\\Toric\\StabilizerCode.ilean -c C:\\lean\\libs\\QECLean\\.lake\\build\\ir\\QEC\\Stabilizer\\Codes\\Toric\\StabilizerCode.c --setup C:\\lean\\libs\\QECLean\\.lake\\build\\ir\\QEC\\Stabilizer\\Codes\\Toric\\StabilizerCode.setup.json --json",
   "level": "trace"}],
 "inputs":
 [["deps",
   [["QEC/QEC:extraDep", [["@QEC:extraDep", "00000000000006bb"]]],
    ["imports",
     [["QEC.Stabilizer.Codes.Toric.CodeN transitive imports (legacy)",
       "10a8391f0ca909e4"],
      ["QEC.Stabilizer.Codes.Toric.CodeN:importAllArts", "f163b86c5a2ef640"],
      ["QEC.Stabilizer.Codes.Toric.DistanceX transitive imports (legacy)",
       "d2ef4ec18ac9c6be"],
      ["QEC.Stabilizer.Codes.Toric.DistanceX:importAllArts",
       "d19aa7249a53a104"],
      ["QEC.Stabilizer.Codes.Toric.DistanceZ transitive imports (legacy)",
       "58e43654d7c17d01"],
      ["QEC.Stabilizer.Codes.Toric.DistanceZ:importAllArts",
       "1848d1861bdcc296"],
      ["QEC.Stabilizer.Framework.Core.Stabilizer.StabilizerCode transitive imports (legacy)",
       "f5dfdd15f61e8564"],
      ["QEC.Stabilizer.Framework.Core.Stabilizer.StabilizerCode:importAllArts",
       "5f86320a593222fb"],
      ["QEC.Stabilizer.Framework.Core.Logical.LogicalOperators transitive imports (legacy)",
       "7b00b0035bac9878"],
      ["QEC.Stabilizer.Framework.Core.Logical.LogicalOperators:importAllArts",
       "03c4593d484fe6a4"],
      ["QEC.Stabilizer.Codes.Toric.H1Dimension transitive imports (legacy)",
       "9f20b739679fa81f"],
      ["QEC.Stabilizer.Codes.Toric.H1Dimension:importAllArts",
       "ba25b1e9475ce32c"],
      ["QEC.Stabilizer.Codes.Toric.LogicalCorrespondenceX transitive imports (legacy)",
       "efa6aaf804cd8072"],
      ["QEC.Stabilizer.Codes.Toric.LogicalCorrespondenceX:importAllArts",
       "a95ef5f8c6d76811"],
      ["QEC.Stabilizer.Codes.Toric.LogicalCorrespondenceZ transitive imports (legacy)",
       "d72fb871e0912de6"],
      ["QEC.Stabilizer.Codes.Toric.LogicalCorrespondenceZ:importAllArts",
       "e70ea13dc4b5488e"],
      ["QEC.Stabilizer.Codes.Toric.ChainComplex transitive imports (legacy)",
       "354fa8a6f03362c9"],
      ["QEC.Stabilizer.Codes.Toric.ChainComplex:importAllArts",
       "7f17d19661dbf282"],
      ["QEC.Stabilizer.Framework.Homological.StabGroup transitive imports (legacy)",
       "f41beed9ded35dfa"],
      ["QEC.Stabilizer.Framework.Homological.StabGroup:importAllArts",
       "5bbefa2abdd2c9ea"]]]]],
  ["libs",
   [["import dynlibs", "00000000000006bb"],
    ["package external libraries", "00000000000006bb"],
    ["module dynlibs", "00000000000006bb"],
    ["module plugins", "00000000000006bb"]]],
  ["Lean 4.34.0, commit 293d5d0c0c3f3dded4688b3ccd6a33939ac5102b",
   "a1c6c7aa3e9abfe7"],
  ["C:\\lean\\libs\\QECLean\\QEC\\Stabilizer\\Codes\\Toric\\StabilizerCode.lean",
   "3fcd3374a044df73"],
  ["options",
   [["-DmaxSynthPendingDepth=3", "c78e353d34de85d4"],
    ["-DrelaxedAutoImplicit=false", "74a2b5546b55be80"],
    ["-Dpp.unicode.fun=true", "9b94070140457fab"],
    ["-DautoImplicit=false", "4a85acb881fd49d0"]]],
  ["isModule: false", "feefd2a0d3a1847e"],
  ["Module.name: QEC.Stabilizer.Codes.Toric.StabilizerCode",
   "a86017787e0d11d0"],
  ["Package.id?: (some QEC)", "93dadbf2094f452e"],
  ["Module.leanArgs: #[]", "00000000000006bb"]],
 "depHash": "938cb689cd90e1a2"}