{"synthetic": false,
 "schemaVersion": "2025-09-10",
 "outputs":
 {"o": ["7b7bee55df149a08.olean"],
  "m": false,
  "i": "7570ff7eb7ca9959.ilean",
  "c": "65664b80299a6710.c"},
 "log":
 [{"message":
   ".> LEAN_PATH=C:\\lean\\mathlib4\\.lake\\packages\\Qq\\.lake\\build\\lib\\lean;C:\\lean\\mathlib4\\.lake\\packages\\aesop\\.lake\\build\\lib\\lean;C:\\lean\\mathlib4\\.lake\\packages\\proofwidgets\\.lake\\build\\lib\\lean;C:\\lean\\mathlib4\\.lake\\packages\\importGraph\\.lake\\build\\lib\\lean;C:\\lean\\mathlib4\\.lake\\packages\\LeanSearchClient\\.lake\\build\\lib\\lean;C:\\lean\\mathlib4\\.lake\\packages\\plausible\\.lake\\build\\lib\\lean;C:\\lean\\mathlib4\\.lake\\packages\\batteries\\.lake\\build\\lib\\lean;C:\\lean\\mathlib4\\.lake\\packages\\Cli\\.lake\\build\\lib\\lean;C:\\lean\\mathlib4\\.lake\\build\\lib\\lean;C:\\lean\\LeanArchitect\\.lake\\build\\lib\\lean;C:\\lean\\libs\\QECLean\\.lake\\build\\lib\\lean c:\\Users\\Administrator\\.elan\\toolchains\\leanprover--lean4---v4.34.0\\bin\\lean.exe C:\\lean\\libs\\QECLean\\QEC\\Stabilizer\\Framework\\Core\\Stabilizer\\StabilizerCode.lean -o C:\\lean\\libs\\QECLean\\.lake\\build\\lib\\lean\\QEC\\Stabilizer\\Framework\\Core\\Stabilizer\\StabilizerCode.olean -i C:\\lean\\libs\\QECLean\\.lake\\build\\lib\\lean\\QEC\\Stabilizer\\Framework\\Core\\Stabilizer\\StabilizerCode.ilean -c C:\\lean\\libs\\QECLean\\.lake\\build\\ir\\QEC\\Stabilizer\\Framework\\Core\\Stabilizer\\StabilizerCode.c --setup C:\\lean\\libs\\QECLean\\.lake\\build\\ir\\QEC\\Stabilizer\\Framework\\Core\\Stabilizer\\StabilizerCode.setup.json --json",
   "level": "trace"}],
 "inputs":
 [["deps",
   [["QEC/QEC:extraDep", [["@QEC:extraDep", "00000000000006bb"]]],
    ["imports",
     [["QEC.Stabilizer.Framework.Core.Stabilizer.StabilizerGroup transitive imports (legacy)",
       "0fd097d593fb638d"],
      ["QEC.Stabilizer.Framework.Core.Stabilizer.StabilizerGroup:importAllArts",
       "b8750621ba9bb11b"],
      ["QEC.Stabilizer.Framework.Core.Stabilizer.Centralizer transitive imports (legacy)",
       "a321c7f028583c79"],
      ["QEC.Stabilizer.Framework.Core.Stabilizer.Centralizer:importAllArts",
       "b388e679cb708951"],
      ["QEC.Stabilizer.Framework.Core.Logical.LogicalOperators transitive imports (legacy)",
       "7b00b0035bac9878"],
      ["QEC.Stabilizer.Framework.Core.Logical.LogicalOperators:importAllArts",
       "03c4593d484fe6a4"],
      ["QEC.Stabilizer.Framework.Core.Stabilizer.SubgroupLemmas transitive imports (legacy)",
       "04bd9c44790a3df3"],
      ["QEC.Stabilizer.Framework.Core.Stabilizer.SubgroupLemmas:importAllArts",
       "257c20a857f12e7d"],
      ["QEC.Stabilizer.Foundations.PauliGroup.Commutation transitive imports (legacy)",
       "92f348202e1f5aa7"],
      ["QEC.Stabilizer.Foundations.PauliGroup.Commutation:importAllArts",
       "c48d30ed3b4c8741"],
      ["QEC.Stabilizer.Foundations.BinarySymplectic.CheckMatrix transitive imports (legacy)",
       "4fbd08f79527508a"],
      ["QEC.Stabilizer.Foundations.BinarySymplectic.CheckMatrix:importAllArts",
       "7c8df879c250063c"],
      ["QEC.Stabilizer.Framework.Symplectic.IndependentEquiv transitive imports (legacy)",
       "2938075b34fdabce"],
      ["QEC.Stabilizer.Framework.Symplectic.IndependentEquiv:importAllArts",
       "e5c1503bb0d1249e"]]]]],
  ["libs",
   [["import dynlibs", "00000000000006bb"],
    ["package external libraries", "00000000000006bb"],
    ["module dynlibs", "00000000000006bb"],
    ["module plugins", "00000000000006bb"]]],
  ["Lean 4.34.0, commit 293d5d0c0c3f3dded4688b3ccd6a33939ac5102b",
   "a1c6c7aa3e9abfe7"],
  ["C:\\lean\\libs\\QECLean\\QEC\\Stabilizer\\Framework\\Core\\Stabilizer\\StabilizerCode.lean",
   "cc0fbb59a17eb0a4"],
  ["options",
   [["-DmaxSynthPendingDepth=3", "c78e353d34de85d4"],
    ["-DrelaxedAutoImplicit=false", "74a2b5546b55be80"],
    ["-Dpp.unicode.fun=true", "9b94070140457fab"],
    ["-DautoImplicit=false", "4a85acb881fd49d0"]]],
  ["isModule: false", "feefd2a0d3a1847e"],
  ["Module.name: QEC.Stabilizer.Framework.Core.Stabilizer.StabilizerCode",
   "a89a965acd76b9f4"],
  ["Package.id?: (some QEC)", "93dadbf2094f452e"],
  ["Module.leanArgs: #[]", "00000000000006bb"]],
 "depHash": "2ae975a651104a34"}