{"synthetic": false,
 "schemaVersion": "2025-09-10",
 "outputs":
 {"o": ["5e8ffc595f86052c.olean"],
  "m": false,
  "i": "7116b63d4c1c8a6e.ilean",
  "c": "3e4c4795128592d7.c"},
 "log":
 [{"message":
   ".> LEAN_PATH=C:\\lean\\mathlib4\\.lake\\packages\\Qq\\.lake\\build\\lib\\lean;C:\\lean\\mathlib4\\.lake\\packages\\aesop\\.lake\\build\\lib\\lean;C:\\lean\\mathlib4\\.lake\\packages\\proofwidgets\\.lake\\build\\lib\\lean;C:\\lean\\mathlib4\\.lake\\packages\\importGraph\\.lake\\build\\lib\\lean;C:\\lean\\mathlib4\\.lake\\packages\\LeanSearchClient\\.lake\\build\\lib\\lean;C:\\lean\\mathlib4\\.lake\\packages\\plausible\\.lake\\build\\lib\\lean;C:\\lean\\mathlib4\\.lake\\packages\\batteries\\.lake\\build\\lib\\lean;C:\\lean\\mathlib4\\.lake\\packages\\Cli\\.lake\\build\\lib\\lean;C:\\lean\\mathlib4\\.lake\\build\\lib\\lean;C:\\lean\\LeanArchitect\\.lake\\build\\lib\\lean;C:\\lean\\libs\\QECLean\\.lake\\build\\lib\\lean c:\\Users\\Administrator\\.elan\\toolchains\\leanprover--lean4---v4.34.0-rc1\\bin\\lean.exe C:\\lean\\libs\\QECLean\\QEC\\Stabilizer\\Codes\\Repetition\\Three.lean -o C:\\lean\\libs\\QECLean\\.lake\\build\\lib\\lean\\QEC\\Stabilizer\\Codes\\Repetition\\Three.olean -i C:\\lean\\libs\\QECLean\\.lake\\build\\lib\\lean\\QEC\\Stabilizer\\Codes\\Repetition\\Three.ilean -c C:\\lean\\libs\\QECLean\\.lake\\build\\ir\\QEC\\Stabilizer\\Codes\\Repetition\\Three.c --setup C:\\lean\\libs\\QECLean\\.lake\\build\\ir\\QEC\\Stabilizer\\Codes\\Repetition\\Three.setup.json --json",
   "level": "trace"}],
 "inputs":
 [["deps",
   [["QEC/QEC:extraDep", [["@QEC:extraDep", "00000000000006bb"]]],
    ["imports",
     [["QEC.Stabilizer.Foundations.BinarySymplectic.Core transitive imports (legacy)",
       "4fb21af99baa7d7e"],
      ["QEC.Stabilizer.Foundations.BinarySymplectic.Core:importAllArts",
       "16984f4de32486d1"],
      ["QEC.Stabilizer.Foundations.BinarySymplectic.CheckMatrix transitive imports (legacy)",
       "857ce328ddc616e7"],
      ["QEC.Stabilizer.Foundations.BinarySymplectic.CheckMatrix:importAllArts",
       "d613f49ac768051f"],
      ["QEC.Stabilizer.Foundations.BinarySymplectic.CheckMatrixDecidable transitive imports (legacy)",
       "15f0b98315646b27"],
      ["QEC.Stabilizer.Foundations.BinarySymplectic.CheckMatrixDecidable:importAllArts",
       "eb59384832a3678c"],
      ["QEC.Stabilizer.Framework.Symplectic.IndependentEquiv transitive imports (legacy)",
       "02486b4167e515cd"],
      ["QEC.Stabilizer.Framework.Symplectic.IndependentEquiv:importAllArts",
       "dc25338dafee1354"],
      ["QEC.Stabilizer.Framework.Symplectic.SymplecticSpan transitive imports (legacy)",
       "e104f6f3a7e7544c"],
      ["QEC.Stabilizer.Framework.Symplectic.SymplecticSpan:importAllArts",
       "007cb3cf50831596"],
      ["QEC.Stabilizer.Framework.Core.Stabilizer.StabilizerCode transitive imports (legacy)",
       "e643edb72bf6a291"],
      ["QEC.Stabilizer.Framework.Core.Stabilizer.StabilizerCode:importAllArts",
       "971b06baec2e8fee"],
      ["QEC.Stabilizer.Framework.Core.Logical.CodeDistance transitive imports (legacy)",
       "a0c729a6c284c455"],
      ["QEC.Stabilizer.Framework.Core.Logical.CodeDistance:importAllArts",
       "6750f1071b1def4b"],
      ["QEC.Stabilizer.Foundations.PauliGroup.Commutation transitive imports (legacy)",
       "cbc25f7a50384115"],
      ["QEC.Stabilizer.Foundations.PauliGroup.Commutation:importAllArts",
       "fb4e64d665a46454"],
      ["QEC.Stabilizer.Foundations.PauliGroup.CommutationTactics transitive imports (legacy)",
       "392a20d92dd25c22"],
      ["QEC.Stabilizer.Foundations.PauliGroup.CommutationTactics:importAllArts",
       "660eff254b345bb0"],
      ["QEC.Stabilizer.Framework.Core.Stabilizer.StabilizerGroup transitive imports (legacy)",
       "1377acfec8c73e10"],
      ["QEC.Stabilizer.Framework.Core.Stabilizer.StabilizerGroup:importAllArts",
       "62e31a0229b7c165"],
      ["QEC.Stabilizer.Framework.Core.Stabilizer.SubgroupLemmas transitive imports (legacy)",
       "f5e3906dbe4383f3"],
      ["QEC.Stabilizer.Framework.Core.Stabilizer.SubgroupLemmas:importAllArts",
       "a0b11a9667f39d93"],
      ["QEC.Stabilizer.Framework.Core.CSS.CSSNoNegI transitive imports (legacy)",
       "0610fc3786916b1a"],
      ["QEC.Stabilizer.Framework.Core.CSS.CSSNoNegI:importAllArts",
       "e7dfba9b7acd70f8"],
      ["QEC.Stabilizer.Framework.Core.Stabilizer.Centralizer transitive imports (legacy)",
       "606b6efc26c5334b"],
      ["QEC.Stabilizer.Framework.Core.Stabilizer.Centralizer:importAllArts",
       "af977870ebcdd1f5"],
      ["QEC.Stabilizer.Foundations.PauliGroup.NQubitOperator transitive imports (legacy)",
       "6c02d433c1bcb469"],
      ["QEC.Stabilizer.Foundations.PauliGroup.NQubitOperator:importAllArts",
       "3b00f8aa3d5cdeb1"],
      ["QEC.Stabilizer.Foundations.PauliGroup.NQubitElement transitive imports (legacy)",
       "cb18919a53b957dc"],
      ["QEC.Stabilizer.Foundations.PauliGroup.NQubitElement:importAllArts",
       "c7b5a7d7a032fec9"]]]]],
  ["libs",
   [["import dynlibs", "00000000000006bb"],
    ["package external libraries", "00000000000006bb"],
    ["module dynlibs", "00000000000006bb"],
    ["module plugins", "00000000000006bb"]]],
  ["Lean 4.34.0, commit 3447a668783dbce1a8fdb97101dd067687b2b418",
   "421484e3e0c70198"],
  ["C:\\lean\\libs\\QECLean\\QEC\\Stabilizer\\Codes\\Repetition\\Three.lean",
   "992b83c8ee94c4bd"],
  ["options",
   [["-DmaxSynthPendingDepth=3", "c78e353d34de85d4"],
    ["-DrelaxedAutoImplicit=false", "74a2b5546b55be80"],
    ["-Dpp.unicode.fun=true", "9b94070140457fab"],
    ["-DautoImplicit=false", "4a85acb881fd49d0"]]],
  ["isModule: false", "feefd2a0d3a1847e"],
  ["Module.name: QEC.Stabilizer.Codes.Repetition.Three", "240472a4ddc1422b"],
  ["Package.id?: (some QEC)", "93dadbf2094f452e"],
  ["Module.leanArgs: #[]", "00000000000006bb"]],
 "depHash": "994812604ca03386"}