{"synthetic": false,
 "schemaVersion": "2025-09-10",
 "outputs":
 {"o": ["5a05465694f5afab.olean"],
  "m": false,
  "i": "3f6ea222529a7f09.ilean",
  "c": "dbf6f3c154d56195.c"},
 "log":
 [{"message":
   ".> LEAN_PATH=C:\\lean\\mathlib4\\.lake\\packages\\Qq\\.lake\\build\\lib\\lean;C:\\lean\\mathlib4\\.lake\\packages\\aesop\\.lake\\build\\lib\\lean;C:\\lean\\mathlib4\\.lake\\packages\\proofwidgets\\.lake\\build\\lib\\lean;C:\\lean\\mathlib4\\.lake\\packages\\importGraph\\.lake\\build\\lib\\lean;C:\\lean\\mathlib4\\.lake\\packages\\LeanSearchClient\\.lake\\build\\lib\\lean;C:\\lean\\mathlib4\\.lake\\packages\\plausible\\.lake\\build\\lib\\lean;C:\\lean\\mathlib4\\.lake\\packages\\batteries\\.lake\\build\\lib\\lean;C:\\lean\\mathlib4\\.lake\\packages\\Cli\\.lake\\build\\lib\\lean;C:\\lean\\mathlib4\\.lake\\build\\lib\\lean;C:\\lean\\LeanArchitect\\.lake\\build\\lib\\lean;C:\\lean\\libs\\QECLean\\.lake\\build\\lib\\lean c:\\Users\\Administrator\\.elan\\toolchains\\leanprover--lean4---v4.34.0-rc1\\bin\\lean.exe C:\\lean\\libs\\QECLean\\QEC\\Stabilizer\\Foundations\\BinarySymplectic\\Core.lean -o C:\\lean\\libs\\QECLean\\.lake\\build\\lib\\lean\\QEC\\Stabilizer\\Foundations\\BinarySymplectic\\Core.olean -i C:\\lean\\libs\\QECLean\\.lake\\build\\lib\\lean\\QEC\\Stabilizer\\Foundations\\BinarySymplectic\\Core.ilean -c C:\\lean\\libs\\QECLean\\.lake\\build\\ir\\QEC\\Stabilizer\\Foundations\\BinarySymplectic\\Core.c --setup C:\\lean\\libs\\QECLean\\.lake\\build\\ir\\QEC\\Stabilizer\\Foundations\\BinarySymplectic\\Core.setup.json --json",
   "level": "trace"}],
 "inputs":
 [["deps",
   [["QEC/QEC:extraDep", [["@QEC:extraDep", "00000000000006bb"]]],
    ["imports",
     [["Mathlib.Data.ZMod.Basic transitive imports (legacy)",
       "ada317c6820ea746"],
      ["Mathlib.Data.ZMod.Basic:importAllArts", "72391b9af78780fe"],
      ["Mathlib.Tactic transitive imports (legacy)", "e57708850fe46f6d"],
      ["Mathlib.Tactic:importAllArts", "039a1b05b7e8164c"],
      ["QEC.Stabilizer.Foundations.PauliGroupSingle transitive imports (legacy)",
       "f9d71650cfe56a64"],
      ["QEC.Stabilizer.Foundations.PauliGroupSingle:importAllArts",
       "d80aab201cb72219"],
      ["QEC.Stabilizer.Foundations.PauliGroupSingle.Operator transitive imports (legacy)",
       "46437835596693be"],
      ["QEC.Stabilizer.Foundations.PauliGroupSingle.Operator:importAllArts",
       "80b83cc0be86b484"],
      ["QEC.Stabilizer.Foundations.PauliGroup.NQubitOperator transitive imports (legacy)",
       "6c02d433c1bcb469"],
      ["QEC.Stabilizer.Foundations.PauliGroup.NQubitOperator:importAllArts",
       "3b00f8aa3d5cdeb1"]]]]],
  ["libs",
   [["import dynlibs", "00000000000006bb"],
    ["package external libraries", "00000000000006bb"],
    ["module dynlibs", "00000000000006bb"],
    ["module plugins", "00000000000006bb"]]],
  ["Lean 4.34.0, commit 3447a668783dbce1a8fdb97101dd067687b2b418",
   "421484e3e0c70198"],
  ["C:\\lean\\libs\\QECLean\\QEC\\Stabilizer\\Foundations\\BinarySymplectic\\Core.lean",
   "2ba3d0e32f6d4d07"],
  ["options",
   [["-DmaxSynthPendingDepth=3", "c78e353d34de85d4"],
    ["-DrelaxedAutoImplicit=false", "74a2b5546b55be80"],
    ["-Dpp.unicode.fun=true", "9b94070140457fab"],
    ["-DautoImplicit=false", "4a85acb881fd49d0"]]],
  ["isModule: false", "feefd2a0d3a1847e"],
  ["Module.name: QEC.Stabilizer.Foundations.BinarySymplectic.Core",
   "2aa564be2e26d26d"],
  ["Package.id?: (some QEC)", "93dadbf2094f452e"],
  ["Module.leanArgs: #[]", "00000000000006bb"]],
 "depHash": "ff996eaa5c804e85"}