{"synthetic": false,
 "schemaVersion": "2025-09-10",
 "outputs":
 {"o": ["314b253c27963030.olean"],
  "m": false,
  "i": "5e9fb904a98b537a.ilean",
  "c": "18ad6fa01752225e.c"},
 "log":
 [{"message":
   ".> LEAN_PATH=C:\\lean\\mathlib4\\.lake\\packages\\Qq\\.lake\\build\\lib\\lean;C:\\lean\\mathlib4\\.lake\\packages\\aesop\\.lake\\build\\lib\\lean;C:\\lean\\mathlib4\\.lake\\packages\\proofwidgets\\.lake\\build\\lib\\lean;C:\\lean\\mathlib4\\.lake\\packages\\importGraph\\.lake\\build\\lib\\lean;C:\\lean\\mathlib4\\.lake\\packages\\LeanSearchClient\\.lake\\build\\lib\\lean;C:\\lean\\mathlib4\\.lake\\packages\\plausible\\.lake\\build\\lib\\lean;C:\\lean\\mathlib4\\.lake\\packages\\batteries\\.lake\\build\\lib\\lean;C:\\lean\\mathlib4\\.lake\\packages\\Cli\\.lake\\build\\lib\\lean;C:\\lean\\mathlib4\\.lake\\build\\lib\\lean;C:\\lean\\LeanArchitect\\.lake\\build\\lib\\lean;C:\\lean\\libs\\QECLean\\.lake\\build\\lib\\lean c:\\Users\\Administrator\\.elan\\toolchains\\leanprover--lean4---v4.34.0\\bin\\lean.exe C:\\lean\\libs\\QECLean\\QEC\\Stabilizer\\Framework\\Symplectic\\IndependentEquiv.lean -o C:\\lean\\libs\\QECLean\\.lake\\build\\lib\\lean\\QEC\\Stabilizer\\Framework\\Symplectic\\IndependentEquiv.olean -i C:\\lean\\libs\\QECLean\\.lake\\build\\lib\\lean\\QEC\\Stabilizer\\Framework\\Symplectic\\IndependentEquiv.ilean -c C:\\lean\\libs\\QECLean\\.lake\\build\\ir\\QEC\\Stabilizer\\Framework\\Symplectic\\IndependentEquiv.c --setup C:\\lean\\libs\\QECLean\\.lake\\build\\ir\\QEC\\Stabilizer\\Framework\\Symplectic\\IndependentEquiv.setup.json --json",
   "level": "trace"}],
 "inputs":
 [["deps",
   [["QEC/QEC:extraDep", [["@QEC:extraDep", "00000000000006bb"]]],
    ["imports",
     [["Mathlib.Data.List.OfFn transitive imports (legacy)",
       "50c832b22e5aa456"],
      ["Mathlib.Data.List.OfFn:importAllArts", "c8ca4253e9cea35d"],
      ["Mathlib.LinearAlgebra.LinearIndependent.Defs transitive imports (legacy)",
       "c4e3c3c9d7e02054"],
      ["Mathlib.LinearAlgebra.LinearIndependent.Defs:importAllArts",
       "745d66559d178118"],
      ["Mathlib.LinearAlgebra.Finsupp.LinearCombination transitive imports (legacy)",
       "7af4071386cdccdf"],
      ["Mathlib.LinearAlgebra.Finsupp.LinearCombination:importAllArts",
       "91f56e56e2c63617"],
      ["Mathlib.LinearAlgebra.Span.Basic transitive imports (legacy)",
       "a377416e2a140c7a"],
      ["Mathlib.LinearAlgebra.Span.Basic:importAllArts", "517317c51514785e"],
      ["QEC.Stabilizer.Foundations.BinarySymplectic.Core transitive imports (legacy)",
       "9be8c3408c08c9e4"],
      ["QEC.Stabilizer.Foundations.BinarySymplectic.Core:importAllArts",
       "a1e846a1f89d1322"],
      ["QEC.Stabilizer.Foundations.BinarySymplectic.SymplecticInner transitive imports (legacy)",
       "138559126d838e69"],
      ["QEC.Stabilizer.Foundations.BinarySymplectic.SymplecticInner:importAllArts",
       "9b4323db496de105"],
      ["QEC.Stabilizer.Foundations.BinarySymplectic.CheckMatrix transitive imports (legacy)",
       "4fbd08f79527508a"],
      ["QEC.Stabilizer.Foundations.BinarySymplectic.CheckMatrix:importAllArts",
       "7c8df879c250063c"],
      ["QEC.Stabilizer.Framework.Core.Stabilizer.SubgroupLemmas transitive imports (legacy)",
       "04bd9c44790a3df3"],
      ["QEC.Stabilizer.Framework.Core.Stabilizer.SubgroupLemmas:importAllArts",
       "257c20a857f12e7d"],
      ["QEC.Stabilizer.Foundations.PauliGroup.NQubitElement transitive imports (legacy)",
       "9d12b4e37e814c96"],
      ["QEC.Stabilizer.Foundations.PauliGroup.NQubitElement:importAllArts",
       "d3c8466dd9ad7bdb"]]]]],
  ["libs",
   [["import dynlibs", "00000000000006bb"],
    ["package external libraries", "00000000000006bb"],
    ["module dynlibs", "00000000000006bb"],
    ["module plugins", "00000000000006bb"]]],
  ["Lean 4.34.0, commit 293d5d0c0c3f3dded4688b3ccd6a33939ac5102b",
   "a1c6c7aa3e9abfe7"],
  ["C:\\lean\\libs\\QECLean\\QEC\\Stabilizer\\Framework\\Symplectic\\IndependentEquiv.lean",
   "95a09e59954bb858"],
  ["options",
   [["-DmaxSynthPendingDepth=3", "c78e353d34de85d4"],
    ["-DrelaxedAutoImplicit=false", "74a2b5546b55be80"],
    ["-Dpp.unicode.fun=true", "9b94070140457fab"],
    ["-DautoImplicit=false", "4a85acb881fd49d0"]]],
  ["isModule: false", "feefd2a0d3a1847e"],
  ["Module.name: QEC.Stabilizer.Framework.Symplectic.IndependentEquiv",
   "b1f29d55e8344e6c"],
  ["Package.id?: (some QEC)", "93dadbf2094f452e"],
  ["Module.leanArgs: #[]", "00000000000006bb"]],
 "depHash": "9a9b7cc763bd920d"}