{"synthetic": false,
 "schemaVersion": "2025-09-10",
 "outputs":
 {"o": ["ad51e2dcebfe9bb8.olean"],
  "m": false,
  "i": "1c4c1f0d07f5d7eb.ilean",
  "c": "d6419d98f4f124af.c"},
 "log":
 [{"message":
   ".> LEAN_PATH=C:\\lean\\mathlib4\\.lake\\packages\\Qq\\.lake\\build\\lib\\lean;C:\\lean\\mathlib4\\.lake\\packages\\aesop\\.lake\\build\\lib\\lean;C:\\lean\\mathlib4\\.lake\\packages\\proofwidgets\\.lake\\build\\lib\\lean;C:\\lean\\mathlib4\\.lake\\packages\\importGraph\\.lake\\build\\lib\\lean;C:\\lean\\mathlib4\\.lake\\packages\\LeanSearchClient\\.lake\\build\\lib\\lean;C:\\lean\\mathlib4\\.lake\\packages\\plausible\\.lake\\build\\lib\\lean;C:\\lean\\mathlib4\\.lake\\packages\\batteries\\.lake\\build\\lib\\lean;C:\\lean\\mathlib4\\.lake\\packages\\Cli\\.lake\\build\\lib\\lean;C:\\lean\\mathlib4\\.lake\\build\\lib\\lean;C:\\lean\\LeanArchitect\\.lake\\build\\lib\\lean;C:\\lean\\libs\\QECLean\\.lake\\build\\lib\\lean c:\\Users\\Administrator\\.elan\\toolchains\\leanprover--lean4---v4.34.0-rc1\\bin\\lean.exe C:\\lean\\libs\\QECLean\\QEC\\Stabilizer\\Framework\\Symplectic\\SymplecticOrthogonal.lean -o C:\\lean\\libs\\QECLean\\.lake\\build\\lib\\lean\\QEC\\Stabilizer\\Framework\\Symplectic\\SymplecticOrthogonal.olean -i C:\\lean\\libs\\QECLean\\.lake\\build\\lib\\lean\\QEC\\Stabilizer\\Framework\\Symplectic\\SymplecticOrthogonal.ilean -c C:\\lean\\libs\\QECLean\\.lake\\build\\ir\\QEC\\Stabilizer\\Framework\\Symplectic\\SymplecticOrthogonal.c --setup C:\\lean\\libs\\QECLean\\.lake\\build\\ir\\QEC\\Stabilizer\\Framework\\Symplectic\\SymplecticOrthogonal.setup.json --json",
   "level": "trace"}],
 "inputs":
 [["deps",
   [["QEC/QEC:extraDep", [["@QEC:extraDep", "00000000000006bb"]]],
    ["imports",
     [["Mathlib.Data.ZMod.Basic transitive imports (legacy)",
       "ada317c6820ea746"],
      ["Mathlib.Data.ZMod.Basic:importAllArts", "72391b9af78780fe"],
      ["Mathlib.LinearAlgebra.Span.Basic transitive imports (legacy)",
       "29cadcbcb572e601"],
      ["Mathlib.LinearAlgebra.Span.Basic:importAllArts", "4b71298ef6b50573"],
      ["Mathlib.Tactic transitive imports (legacy)", "e57708850fe46f6d"],
      ["Mathlib.Tactic:importAllArts", "039a1b05b7e8164c"],
      ["QEC.Stabilizer.Foundations.BinarySymplectic.Core transitive imports (legacy)",
       "4fb21af99baa7d7e"],
      ["QEC.Stabilizer.Foundations.BinarySymplectic.Core:importAllArts",
       "16984f4de32486d1"],
      ["QEC.Stabilizer.Foundations.BinarySymplectic.SymplecticInner transitive imports (legacy)",
       "37cddeb0a8060acc"],
      ["QEC.Stabilizer.Foundations.BinarySymplectic.SymplecticInner:importAllArts",
       "d1d566ac7d1f3ee2"],
      ["QEC.Stabilizer.Foundations.BinarySymplectic.CheckMatrix transitive imports (legacy)",
       "857ce328ddc616e7"],
      ["QEC.Stabilizer.Foundations.BinarySymplectic.CheckMatrix:importAllArts",
       "d613f49ac768051f"],
      ["QEC.Stabilizer.Framework.Symplectic.SymplecticSpan transitive imports (legacy)",
       "e104f6f3a7e7544c"],
      ["QEC.Stabilizer.Framework.Symplectic.SymplecticSpan:importAllArts",
       "007cb3cf50831596"],
      ["QEC.Stabilizer.Framework.Core.Stabilizer.StabilizerGroup transitive imports (legacy)",
       "1377acfec8c73e10"],
      ["QEC.Stabilizer.Framework.Core.Stabilizer.StabilizerGroup:importAllArts",
       "62e31a0229b7c165"],
      ["QEC.Stabilizer.Framework.Core.Stabilizer.Centralizer transitive imports (legacy)",
       "606b6efc26c5334b"],
      ["QEC.Stabilizer.Framework.Core.Stabilizer.Centralizer:importAllArts",
       "af977870ebcdd1f5"],
      ["QEC.Stabilizer.Framework.Core.Logical.LogicalOperatorCoset transitive imports (legacy)",
       "8fb04c255ea1f922"],
      ["QEC.Stabilizer.Framework.Core.Logical.LogicalOperatorCoset:importAllArts",
       "857c656519f2b583"],
      ["QEC.Stabilizer.Framework.Core.Logical.LogicalOperators transitive imports (legacy)",
       "9aad0ee959a1aebd"],
      ["QEC.Stabilizer.Framework.Core.Logical.LogicalOperators:importAllArts",
       "5fa6d35994d2e9e0"],
      ["QEC.Stabilizer.Framework.Symplectic.IndependentEquiv transitive imports (legacy)",
       "02486b4167e515cd"],
      ["QEC.Stabilizer.Framework.Symplectic.IndependentEquiv:importAllArts",
       "dc25338dafee1354"],
      ["QEC.Stabilizer.Foundations.PauliGroup.NQubitOperator transitive imports (legacy)",
       "6c02d433c1bcb469"],
      ["QEC.Stabilizer.Foundations.PauliGroup.NQubitOperator:importAllArts",
       "3b00f8aa3d5cdeb1"],
      ["QEC.Stabilizer.Foundations.PauliGroup.NQubitElement transitive imports (legacy)",
       "cb18919a53b957dc"],
      ["QEC.Stabilizer.Foundations.PauliGroup.NQubitElement:importAllArts",
       "c7b5a7d7a032fec9"]]]]],
  ["libs",
   [["import dynlibs", "00000000000006bb"],
    ["package external libraries", "00000000000006bb"],
    ["module dynlibs", "00000000000006bb"],
    ["module plugins", "00000000000006bb"]]],
  ["Lean 4.34.0, commit 3447a668783dbce1a8fdb97101dd067687b2b418",
   "421484e3e0c70198"],
  ["C:\\lean\\libs\\QECLean\\QEC\\Stabilizer\\Framework\\Symplectic\\SymplecticOrthogonal.lean",
   "0b39d4d3ccce115d"],
  ["options",
   [["-DmaxSynthPendingDepth=3", "c78e353d34de85d4"],
    ["-DrelaxedAutoImplicit=false", "74a2b5546b55be80"],
    ["-Dpp.unicode.fun=true", "9b94070140457fab"],
    ["-DautoImplicit=false", "4a85acb881fd49d0"]]],
  ["isModule: false", "feefd2a0d3a1847e"],
  ["Module.name: QEC.Stabilizer.Framework.Symplectic.SymplecticOrthogonal",
   "b827c518102c3476"],
  ["Package.id?: (some QEC)", "93dadbf2094f452e"],
  ["Module.leanArgs: #[]", "00000000000006bb"]],
 "depHash": "23cb800fc6f75fc9"}