{"synthetic": false,
 "schemaVersion": "2025-09-10",
 "outputs":
 {"o": ["aa5d7355dc2da247.olean"],
  "m": false,
  "i": "ff83de5946af5e02.ilean",
  "c": "ee1c20f72419e780.c"},
 "log":
 [{"message":
   ".> LEAN_PATH=C:\\lean\\mathlib4\\.lake\\packages\\Qq\\.lake\\build\\lib\\lean;C:\\lean\\mathlib4\\.lake\\packages\\aesop\\.lake\\build\\lib\\lean;C:\\lean\\mathlib4\\.lake\\packages\\proofwidgets\\.lake\\build\\lib\\lean;C:\\lean\\mathlib4\\.lake\\packages\\importGraph\\.lake\\build\\lib\\lean;C:\\lean\\mathlib4\\.lake\\packages\\LeanSearchClient\\.lake\\build\\lib\\lean;C:\\lean\\mathlib4\\.lake\\packages\\plausible\\.lake\\build\\lib\\lean;C:\\lean\\mathlib4\\.lake\\packages\\batteries\\.lake\\build\\lib\\lean;C:\\lean\\mathlib4\\.lake\\packages\\Cli\\.lake\\build\\lib\\lean;C:\\lean\\mathlib4\\.lake\\build\\lib\\lean;C:\\lean\\LeanArchitect\\.lake\\build\\lib\\lean;C:\\lean\\libs\\QECLean\\.lake\\build\\lib\\lean c:\\Users\\Administrator\\.elan\\toolchains\\leanprover--lean4---v4.34.0-rc1\\bin\\lean.exe C:\\lean\\libs\\QECLean\\QEC\\Stabilizer\\Framework\\Symplectic\\WeightTwoInSpan.lean -o C:\\lean\\libs\\QECLean\\.lake\\build\\lib\\lean\\QEC\\Stabilizer\\Framework\\Symplectic\\WeightTwoInSpan.olean -i C:\\lean\\libs\\QECLean\\.lake\\build\\lib\\lean\\QEC\\Stabilizer\\Framework\\Symplectic\\WeightTwoInSpan.ilean -c C:\\lean\\libs\\QECLean\\.lake\\build\\ir\\QEC\\Stabilizer\\Framework\\Symplectic\\WeightTwoInSpan.c --setup C:\\lean\\libs\\QECLean\\.lake\\build\\ir\\QEC\\Stabilizer\\Framework\\Symplectic\\WeightTwoInSpan.setup.json --json",
   "level": "trace"}],
 "inputs":
 [["deps",
   [["QEC/QEC:extraDep", [["@QEC:extraDep", "00000000000006bb"]]],
    ["imports",
     [["Mathlib.Data.Finset.Card transitive imports (legacy)",
       "e32e51984c169804"],
      ["Mathlib.Data.Finset.Card:importAllArts", "3d04b98e64226aea"],
      ["QEC.Stabilizer.Framework.Symplectic.SymplecticSpan transitive imports (legacy)",
       "e104f6f3a7e7544c"],
      ["QEC.Stabilizer.Framework.Symplectic.SymplecticSpan:importAllArts",
       "007cb3cf50831596"],
      ["QEC.Stabilizer.Foundations.BinarySymplectic.SymplecticInner transitive imports (legacy)",
       "37cddeb0a8060acc"],
      ["QEC.Stabilizer.Foundations.BinarySymplectic.SymplecticInner:importAllArts",
       "d1d566ac7d1f3ee2"],
      ["QEC.Stabilizer.Foundations.PauliGroup.NQubitOperator transitive imports (legacy)",
       "6c02d433c1bcb469"],
      ["QEC.Stabilizer.Foundations.PauliGroup.NQubitOperator:importAllArts",
       "3b00f8aa3d5cdeb1"],
      ["QEC.Stabilizer.Foundations.PauliGroup.NQubitElement transitive imports (legacy)",
       "cb18919a53b957dc"],
      ["QEC.Stabilizer.Foundations.PauliGroup.NQubitElement:importAllArts",
       "c7b5a7d7a032fec9"]]]]],
  ["libs",
   [["import dynlibs", "00000000000006bb"],
    ["package external libraries", "00000000000006bb"],
    ["module dynlibs", "00000000000006bb"],
    ["module plugins", "00000000000006bb"]]],
  ["Lean 4.34.0, commit 3447a668783dbce1a8fdb97101dd067687b2b418",
   "421484e3e0c70198"],
  ["C:\\lean\\libs\\QECLean\\QEC\\Stabilizer\\Framework\\Symplectic\\WeightTwoInSpan.lean",
   "dc224b215895aea9"],
  ["options",
   [["-DmaxSynthPendingDepth=3", "c78e353d34de85d4"],
    ["-DrelaxedAutoImplicit=false", "74a2b5546b55be80"],
    ["-Dpp.unicode.fun=true", "9b94070140457fab"],
    ["-DautoImplicit=false", "4a85acb881fd49d0"]]],
  ["isModule: false", "feefd2a0d3a1847e"],
  ["Module.name: QEC.Stabilizer.Framework.Symplectic.WeightTwoInSpan",
   "4a49a773abd8dcf7"],
  ["Package.id?: (some QEC)", "93dadbf2094f452e"],
  ["Module.leanArgs: #[]", "00000000000006bb"]],
 "depHash": "f19578c4fc27a599"}