{"synthetic": false,
 "schemaVersion": "2025-09-10",
 "outputs":
 {"o": ["50971ecfc1cd6c1c.olean"],
  "m": false,
  "i": "7f9c41634099c7f0.ilean",
  "c": "c874667426bb366d.c"},
 "log":
 [{"message":
   ".> LEAN_PATH=C:\\lean\\mathlib4\\.lake\\packages\\Qq\\.lake\\build\\lib\\lean;C:\\lean\\mathlib4\\.lake\\packages\\aesop\\.lake\\build\\lib\\lean;C:\\lean\\mathlib4\\.lake\\packages\\proofwidgets\\.lake\\build\\lib\\lean;C:\\lean\\mathlib4\\.lake\\packages\\importGraph\\.lake\\build\\lib\\lean;C:\\lean\\mathlib4\\.lake\\packages\\LeanSearchClient\\.lake\\build\\lib\\lean;C:\\lean\\mathlib4\\.lake\\packages\\plausible\\.lake\\build\\lib\\lean;C:\\lean\\mathlib4\\.lake\\packages\\batteries\\.lake\\build\\lib\\lean;C:\\lean\\mathlib4\\.lake\\packages\\Cli\\.lake\\build\\lib\\lean;C:\\lean\\mathlib4\\.lake\\build\\lib\\lean;C:\\lean\\LeanArchitect\\.lake\\build\\lib\\lean;C:\\lean\\libs\\QECLean\\.lake\\build\\lib\\lean c:\\Users\\Administrator\\.elan\\toolchains\\leanprover--lean4---v4.34.0-rc1\\bin\\lean.exe C:\\lean\\libs\\QECLean\\QEC\\Stabilizer\\Framework\\Core\\CSS.lean -o C:\\lean\\libs\\QECLean\\.lake\\build\\lib\\lean\\QEC\\Stabilizer\\Framework\\Core\\CSS.olean -i C:\\lean\\libs\\QECLean\\.lake\\build\\lib\\lean\\QEC\\Stabilizer\\Framework\\Core\\CSS.ilean -c C:\\lean\\libs\\QECLean\\.lake\\build\\ir\\QEC\\Stabilizer\\Framework\\Core\\CSS.c --setup C:\\lean\\libs\\QECLean\\.lake\\build\\ir\\QEC\\Stabilizer\\Framework\\Core\\CSS.setup.json --json",
   "level": "trace"}],
 "inputs":
 [["deps",
   [["QEC/QEC:extraDep", [["@QEC:extraDep", "00000000000006bb"]]],
    ["imports",
     [["QEC.Stabilizer.Framework.Core.CSS.CSSPredicates transitive imports (legacy)",
       "f0505af9ed8adf41"],
      ["QEC.Stabilizer.Framework.Core.CSS.CSSPredicates:importAllArts",
       "26ad32b7840324c4"],
      ["QEC.Stabilizer.Framework.Core.CSS.CSSNoNegI transitive imports (legacy)",
       "0610fc3786916b1a"],
      ["QEC.Stabilizer.Framework.Core.CSS.CSSNoNegI:importAllArts",
       "e7dfba9b7acd70f8"],
      ["QEC.Stabilizer.Framework.Core.CSS.CSSCommutationLemmas transitive imports (legacy)",
       "236a239cab799f83"],
      ["QEC.Stabilizer.Framework.Core.CSS.CSSCommutationLemmas:importAllArts",
       "799e085da7068118"],
      ["QEC.Stabilizer.Framework.Core.CSS.CSSDistance transitive imports (legacy)",
       "06c1494033926507"],
      ["QEC.Stabilizer.Framework.Core.CSS.CSSDistance:importAllArts",
       "42cd692492026f6b"]]]]],
  ["libs",
   [["import dynlibs", "00000000000006bb"],
    ["package external libraries", "00000000000006bb"],
    ["module dynlibs", "00000000000006bb"],
    ["module plugins", "00000000000006bb"]]],
  ["Lean 4.34.0, commit 3447a668783dbce1a8fdb97101dd067687b2b418",
   "421484e3e0c70198"],
  ["C:\\lean\\libs\\QECLean\\QEC\\Stabilizer\\Framework\\Core\\CSS.lean",
   "a4e6a5e1b6a990b5"],
  ["options",
   [["-DmaxSynthPendingDepth=3", "c78e353d34de85d4"],
    ["-DrelaxedAutoImplicit=false", "74a2b5546b55be80"],
    ["-Dpp.unicode.fun=true", "9b94070140457fab"],
    ["-DautoImplicit=false", "4a85acb881fd49d0"]]],
  ["isModule: false", "feefd2a0d3a1847e"],
  ["Module.name: QEC.Stabilizer.Framework.Core.CSS", "0ba7b0933a213892"],
  ["Package.id?: (some QEC)", "93dadbf2094f452e"],
  ["Module.leanArgs: #[]", "00000000000006bb"]],
 "depHash": "984f3759081450a9"}