{"synthetic": false,
 "schemaVersion": "2025-09-10",
 "outputs":
 {"o": ["7783d35b09c205f3.olean"],
  "m": false,
  "i": "e1334de59ac2afc4.ilean",
  "c": "9f8d9a92bf5df412.c"},
 "log":
 [{"message":
   ".> LEAN_PATH=C:\\lean\\mathlib4\\.lake\\packages\\Qq\\.lake\\build\\lib\\lean;C:\\lean\\mathlib4\\.lake\\packages\\aesop\\.lake\\build\\lib\\lean;C:\\lean\\mathlib4\\.lake\\packages\\proofwidgets\\.lake\\build\\lib\\lean;C:\\lean\\mathlib4\\.lake\\packages\\importGraph\\.lake\\build\\lib\\lean;C:\\lean\\mathlib4\\.lake\\packages\\LeanSearchClient\\.lake\\build\\lib\\lean;C:\\lean\\mathlib4\\.lake\\packages\\plausible\\.lake\\build\\lib\\lean;C:\\lean\\mathlib4\\.lake\\packages\\batteries\\.lake\\build\\lib\\lean;C:\\lean\\mathlib4\\.lake\\packages\\Cli\\.lake\\build\\lib\\lean;C:\\lean\\mathlib4\\.lake\\build\\lib\\lean;C:\\lean\\LeanArchitect\\.lake\\build\\lib\\lean;C:\\lean\\libs\\QECLean\\.lake\\build\\lib\\lean c:\\Users\\Administrator\\.elan\\toolchains\\leanprover--lean4---v4.34.0-rc1\\bin\\lean.exe C:\\lean\\libs\\QECLean\\QEC\\Stabilizer\\Framework\\Core\\Logical.lean -o C:\\lean\\libs\\QECLean\\.lake\\build\\lib\\lean\\QEC\\Stabilizer\\Framework\\Core\\Logical.olean -i C:\\lean\\libs\\QECLean\\.lake\\build\\lib\\lean\\QEC\\Stabilizer\\Framework\\Core\\Logical.ilean -c C:\\lean\\libs\\QECLean\\.lake\\build\\ir\\QEC\\Stabilizer\\Framework\\Core\\Logical.c --setup C:\\lean\\libs\\QECLean\\.lake\\build\\ir\\QEC\\Stabilizer\\Framework\\Core\\Logical.setup.json --json",
   "level": "trace"}],
 "inputs":
 [["deps",
   [["QEC/QEC:extraDep", [["@QEC:extraDep", "00000000000006bb"]]],
    ["imports",
     [["QEC.Stabilizer.Framework.Core.Logical.LogicalOperators transitive imports (legacy)",
       "9aad0ee959a1aebd"],
      ["QEC.Stabilizer.Framework.Core.Logical.LogicalOperators:importAllArts",
       "5fa6d35994d2e9e0"],
      ["QEC.Stabilizer.Framework.Core.Logical.LogicalOperatorCoset transitive imports (legacy)",
       "8fb04c255ea1f922"],
      ["QEC.Stabilizer.Framework.Core.Logical.LogicalOperatorCoset:importAllArts",
       "857c656519f2b583"],
      ["QEC.Stabilizer.Framework.Core.Logical.LogicalGates transitive imports (legacy)",
       "11c336116a33e661"],
      ["QEC.Stabilizer.Framework.Core.Logical.LogicalGates:importAllArts",
       "238adecd443dfbe3"],
      ["QEC.Stabilizer.Framework.Core.Logical.LogicalGateGroup transitive imports (legacy)",
       "ad310f87d7d7a612"],
      ["QEC.Stabilizer.Framework.Core.Logical.LogicalGateGroup:importAllArts",
       "f80f4ec5b1e10f68"],
      ["QEC.Stabilizer.Framework.Core.Logical.LogicalCliffordAction transitive imports (legacy)",
       "e7250348550967d0"],
      ["QEC.Stabilizer.Framework.Core.Logical.LogicalCliffordAction:importAllArts",
       "7473dfa97743025a"],
      ["QEC.Stabilizer.Framework.Core.Logical.CodeDistance transitive imports (legacy)",
       "a0c729a6c284c455"],
      ["QEC.Stabilizer.Framework.Core.Logical.CodeDistance:importAllArts",
       "6750f1071b1def4b"]]]]],
  ["libs",
   [["import dynlibs", "00000000000006bb"],
    ["package external libraries", "00000000000006bb"],
    ["module dynlibs", "00000000000006bb"],
    ["module plugins", "00000000000006bb"]]],
  ["Lean 4.34.0, commit 3447a668783dbce1a8fdb97101dd067687b2b418",
   "421484e3e0c70198"],
  ["C:\\lean\\libs\\QECLean\\QEC\\Stabilizer\\Framework\\Core\\Logical.lean",
   "6cf90b8506b9a059"],
  ["options",
   [["-DmaxSynthPendingDepth=3", "c78e353d34de85d4"],
    ["-DrelaxedAutoImplicit=false", "74a2b5546b55be80"],
    ["-Dpp.unicode.fun=true", "9b94070140457fab"],
    ["-DautoImplicit=false", "4a85acb881fd49d0"]]],
  ["isModule: false", "feefd2a0d3a1847e"],
  ["Module.name: QEC.Stabilizer.Framework.Core.Logical", "24e01af1cb89a6ab"],
  ["Package.id?: (some QEC)", "93dadbf2094f452e"],
  ["Module.leanArgs: #[]", "00000000000006bb"]],
 "depHash": "536fc7f771ff42b6"}