{"synthetic": false,
 "schemaVersion": "2025-09-10",
 "outputs":
 {"o": ["c337b70be5090377.olean"],
  "m": false,
  "i": "13484667e6bb6feb.ilean",
  "c": "9318d8c539191afa.c"},
 "log":
 [{"message":
   ".> LEAN_PATH=C:\\lean\\mathlib4\\.lake\\packages\\Qq\\.lake\\build\\lib\\lean;C:\\lean\\mathlib4\\.lake\\packages\\aesop\\.lake\\build\\lib\\lean;C:\\lean\\mathlib4\\.lake\\packages\\proofwidgets\\.lake\\build\\lib\\lean;C:\\lean\\mathlib4\\.lake\\packages\\importGraph\\.lake\\build\\lib\\lean;C:\\lean\\mathlib4\\.lake\\packages\\LeanSearchClient\\.lake\\build\\lib\\lean;C:\\lean\\mathlib4\\.lake\\packages\\plausible\\.lake\\build\\lib\\lean;C:\\lean\\mathlib4\\.lake\\packages\\batteries\\.lake\\build\\lib\\lean;C:\\lean\\mathlib4\\.lake\\packages\\Cli\\.lake\\build\\lib\\lean;C:\\lean\\mathlib4\\.lake\\build\\lib\\lean;C:\\lean\\LeanArchitect\\.lake\\build\\lib\\lean;C:\\lean\\libs\\QECLean\\.lake\\build\\lib\\lean c:\\Users\\Administrator\\.elan\\toolchains\\leanprover--lean4---v4.34.0-rc1\\bin\\lean.exe C:\\lean\\libs\\QECLean\\QEC\\Stabilizer\\Codes\\BivariateBicycle\\Gross\\SafeFloor\\MImAssembly.lean -o C:\\lean\\libs\\QECLean\\.lake\\build\\lib\\lean\\QEC\\Stabilizer\\Codes\\BivariateBicycle\\Gross\\SafeFloor\\MImAssembly.olean -i C:\\lean\\libs\\QECLean\\.lake\\build\\lib\\lean\\QEC\\Stabilizer\\Codes\\BivariateBicycle\\Gross\\SafeFloor\\MImAssembly.ilean -c C:\\lean\\libs\\QECLean\\.lake\\build\\ir\\QEC\\Stabilizer\\Codes\\BivariateBicycle\\Gross\\SafeFloor\\MImAssembly.c --setup C:\\lean\\libs\\QECLean\\.lake\\build\\ir\\QEC\\Stabilizer\\Codes\\BivariateBicycle\\Gross\\SafeFloor\\MImAssembly.setup.json --json",
   "level": "trace"}],
 "inputs":
 [["deps",
   [["QEC/QEC:extraDep", [["@QEC:extraDep", "00000000000006bb"]]],
    ["imports",
     [["QEC.Stabilizer.Codes.BivariateBicycle.Gross.SafeFloor.MImTransport transitive imports (legacy)",
       "e93726efcf967369"],
      ["QEC.Stabilizer.Codes.BivariateBicycle.Gross.SafeFloor.MImTransport:importAllArts",
       "25a58ca5a08ae2d0"],
      ["QEC.Stabilizer.Codes.BivariateBicycle.Gross.StabilizerCode transitive imports (legacy)",
       "c66811b21f825334"],
      ["QEC.Stabilizer.Codes.BivariateBicycle.Gross.StabilizerCode:importAllArts",
       "93fb7be2d83b7114"],
      ["QEC.Stabilizer.Codes.BivariateBicycle.Gross.SafeFloor.MImFloorY0 transitive imports (legacy)",
       "077683387c990fc5"],
      ["QEC.Stabilizer.Codes.BivariateBicycle.Gross.SafeFloor.MImFloorY0:importAllArts",
       "541575214d432969"],
      ["QEC.Stabilizer.Codes.BivariateBicycle.Gross.SafeFloor.MImFloorY1 transitive imports (legacy)",
       "077683387c990fc5"],
      ["QEC.Stabilizer.Codes.BivariateBicycle.Gross.SafeFloor.MImFloorY1:importAllArts",
       "0ef4d3935a1e4c3c"],
      ["QEC.Stabilizer.Codes.BivariateBicycle.Gross.SafeFloor.MImFloorY4 transitive imports (legacy)",
       "077683387c990fc5"],
      ["QEC.Stabilizer.Codes.BivariateBicycle.Gross.SafeFloor.MImFloorY4:importAllArts",
       "17ae9c22fa92e8ef"],
      ["QEC.Stabilizer.Codes.BivariateBicycle.Gross.SafeFloor.MImFloorY11 transitive imports (legacy)",
       "570607c31fd5271a"],
      ["QEC.Stabilizer.Codes.BivariateBicycle.Gross.SafeFloor.MImFloorY11:importAllArts",
       "40fab55cc6124d96"],
      ["QEC.Stabilizer.Codes.BivariateBicycle.Gross.SafeFloor.MImFloorY12 transitive imports (legacy)",
       "570607c31fd5271a"],
      ["QEC.Stabilizer.Codes.BivariateBicycle.Gross.SafeFloor.MImFloorY12:importAllArts",
       "ecb5259c180f7670"]]]]],
  ["libs",
   [["import dynlibs", "00000000000006bb"],
    ["package external libraries", "00000000000006bb"],
    ["module dynlibs", "00000000000006bb"],
    ["module plugins", "00000000000006bb"]]],
  ["Lean 4.34.0, commit 3447a668783dbce1a8fdb97101dd067687b2b418",
   "421484e3e0c70198"],
  ["C:\\lean\\libs\\QECLean\\QEC\\Stabilizer\\Codes\\BivariateBicycle\\Gross\\SafeFloor\\MImAssembly.lean",
   "7fb9907934b7f266"],
  ["options",
   [["-DmaxSynthPendingDepth=3", "c78e353d34de85d4"],
    ["-DrelaxedAutoImplicit=false", "74a2b5546b55be80"],
    ["-Dpp.unicode.fun=true", "9b94070140457fab"],
    ["-DautoImplicit=false", "4a85acb881fd49d0"]]],
  ["isModule: false", "feefd2a0d3a1847e"],
  ["Module.name: QEC.Stabilizer.Codes.BivariateBicycle.Gross.SafeFloor.MImAssembly",
   "a0fe9a3bb1e36d0a"],
  ["Package.id?: (some QEC)", "93dadbf2094f452e"],
  ["Module.leanArgs: #[]", "00000000000006bb"]],
 "depHash": "5bfb36b5a6e1e159"}