{"synthetic": false,
 "schemaVersion": "2025-09-10",
 "outputs":
 {"o": ["7c3f0cf23053dd9c.olean"],
  "m": false,
  "i": "0b32175ad6b7dcb2.ilean",
  "c": "ab2239682f95adf6.c"},
 "log":
 [{"message":
   ".> LEAN_PATH=C:\\lean\\mathlib4\\.lake\\packages\\Qq\\.lake\\build\\lib\\lean;C:\\lean\\mathlib4\\.lake\\packages\\aesop\\.lake\\build\\lib\\lean;C:\\lean\\mathlib4\\.lake\\packages\\proofwidgets\\.lake\\build\\lib\\lean;C:\\lean\\mathlib4\\.lake\\packages\\importGraph\\.lake\\build\\lib\\lean;C:\\lean\\mathlib4\\.lake\\packages\\LeanSearchClient\\.lake\\build\\lib\\lean;C:\\lean\\mathlib4\\.lake\\packages\\plausible\\.lake\\build\\lib\\lean;C:\\lean\\mathlib4\\.lake\\packages\\batteries\\.lake\\build\\lib\\lean;C:\\lean\\mathlib4\\.lake\\packages\\Cli\\.lake\\build\\lib\\lean;C:\\lean\\mathlib4\\.lake\\build\\lib\\lean;C:\\lean\\LeanArchitect\\.lake\\build\\lib\\lean;C:\\lean\\libs\\QECLean\\.lake\\build\\lib\\lean c:\\Users\\Administrator\\.elan\\toolchains\\leanprover--lean4---v4.34.0\\bin\\lean.exe C:\\lean\\libs\\QECLean\\QEC\\Stabilizer\\Framework\\Concatenation\\Promotion.lean -o C:\\lean\\libs\\QECLean\\.lake\\build\\lib\\lean\\QEC\\Stabilizer\\Framework\\Concatenation\\Promotion.olean -i C:\\lean\\libs\\QECLean\\.lake\\build\\lib\\lean\\QEC\\Stabilizer\\Framework\\Concatenation\\Promotion.ilean -c C:\\lean\\libs\\QECLean\\.lake\\build\\ir\\QEC\\Stabilizer\\Framework\\Concatenation\\Promotion.c --setup C:\\lean\\libs\\QECLean\\.lake\\build\\ir\\QEC\\Stabilizer\\Framework\\Concatenation\\Promotion.setup.json --json",
   "level": "trace"}],
 "inputs":
 [["deps",
   [["QEC/QEC:extraDep", [["@QEC:extraDep", "00000000000006bb"]]],
    ["imports",
     [["QEC.Stabilizer.Framework.Concatenation.Embedding transitive imports (legacy)",
       "3e125abbeb052547"],
      ["QEC.Stabilizer.Framework.Concatenation.Embedding:importAllArts",
       "e3218688b66e69b6"],
      ["QEC.Stabilizer.Framework.Core transitive imports (legacy)",
       "42b9cce3249fd8c1"],
      ["QEC.Stabilizer.Framework.Core:importAllArts", "81d6cdafc6f7d418"],
      ["QEC.Stabilizer.Framework.Symplectic transitive imports (legacy)",
       "721111de9eb29982"],
      ["QEC.Stabilizer.Framework.Symplectic:importAllArts",
       "9dd6404009527aca"]]]]],
  ["libs",
   [["import dynlibs", "00000000000006bb"],
    ["package external libraries", "00000000000006bb"],
    ["module dynlibs", "00000000000006bb"],
    ["module plugins", "00000000000006bb"]]],
  ["Lean 4.34.0, commit 293d5d0c0c3f3dded4688b3ccd6a33939ac5102b",
   "a1c6c7aa3e9abfe7"],
  ["C:\\lean\\libs\\QECLean\\QEC\\Stabilizer\\Framework\\Concatenation\\Promotion.lean",
   "288d95cc05918af8"],
  ["options",
   [["-DmaxSynthPendingDepth=3", "c78e353d34de85d4"],
    ["-DrelaxedAutoImplicit=false", "74a2b5546b55be80"],
    ["-Dpp.unicode.fun=true", "9b94070140457fab"],
    ["-DautoImplicit=false", "4a85acb881fd49d0"]]],
  ["isModule: false", "feefd2a0d3a1847e"],
  ["Module.name: QEC.Stabilizer.Framework.Concatenation.Promotion",
   "77ce3d2eb41a5b99"],
  ["Package.id?: (some QEC)", "93dadbf2094f452e"],
  ["Module.leanArgs: #[]", "00000000000006bb"]],
 "depHash": "5c85dd0b7123df9f"}