{"synthetic": false,
 "schemaVersion": "2025-09-10",
 "outputs":
 {"o": ["6aa28666a98aae9a.olean"],
  "m": false,
  "i": "d1f92397ba5a8104.ilean",
  "c": "cabc393df0c12e61.c"},
 "log":
 [{"message":
   ".> LEAN_PATH=C:\\lean\\mathlib4\\.lake\\packages\\Qq\\.lake\\build\\lib\\lean;C:\\lean\\mathlib4\\.lake\\packages\\aesop\\.lake\\build\\lib\\lean;C:\\lean\\mathlib4\\.lake\\packages\\proofwidgets\\.lake\\build\\lib\\lean;C:\\lean\\mathlib4\\.lake\\packages\\importGraph\\.lake\\build\\lib\\lean;C:\\lean\\mathlib4\\.lake\\packages\\LeanSearchClient\\.lake\\build\\lib\\lean;C:\\lean\\mathlib4\\.lake\\packages\\plausible\\.lake\\build\\lib\\lean;C:\\lean\\mathlib4\\.lake\\packages\\batteries\\.lake\\build\\lib\\lean;C:\\lean\\mathlib4\\.lake\\packages\\Cli\\.lake\\build\\lib\\lean;C:\\lean\\mathlib4\\.lake\\build\\lib\\lean;C:\\lean\\LeanArchitect\\.lake\\build\\lib\\lean;C:\\lean\\libs\\QECLean\\.lake\\build\\lib\\lean c:\\Users\\Administrator\\.elan\\toolchains\\leanprover--lean4---v4.34.0-rc1\\bin\\lean.exe C:\\lean\\libs\\QECLean\\QEC\\Stabilizer\\Codes\\BivariateBicycle\\Gross.lean -o C:\\lean\\libs\\QECLean\\.lake\\build\\lib\\lean\\QEC\\Stabilizer\\Codes\\BivariateBicycle\\Gross.olean -i C:\\lean\\libs\\QECLean\\.lake\\build\\lib\\lean\\QEC\\Stabilizer\\Codes\\BivariateBicycle\\Gross.ilean -c C:\\lean\\libs\\QECLean\\.lake\\build\\ir\\QEC\\Stabilizer\\Codes\\BivariateBicycle\\Gross.c --setup C:\\lean\\libs\\QECLean\\.lake\\build\\ir\\QEC\\Stabilizer\\Codes\\BivariateBicycle\\Gross.setup.json --json",
   "level": "trace"}],
 "inputs":
 [["deps",
   [["QEC/QEC:extraDep", [["@QEC:extraDep", "00000000000006bb"]]],
    ["imports",
     [["QEC.Stabilizer.Codes.BivariateBicycle.Gross.Defs transitive imports (legacy)",
       "9a7f807b575f91f7"],
      ["QEC.Stabilizer.Codes.BivariateBicycle.Gross.Defs:importAllArts",
       "96a3cd4486b8e1c1"],
      ["QEC.Stabilizer.Codes.BivariateBicycle.Gross.CRTFrame transitive imports (legacy)",
       "ed347bab6804bf21"],
      ["QEC.Stabilizer.Codes.BivariateBicycle.Gross.CRTFrame:importAllArts",
       "36551d7079ae72ce"],
      ["QEC.Stabilizer.Codes.BivariateBicycle.Gross.CoverTransfer transitive imports (legacy)",
       "ed347bab6804bf21"],
      ["QEC.Stabilizer.Codes.BivariateBicycle.Gross.CoverTransfer:importAllArts",
       "240351250f225743"],
      ["QEC.Stabilizer.Codes.BivariateBicycle.Gross.DeckHomotopy transitive imports (legacy)",
       "adcd0720c1e6fc90"],
      ["QEC.Stabilizer.Codes.BivariateBicycle.Gross.DeckHomotopy:importAllArts",
       "104805845b83c4f3"],
      ["QEC.Stabilizer.Codes.BivariateBicycle.Gross.Witness transitive imports (legacy)",
       "ca61d79f3167d563"],
      ["QEC.Stabilizer.Codes.BivariateBicycle.Gross.Witness:importAllArts",
       "54b6510cc24ced44"],
      ["QEC.Stabilizer.Codes.BivariateBicycle.Gross.Assembly transitive imports (legacy)",
       "79ca5b7e54cb353f"],
      ["QEC.Stabilizer.Codes.BivariateBicycle.Gross.Assembly:importAllArts",
       "c6dc39e4fc1cbf9c"],
      ["QEC.Stabilizer.Codes.BivariateBicycle.Gross.BaseDistance transitive imports (legacy)",
       "6d15c7f4ed21c473"],
      ["QEC.Stabilizer.Codes.BivariateBicycle.Gross.BaseDistance:importAllArts",
       "86d98c2c03a39518"],
      ["QEC.Stabilizer.Codes.BivariateBicycle.Gross.DangerousSector transitive imports (legacy)",
       "57adefd92a0db329"],
      ["QEC.Stabilizer.Codes.BivariateBicycle.Gross.DangerousSector:importAllArts",
       "967879b9b49b257d"],
      ["QEC.Stabilizer.Codes.BivariateBicycle.Gross.SafeSector transitive imports (legacy)",
       "687d93144fcb09a6"],
      ["QEC.Stabilizer.Codes.BivariateBicycle.Gross.SafeSector:importAllArts",
       "9332c7b659b45022"],
      ["QEC.Stabilizer.Codes.BivariateBicycle.Gross.StabilizerCodeData transitive imports (legacy)",
       "ed347bab6804bf21"],
      ["QEC.Stabilizer.Codes.BivariateBicycle.Gross.StabilizerCodeData:importAllArts",
       "86e6ac4d35574805"],
      ["QEC.Stabilizer.Codes.BivariateBicycle.Gross.StabilizerCode transitive imports (legacy)",
       "c66811b21f825334"],
      ["QEC.Stabilizer.Codes.BivariateBicycle.Gross.StabilizerCode:importAllArts",
       "93fb7be2d83b7114"],
      ["QEC.Stabilizer.Codes.BivariateBicycle.Gross.LightStab transitive imports (legacy)",
       "331b4e259c0247f4"],
      ["QEC.Stabilizer.Codes.BivariateBicycle.Gross.LightStab:importAllArts",
       "7f358ba6d193e990"],
      ["QEC.Stabilizer.Codes.BivariateBicycle.Gross.LightStabClassify transitive imports (legacy)",
       "eb89fe15c0e5cd8e"],
      ["QEC.Stabilizer.Codes.BivariateBicycle.Gross.LightStabClassify:importAllArts",
       "750e6e7171fc03f1"],
      ["QEC.Stabilizer.Codes.BivariateBicycle.Gross.SafeFloor transitive imports (legacy)",
       "126e1f7135960b7f"],
      ["QEC.Stabilizer.Codes.BivariateBicycle.Gross.SafeFloor:importAllArts",
       "4597f0dc9be3693d"],
      ["QEC.Stabilizer.Codes.BivariateBicycle.Gross.Distance transitive imports (legacy)",
       "664f92c06f5b5b54"],
      ["QEC.Stabilizer.Codes.BivariateBicycle.Gross.Distance:importAllArts",
       "7df1e27efaebf612"],
      ["QEC.Stabilizer.Codes.BivariateBicycle.Gross.LayerInstance transitive imports (legacy)",
       "e2c79143b7354c44"],
      ["QEC.Stabilizer.Codes.BivariateBicycle.Gross.LayerInstance:importAllArts",
       "2d4d6e19a015bdfe"]]]]],
  ["libs",
   [["import dynlibs", "00000000000006bb"],
    ["package external libraries", "00000000000006bb"],
    ["module dynlibs", "00000000000006bb"],
    ["module plugins", "00000000000006bb"]]],
  ["Lean 4.34.0, commit 3447a668783dbce1a8fdb97101dd067687b2b418",
   "421484e3e0c70198"],
  ["C:\\lean\\libs\\QECLean\\QEC\\Stabilizer\\Codes\\BivariateBicycle\\Gross.lean",
   "6da7d5e134330a36"],
  ["options",
   [["-DmaxSynthPendingDepth=3", "c78e353d34de85d4"],
    ["-DrelaxedAutoImplicit=false", "74a2b5546b55be80"],
    ["-Dpp.unicode.fun=true", "9b94070140457fab"],
    ["-DautoImplicit=false", "4a85acb881fd49d0"]]],
  ["isModule: false", "feefd2a0d3a1847e"],
  ["Module.name: QEC.Stabilizer.Codes.BivariateBicycle.Gross",
   "0defb5bffa81c1ba"],
  ["Package.id?: (some QEC)", "93dadbf2094f452e"],
  ["Module.leanArgs: #[]", "00000000000006bb"]],
 "depHash": "c2db2747242d255e"}