{"synthetic": false,
 "schemaVersion": "2025-09-10",
 "outputs":
 {"o": ["55650e3e5afaa1d3.olean"],
  "m": false,
  "i": "c09b8db56eaefb9a.ilean",
  "c": "a6b6b22bcd66fa19.c"},
 "log":
 [{"message":
   ".> LEAN_PATH=C:\\lean\\mathlib4\\.lake\\packages\\Qq\\.lake\\build\\lib\\lean;C:\\lean\\mathlib4\\.lake\\packages\\aesop\\.lake\\build\\lib\\lean;C:\\lean\\mathlib4\\.lake\\packages\\proofwidgets\\.lake\\build\\lib\\lean;C:\\lean\\mathlib4\\.lake\\packages\\importGraph\\.lake\\build\\lib\\lean;C:\\lean\\mathlib4\\.lake\\packages\\LeanSearchClient\\.lake\\build\\lib\\lean;C:\\lean\\mathlib4\\.lake\\packages\\plausible\\.lake\\build\\lib\\lean;C:\\lean\\mathlib4\\.lake\\packages\\batteries\\.lake\\build\\lib\\lean;C:\\lean\\mathlib4\\.lake\\packages\\Cli\\.lake\\build\\lib\\lean;C:\\lean\\mathlib4\\.lake\\build\\lib\\lean;C:\\lean\\LeanArchitect\\.lake\\build\\lib\\lean;C:\\lean\\libs\\QECLean\\.lake\\build\\lib\\lean c:\\Users\\Administrator\\.elan\\toolchains\\leanprover--lean4---v4.34.0\\bin\\lean.exe C:\\lean\\libs\\QECLean\\QEC\\Stabilizer\\Foundations\\PauliGroupSingle\\Commutation.lean -o C:\\lean\\libs\\QECLean\\.lake\\build\\lib\\lean\\QEC\\Stabilizer\\Foundations\\PauliGroupSingle\\Commutation.olean -i C:\\lean\\libs\\QECLean\\.lake\\build\\lib\\lean\\QEC\\Stabilizer\\Foundations\\PauliGroupSingle\\Commutation.ilean -c C:\\lean\\libs\\QECLean\\.lake\\build\\ir\\QEC\\Stabilizer\\Foundations\\PauliGroupSingle\\Commutation.c --setup C:\\lean\\libs\\QECLean\\.lake\\build\\ir\\QEC\\Stabilizer\\Foundations\\PauliGroupSingle\\Commutation.setup.json --json",
   "level": "trace"}],
 "inputs":
 [["deps",
   [["QEC/QEC:extraDep", [["@QEC:extraDep", "00000000000006bb"]]],
    ["imports",
     [["Mathlib.Tactic transitive imports (legacy)", "bcbb206fda0bf4c5"],
      ["Mathlib.Tactic:importAllArts", "9e99e1f4b2cc9596"],
      ["QEC.Stabilizer.Foundations.PauliGroupSingle.Core transitive imports (legacy)",
       "9fdaf29f85bd24d6"],
      ["QEC.Stabilizer.Foundations.PauliGroupSingle.Core:importAllArts",
       "444017162891b9a1"],
      ["QEC.Stabilizer.Foundations.PauliGroupSingle.Operator transitive imports (legacy)",
       "6d6ae4da0e6ad64e"],
      ["QEC.Stabilizer.Foundations.PauliGroupSingle.Operator:importAllArts",
       "3d0c78c70f1ecab3"],
      ["QEC.Stabilizer.Foundations.PauliGroupSingle.Element transitive imports (legacy)",
       "efe452649edcb52a"],
      ["QEC.Stabilizer.Foundations.PauliGroupSingle.Element:importAllArts",
       "fe6164cd519ceade"]]]]],
  ["libs",
   [["import dynlibs", "00000000000006bb"],
    ["package external libraries", "00000000000006bb"],
    ["module dynlibs", "00000000000006bb"],
    ["module plugins", "00000000000006bb"]]],
  ["Lean 4.34.0, commit 293d5d0c0c3f3dded4688b3ccd6a33939ac5102b",
   "a1c6c7aa3e9abfe7"],
  ["C:\\lean\\libs\\QECLean\\QEC\\Stabilizer\\Foundations\\PauliGroupSingle\\Commutation.lean",
   "0cd29ef79548be06"],
  ["options",
   [["-DmaxSynthPendingDepth=3", "c78e353d34de85d4"],
    ["-DrelaxedAutoImplicit=false", "74a2b5546b55be80"],
    ["-Dpp.unicode.fun=true", "9b94070140457fab"],
    ["-DautoImplicit=false", "4a85acb881fd49d0"]]],
  ["isModule: false", "feefd2a0d3a1847e"],
  ["Module.name: QEC.Stabilizer.Foundations.PauliGroupSingle.Commutation",
   "c80452d056c7df8b"],
  ["Package.id?: (some QEC)", "93dadbf2094f452e"],
  ["Module.leanArgs: #[]", "00000000000006bb"]],
 "depHash": "a7bf6e7c7c222cf5"}