{"synthetic": false,
 "schemaVersion": "2025-09-10",
 "outputs":
 {"o": ["82b9ee720e8de80e.olean"],
  "m": false,
  "i": "43ebdb4cfd8e9f08.ilean",
  "c": "d6c7d7c63c1e3416.c"},
 "log":
 [{"message":
   ".> LEAN_PATH=C:\\lean\\mathlib4\\.lake\\packages\\Qq\\.lake\\build\\lib\\lean;C:\\lean\\mathlib4\\.lake\\packages\\aesop\\.lake\\build\\lib\\lean;C:\\lean\\mathlib4\\.lake\\packages\\proofwidgets\\.lake\\build\\lib\\lean;C:\\lean\\mathlib4\\.lake\\packages\\importGraph\\.lake\\build\\lib\\lean;C:\\lean\\mathlib4\\.lake\\packages\\LeanSearchClient\\.lake\\build\\lib\\lean;C:\\lean\\mathlib4\\.lake\\packages\\plausible\\.lake\\build\\lib\\lean;C:\\lean\\mathlib4\\.lake\\packages\\batteries\\.lake\\build\\lib\\lean;C:\\lean\\mathlib4\\.lake\\packages\\Cli\\.lake\\build\\lib\\lean;C:\\lean\\mathlib4\\.lake\\build\\lib\\lean;C:\\lean\\LeanArchitect\\.lake\\build\\lib\\lean;C:\\lean\\libs\\QECLean\\.lake\\build\\lib\\lean c:\\Users\\Administrator\\.elan\\toolchains\\leanprover--lean4---v4.34.0-rc1\\bin\\lean.exe C:\\lean\\libs\\QECLean\\QEC\\Stabilizer\\Foundations\\PauliGroupSingle\\Phase.lean -o C:\\lean\\libs\\QECLean\\.lake\\build\\lib\\lean\\QEC\\Stabilizer\\Foundations\\PauliGroupSingle\\Phase.olean -i C:\\lean\\libs\\QECLean\\.lake\\build\\lib\\lean\\QEC\\Stabilizer\\Foundations\\PauliGroupSingle\\Phase.ilean -c C:\\lean\\libs\\QECLean\\.lake\\build\\ir\\QEC\\Stabilizer\\Foundations\\PauliGroupSingle\\Phase.c --setup C:\\lean\\libs\\QECLean\\.lake\\build\\ir\\QEC\\Stabilizer\\Foundations\\PauliGroupSingle\\Phase.setup.json --json",
   "level": "trace"}],
 "inputs":
 [["deps",
   [["QEC/QEC:extraDep", [["@QEC:extraDep", "00000000000006bb"]]],
    ["imports",
     [["Mathlib.Data.Complex.Basic transitive imports (legacy)",
       "8acf827aa9b4fc6a"],
      ["Mathlib.Data.Complex.Basic:importAllArts", "eb0193a8a0a5a55d"],
      ["Mathlib.Algebra.Star.Basic transitive imports (legacy)",
       "169f4e985d382716"],
      ["Mathlib.Algebra.Star.Basic:importAllArts", "04f43a6302400861"],
      ["Mathlib.Tactic transitive imports (legacy)", "e57708850fe46f6d"],
      ["Mathlib.Tactic:importAllArts", "039a1b05b7e8164c"],
      ["QEC.Foundations.Foundations transitive imports (legacy)",
       "0918ebf741f81e5b"],
      ["QEC.Foundations.Foundations:importAllArts", "ccf643c1fb393f19"],
      ["QEC.Stabilizer.Foundations.PauliGroupSingle.Core transitive imports (legacy)",
       "96b152f2b1eec0a3"],
      ["QEC.Stabilizer.Foundations.PauliGroupSingle.Core:importAllArts",
       "caf81aef4c0aaba9"]]]]],
  ["libs",
   [["import dynlibs", "00000000000006bb"],
    ["package external libraries", "00000000000006bb"],
    ["module dynlibs", "00000000000006bb"],
    ["module plugins", "00000000000006bb"]]],
  ["Lean 4.34.0, commit 3447a668783dbce1a8fdb97101dd067687b2b418",
   "421484e3e0c70198"],
  ["C:\\lean\\libs\\QECLean\\QEC\\Stabilizer\\Foundations\\PauliGroupSingle\\Phase.lean",
   "8f93df909b35b68d"],
  ["options",
   [["-DmaxSynthPendingDepth=3", "c78e353d34de85d4"],
    ["-DrelaxedAutoImplicit=false", "74a2b5546b55be80"],
    ["-Dpp.unicode.fun=true", "9b94070140457fab"],
    ["-DautoImplicit=false", "4a85acb881fd49d0"]]],
  ["isModule: false", "feefd2a0d3a1847e"],
  ["Module.name: QEC.Stabilizer.Foundations.PauliGroupSingle.Phase",
   "febefbb6a1279143"],
  ["Package.id?: (some QEC)", "93dadbf2094f452e"],
  ["Module.leanArgs: #[]", "00000000000006bb"]],
 "depHash": "ba5a6ee169f22eab"}