{"synthetic": false,
 "schemaVersion": "2025-09-10",
 "outputs":
 {"o": ["f5244f570e205a9f.olean"],
  "m": false,
  "i": "90016e74e2425a1a.ilean",
  "c": "40f29ba3d3d29a1e.c"},
 "log":
 [{"message":
   ".> LEAN_PATH=C:\\lean\\mathlib4\\.lake\\packages\\Qq\\.lake\\build\\lib\\lean;C:\\lean\\mathlib4\\.lake\\packages\\aesop\\.lake\\build\\lib\\lean;C:\\lean\\mathlib4\\.lake\\packages\\proofwidgets\\.lake\\build\\lib\\lean;C:\\lean\\mathlib4\\.lake\\packages\\importGraph\\.lake\\build\\lib\\lean;C:\\lean\\mathlib4\\.lake\\packages\\LeanSearchClient\\.lake\\build\\lib\\lean;C:\\lean\\mathlib4\\.lake\\packages\\plausible\\.lake\\build\\lib\\lean;C:\\lean\\mathlib4\\.lake\\packages\\batteries\\.lake\\build\\lib\\lean;C:\\lean\\mathlib4\\.lake\\packages\\Cli\\.lake\\build\\lib\\lean;C:\\lean\\mathlib4\\.lake\\build\\lib\\lean;C:\\lean\\LeanArchitect\\.lake\\build\\lib\\lean;C:\\lean\\libs\\QECLean\\.lake\\build\\lib\\lean c:\\Users\\Administrator\\.elan\\toolchains\\leanprover--lean4---v4.34.0-rc1\\bin\\lean.exe C:\\lean\\libs\\QECLean\\QEC\\Stabilizer\\Foundations\\PauliGroupSingle\\Representation.lean -o C:\\lean\\libs\\QECLean\\.lake\\build\\lib\\lean\\QEC\\Stabilizer\\Foundations\\PauliGroupSingle\\Representation.olean -i C:\\lean\\libs\\QECLean\\.lake\\build\\lib\\lean\\QEC\\Stabilizer\\Foundations\\PauliGroupSingle\\Representation.ilean -c C:\\lean\\libs\\QECLean\\.lake\\build\\ir\\QEC\\Stabilizer\\Foundations\\PauliGroupSingle\\Representation.c --setup C:\\lean\\libs\\QECLean\\.lake\\build\\ir\\QEC\\Stabilizer\\Foundations\\PauliGroupSingle\\Representation.setup.json --json",
   "level": "trace"}],
 "inputs":
 [["deps",
   [["QEC/QEC:extraDep", [["@QEC:extraDep", "00000000000006bb"]]],
    ["imports",
     [["Mathlib.LinearAlgebra.Matrix.Defs transitive imports (legacy)",
       "7d2f80da9d61d196"],
      ["Mathlib.LinearAlgebra.Matrix.Defs:importAllArts", "43958b11a881d037"],
      ["Mathlib.LinearAlgebra.Matrix.Notation transitive imports (legacy)",
       "00dda446a3ddb8c7"],
      ["Mathlib.LinearAlgebra.Matrix.Notation:importAllArts",
       "661783f94c517390"],
      ["Mathlib.Data.Complex.Basic transitive imports (legacy)",
       "8acf827aa9b4fc6a"],
      ["Mathlib.Data.Complex.Basic:importAllArts", "eb0193a8a0a5a55d"],
      ["Mathlib.Tactic transitive imports (legacy)", "e57708850fe46f6d"],
      ["Mathlib.Tactic:importAllArts", "039a1b05b7e8164c"],
      ["Mathlib.Algebra.Star.Basic transitive imports (legacy)",
       "169f4e985d382716"],
      ["Mathlib.Algebra.Star.Basic:importAllArts", "04f43a6302400861"],
      ["QEC.Foundations.Foundations transitive imports (legacy)",
       "0918ebf741f81e5b"],
      ["QEC.Foundations.Foundations:importAllArts", "ccf643c1fb393f19"],
      ["QEC.Stabilizer.Foundations.PauliGroupSingle.Core transitive imports (legacy)",
       "96b152f2b1eec0a3"],
      ["QEC.Stabilizer.Foundations.PauliGroupSingle.Core:importAllArts",
       "caf81aef4c0aaba9"],
      ["QEC.Stabilizer.Foundations.PauliGroupSingle.Operator transitive imports (legacy)",
       "46437835596693be"],
      ["QEC.Stabilizer.Foundations.PauliGroupSingle.Operator:importAllArts",
       "80b83cc0be86b484"],
      ["QEC.Stabilizer.Foundations.PauliGroupSingle.Phase transitive imports (legacy)",
       "e1a8ee5ef1256ff8"],
      ["QEC.Stabilizer.Foundations.PauliGroupSingle.Phase:importAllArts",
       "5ed2f9a4b812e89a"],
      ["QEC.Stabilizer.Foundations.PauliGroupSingle.Element transitive imports (legacy)",
       "81c54aa302421537"],
      ["QEC.Stabilizer.Foundations.PauliGroupSingle.Element:importAllArts",
       "139c6422fa26a05b"]]]]],
  ["libs",
   [["import dynlibs", "00000000000006bb"],
    ["package external libraries", "00000000000006bb"],
    ["module dynlibs", "00000000000006bb"],
    ["module plugins", "00000000000006bb"]]],
  ["Lean 4.34.0, commit 3447a668783dbce1a8fdb97101dd067687b2b418",
   "421484e3e0c70198"],
  ["C:\\lean\\libs\\QECLean\\QEC\\Stabilizer\\Foundations\\PauliGroupSingle\\Representation.lean",
   "4d2f20366e492536"],
  ["options",
   [["-DmaxSynthPendingDepth=3", "c78e353d34de85d4"],
    ["-DrelaxedAutoImplicit=false", "74a2b5546b55be80"],
    ["-Dpp.unicode.fun=true", "9b94070140457fab"],
    ["-DautoImplicit=false", "4a85acb881fd49d0"]]],
  ["isModule: false", "feefd2a0d3a1847e"],
  ["Module.name: QEC.Stabilizer.Foundations.PauliGroupSingle.Representation",
   "278573ecf6bc8ce5"],
  ["Package.id?: (some QEC)", "93dadbf2094f452e"],
  ["Module.leanArgs: #[]", "00000000000006bb"]],
 "depHash": "7dad261d2fb276a7"}