{"synthetic": false,
 "schemaVersion": "2025-09-10",
 "outputs":
 {"o": ["5c39723eb9df6d72.olean"],
  "m": false,
  "i": "5ec667a7bf019ac3.ilean",
  "c": "d312e0070f433288.c"},
 "log":
 [{"message":
   ".> LEAN_PATH=C:\\lean\\mathlib4\\.lake\\packages\\Qq\\.lake\\build\\lib\\lean;C:\\lean\\mathlib4\\.lake\\packages\\aesop\\.lake\\build\\lib\\lean;C:\\lean\\mathlib4\\.lake\\packages\\proofwidgets\\.lake\\build\\lib\\lean;C:\\lean\\mathlib4\\.lake\\packages\\importGraph\\.lake\\build\\lib\\lean;C:\\lean\\mathlib4\\.lake\\packages\\LeanSearchClient\\.lake\\build\\lib\\lean;C:\\lean\\mathlib4\\.lake\\packages\\plausible\\.lake\\build\\lib\\lean;C:\\lean\\mathlib4\\.lake\\packages\\batteries\\.lake\\build\\lib\\lean;C:\\lean\\mathlib4\\.lake\\packages\\Cli\\.lake\\build\\lib\\lean;C:\\lean\\mathlib4\\.lake\\build\\lib\\lean;C:\\lean\\LeanArchitect\\.lake\\build\\lib\\lean;C:\\lean\\libs\\QECLean\\.lake\\build\\lib\\lean c:\\Users\\Administrator\\.elan\\toolchains\\leanprover--lean4---v4.34.0\\bin\\lean.exe C:\\lean\\libs\\QECLean\\QEC\\Foundations\\Foundations.lean -o C:\\lean\\libs\\QECLean\\.lake\\build\\lib\\lean\\QEC\\Foundations\\Foundations.olean -i C:\\lean\\libs\\QECLean\\.lake\\build\\lib\\lean\\QEC\\Foundations\\Foundations.ilean -c C:\\lean\\libs\\QECLean\\.lake\\build\\ir\\QEC\\Foundations\\Foundations.c --setup C:\\lean\\libs\\QECLean\\.lake\\build\\ir\\QEC\\Foundations\\Foundations.setup.json --json",
   "level": "trace"}],
 "inputs":
 [["deps",
   [["QEC/QEC:extraDep", [["@QEC:extraDep", "00000000000006bb"]]],
    ["imports",
     [["QEC.Foundations.Basic transitive imports (legacy)", "345a374e35372b2a"],
      ["QEC.Foundations.Basic:importAllArts", "a1b695c80d11aef2"],
      ["QEC.Foundations.KetNotation transitive imports (legacy)",
       "d4ef5afc3214d671"],
      ["QEC.Foundations.KetNotation:importAllArts", "fa1b4bf135390a0c"],
      ["QEC.Foundations.Gates transitive imports (legacy)", "d07209b298392eb3"],
      ["QEC.Foundations.Gates:importAllArts", "ce61abf29db6dc1a"],
      ["QEC.Foundations.Tensor transitive imports (legacy)",
       "4b7b1266803b0f40"],
      ["QEC.Foundations.Tensor:importAllArts", "806fed9e8ff2c489"],
      ["QEC.Foundations.GateConjugation transitive imports (legacy)",
       "7ac40c7d11b51244"],
      ["QEC.Foundations.GateConjugation:importAllArts", "d5cd96241d180870"]]]]],
  ["libs",
   [["import dynlibs", "00000000000006bb"],
    ["package external libraries", "00000000000006bb"],
    ["module dynlibs", "00000000000006bb"],
    ["module plugins", "00000000000006bb"]]],
  ["Lean 4.34.0, commit 293d5d0c0c3f3dded4688b3ccd6a33939ac5102b",
   "a1c6c7aa3e9abfe7"],
  ["C:\\lean\\libs\\QECLean\\QEC\\Foundations\\Foundations.lean",
   "896c5713e7241dba"],
  ["options",
   [["-DmaxSynthPendingDepth=3", "c78e353d34de85d4"],
    ["-DrelaxedAutoImplicit=false", "74a2b5546b55be80"],
    ["-Dpp.unicode.fun=true", "9b94070140457fab"],
    ["-DautoImplicit=false", "4a85acb881fd49d0"]]],
  ["isModule: false", "feefd2a0d3a1847e"],
  ["Module.name: QEC.Foundations.Foundations", "92d038d24e3143a2"],
  ["Package.id?: (some QEC)", "93dadbf2094f452e"],
  ["Module.leanArgs: #[]", "00000000000006bb"]],
 "depHash": "e88ef4c10894168c"}