{"synthetic": false,
 "schemaVersion": "2025-09-10",
 "outputs":
 {"o": ["67947dcc1b28b812.olean"],
  "m": false,
  "i": "aa90ae673381cbee.ilean",
  "c": "54f9f04da92ea32a.c"},
 "log":
 [{"message":
   ".> LEAN_PATH=C:\\lean\\mathlib4\\.lake\\packages\\Qq\\.lake\\build\\lib\\lean;C:\\lean\\mathlib4\\.lake\\packages\\aesop\\.lake\\build\\lib\\lean;C:\\lean\\mathlib4\\.lake\\packages\\proofwidgets\\.lake\\build\\lib\\lean;C:\\lean\\mathlib4\\.lake\\packages\\importGraph\\.lake\\build\\lib\\lean;C:\\lean\\mathlib4\\.lake\\packages\\LeanSearchClient\\.lake\\build\\lib\\lean;C:\\lean\\mathlib4\\.lake\\packages\\plausible\\.lake\\build\\lib\\lean;C:\\lean\\mathlib4\\.lake\\packages\\batteries\\.lake\\build\\lib\\lean;C:\\lean\\mathlib4\\.lake\\packages\\Cli\\.lake\\build\\lib\\lean;C:\\lean\\mathlib4\\.lake\\build\\lib\\lean;C:\\lean\\LeanArchitect\\.lake\\build\\lib\\lean;C:\\lean\\libs\\QECLean\\.lake\\build\\lib\\lean c:\\Users\\Administrator\\.elan\\toolchains\\leanprover--lean4---v4.34.0\\bin\\lean.exe C:\\lean\\libs\\QECLean\\QEC\\Foundations\\Gates.lean -o C:\\lean\\libs\\QECLean\\.lake\\build\\lib\\lean\\QEC\\Foundations\\Gates.olean -i C:\\lean\\libs\\QECLean\\.lake\\build\\lib\\lean\\QEC\\Foundations\\Gates.ilean -c C:\\lean\\libs\\QECLean\\.lake\\build\\ir\\QEC\\Foundations\\Gates.c --setup C:\\lean\\libs\\QECLean\\.lake\\build\\ir\\QEC\\Foundations\\Gates.setup.json --json",
   "level": "trace"},
  {"message":
   "QEC/Foundations/Gates.lean:3:0: 'Mathlib.Data.Complex.Basic' has been deprecated: please replace this import by\n\nimport Mathlib.Basic.Complex.Basic",
   "level": "warning"}],
 "inputs":
 [["deps",
   [["QEC/QEC:extraDep", [["@QEC:extraDep", "00000000000006bb"]]],
    ["imports",
     [["Mathlib.LinearAlgebra.Matrix.Defs transitive imports (legacy)",
       "2edef13933d91dd6"],
      ["Mathlib.LinearAlgebra.Matrix.Defs:importAllArts", "95e7079690e42efe"],
      ["Mathlib.LinearAlgebra.Matrix.Notation transitive imports (legacy)",
       "40265f511a9af1e1"],
      ["Mathlib.LinearAlgebra.Matrix.Notation:importAllArts",
       "0c859c86ed79388e"],
      ["Mathlib.Data.Complex.Basic transitive imports (legacy)",
       "f624ea9ec78b44fd"],
      ["Mathlib.Data.Complex.Basic:importAllArts", "e929238c5f56d0f2"],
      ["Mathlib.Tactic transitive imports (legacy)", "bcbb206fda0bf4c5"],
      ["Mathlib.Tactic:importAllArts", "9e99e1f4b2cc9596"],
      ["Mathlib.LinearAlgebra.UnitaryGroup transitive imports (legacy)",
       "1585343a043f9af1"],
      ["Mathlib.LinearAlgebra.UnitaryGroup:importAllArts", "e631ea85dcacc7b4"],
      ["QEC.Foundations.KetNotation transitive imports (legacy)",
       "d4ef5afc3214d671"],
      ["QEC.Foundations.KetNotation:importAllArts", "fa1b4bf135390a0c"]]]]],
  ["libs",
   [["import dynlibs", "00000000000006bb"],
    ["package external libraries", "00000000000006bb"],
    ["module dynlibs", "00000000000006bb"],
    ["module plugins", "00000000000006bb"]]],
  ["Lean 4.34.0, commit 293d5d0c0c3f3dded4688b3ccd6a33939ac5102b",
   "a1c6c7aa3e9abfe7"],
  ["C:\\lean\\libs\\QECLean\\QEC\\Foundations\\Gates.lean", "c185bca786d81ce5"],
  ["options",
   [["-DmaxSynthPendingDepth=3", "c78e353d34de85d4"],
    ["-DrelaxedAutoImplicit=false", "74a2b5546b55be80"],
    ["-Dpp.unicode.fun=true", "9b94070140457fab"],
    ["-DautoImplicit=false", "4a85acb881fd49d0"]]],
  ["isModule: false", "feefd2a0d3a1847e"],
  ["Module.name: QEC.Foundations.Gates", "d2ba66fd19b4f4b0"],
  ["Package.id?: (some QEC)", "93dadbf2094f452e"],
  ["Module.leanArgs: #[]", "00000000000006bb"]],
 "depHash": "c1be0fc8b368787c"}