{"synthetic": false,
 "schemaVersion": "2025-09-10",
 "outputs":
 {"o": ["f752ed42fe40bc77.olean"],
  "m": false,
  "i": "5b36a93425af9c8f.ilean",
  "c": "bb3852d82bedec5d.c"},
 "log":
 [{"message":
   ".> LEAN_PATH=C:\\lean\\mathlib4\\.lake\\packages\\Qq\\.lake\\build\\lib\\lean;C:\\lean\\mathlib4\\.lake\\packages\\aesop\\.lake\\build\\lib\\lean;C:\\lean\\mathlib4\\.lake\\packages\\proofwidgets\\.lake\\build\\lib\\lean;C:\\lean\\mathlib4\\.lake\\packages\\importGraph\\.lake\\build\\lib\\lean;C:\\lean\\mathlib4\\.lake\\packages\\LeanSearchClient\\.lake\\build\\lib\\lean;C:\\lean\\mathlib4\\.lake\\packages\\plausible\\.lake\\build\\lib\\lean;C:\\lean\\mathlib4\\.lake\\packages\\batteries\\.lake\\build\\lib\\lean;C:\\lean\\mathlib4\\.lake\\packages\\Cli\\.lake\\build\\lib\\lean;C:\\lean\\mathlib4\\.lake\\build\\lib\\lean;C:\\lean\\LeanArchitect\\.lake\\build\\lib\\lean;C:\\lean\\libs\\QECLean\\.lake\\build\\lib\\lean c:\\Users\\Administrator\\.elan\\toolchains\\leanprover--lean4---v4.34.0-rc1\\bin\\lean.exe C:\\lean\\libs\\QECLean\\QEC\\Stabilizer\\Foundations\\BinarySymplectic.lean -o C:\\lean\\libs\\QECLean\\.lake\\build\\lib\\lean\\QEC\\Stabilizer\\Foundations\\BinarySymplectic.olean -i C:\\lean\\libs\\QECLean\\.lake\\build\\lib\\lean\\QEC\\Stabilizer\\Foundations\\BinarySymplectic.ilean -c C:\\lean\\libs\\QECLean\\.lake\\build\\ir\\QEC\\Stabilizer\\Foundations\\BinarySymplectic.c --setup C:\\lean\\libs\\QECLean\\.lake\\build\\ir\\QEC\\Stabilizer\\Foundations\\BinarySymplectic.setup.json --json",
   "level": "trace"}],
 "inputs":
 [["deps",
   [["QEC/QEC:extraDep", [["@QEC:extraDep", "00000000000006bb"]]],
    ["imports",
     [["QEC.Stabilizer.Foundations.BinarySymplectic.Core transitive imports (legacy)",
       "4fb21af99baa7d7e"],
      ["QEC.Stabilizer.Foundations.BinarySymplectic.Core:importAllArts",
       "16984f4de32486d1"],
      ["QEC.Stabilizer.Foundations.BinarySymplectic.SymplecticInner transitive imports (legacy)",
       "37cddeb0a8060acc"],
      ["QEC.Stabilizer.Foundations.BinarySymplectic.SymplecticInner:importAllArts",
       "d1d566ac7d1f3ee2"],
      ["QEC.Stabilizer.Foundations.BinarySymplectic.CheckMatrix transitive imports (legacy)",
       "857ce328ddc616e7"],
      ["QEC.Stabilizer.Foundations.BinarySymplectic.CheckMatrix:importAllArts",
       "d613f49ac768051f"],
      ["QEC.Stabilizer.Foundations.BinarySymplectic.CheckMatrixDecidable transitive imports (legacy)",
       "15f0b98315646b27"],
      ["QEC.Stabilizer.Foundations.BinarySymplectic.CheckMatrixDecidable:importAllArts",
       "eb59384832a3678c"]]]]],
  ["libs",
   [["import dynlibs", "00000000000006bb"],
    ["package external libraries", "00000000000006bb"],
    ["module dynlibs", "00000000000006bb"],
    ["module plugins", "00000000000006bb"]]],
  ["Lean 4.34.0, commit 3447a668783dbce1a8fdb97101dd067687b2b418",
   "421484e3e0c70198"],
  ["C:\\lean\\libs\\QECLean\\QEC\\Stabilizer\\Foundations\\BinarySymplectic.lean",
   "0cf8db9f52ab2154"],
  ["options",
   [["-DmaxSynthPendingDepth=3", "c78e353d34de85d4"],
    ["-DrelaxedAutoImplicit=false", "74a2b5546b55be80"],
    ["-Dpp.unicode.fun=true", "9b94070140457fab"],
    ["-DautoImplicit=false", "4a85acb881fd49d0"]]],
  ["isModule: false", "feefd2a0d3a1847e"],
  ["Module.name: QEC.Stabilizer.Foundations.BinarySymplectic",
   "ae1360b422ffc961"],
  ["Package.id?: (some QEC)", "93dadbf2094f452e"],
  ["Module.leanArgs: #[]", "00000000000006bb"]],
 "depHash": "fa39d7f3f6b4ea16"}