{"synthetic": false,
 "schemaVersion": "2025-09-10",
 "outputs":
 {"o": ["149ffef4607dc249.olean"],
  "m": false,
  "i": "7bab11ef0c990e49.ilean",
  "c": "892da72e606e502a.c"},
 "log":
 [{"message":
   ".> LEAN_PATH=C:\\lean\\mathlib4\\.lake\\packages\\Qq\\.lake\\build\\lib\\lean;C:\\lean\\mathlib4\\.lake\\packages\\aesop\\.lake\\build\\lib\\lean;C:\\lean\\mathlib4\\.lake\\packages\\proofwidgets\\.lake\\build\\lib\\lean;C:\\lean\\mathlib4\\.lake\\packages\\importGraph\\.lake\\build\\lib\\lean;C:\\lean\\mathlib4\\.lake\\packages\\LeanSearchClient\\.lake\\build\\lib\\lean;C:\\lean\\mathlib4\\.lake\\packages\\plausible\\.lake\\build\\lib\\lean;C:\\lean\\mathlib4\\.lake\\packages\\batteries\\.lake\\build\\lib\\lean;C:\\lean\\mathlib4\\.lake\\packages\\Cli\\.lake\\build\\lib\\lean;C:\\lean\\mathlib4\\.lake\\build\\lib\\lean;C:\\lean\\LeanArchitect\\.lake\\build\\lib\\lean;C:\\lean\\libs\\QECLean\\.lake\\build\\lib\\lean c:\\Users\\Administrator\\.elan\\toolchains\\leanprover--lean4---v4.34.0\\bin\\lean.exe C:\\lean\\libs\\QECLean\\QEC\\Stabilizer\\Foundations\\PauliGroupSingle.lean -o C:\\lean\\libs\\QECLean\\.lake\\build\\lib\\lean\\QEC\\Stabilizer\\Foundations\\PauliGroupSingle.olean -i C:\\lean\\libs\\QECLean\\.lake\\build\\lib\\lean\\QEC\\Stabilizer\\Foundations\\PauliGroupSingle.ilean -c C:\\lean\\libs\\QECLean\\.lake\\build\\ir\\QEC\\Stabilizer\\Foundations\\PauliGroupSingle.c --setup C:\\lean\\libs\\QECLean\\.lake\\build\\ir\\QEC\\Stabilizer\\Foundations\\PauliGroupSingle.setup.json --json",
   "level": "trace"}],
 "inputs":
 [["deps",
   [["QEC/QEC:extraDep", [["@QEC:extraDep", "00000000000006bb"]]],
    ["imports",
     [["QEC.Stabilizer.Foundations.PauliGroupSingle.Core transitive imports (legacy)",
       "9fdaf29f85bd24d6"],
      ["QEC.Stabilizer.Foundations.PauliGroupSingle.Core:importAllArts",
       "444017162891b9a1"],
      ["QEC.Stabilizer.Foundations.PauliGroupSingle.Operator transitive imports (legacy)",
       "6d6ae4da0e6ad64e"],
      ["QEC.Stabilizer.Foundations.PauliGroupSingle.Operator:importAllArts",
       "3d0c78c70f1ecab3"],
      ["QEC.Stabilizer.Foundations.PauliGroupSingle.Phase transitive imports (legacy)",
       "5dab680bfe7185e1"],
      ["QEC.Stabilizer.Foundations.PauliGroupSingle.Phase:importAllArts",
       "0659b0dc5739484c"],
      ["QEC.Stabilizer.Foundations.PauliGroupSingle.Element transitive imports (legacy)",
       "efe452649edcb52a"],
      ["QEC.Stabilizer.Foundations.PauliGroupSingle.Element:importAllArts",
       "fe6164cd519ceade"],
      ["QEC.Stabilizer.Foundations.PauliGroupSingle.Representation transitive imports (legacy)",
       "fcd138a8e771fa36"],
      ["QEC.Stabilizer.Foundations.PauliGroupSingle.Representation:importAllArts",
       "dceff8e311cb5ca9"],
      ["QEC.Stabilizer.Foundations.PauliGroupSingle.Commutation transitive imports (legacy)",
       "eeafcda0e2324b9c"],
      ["QEC.Stabilizer.Foundations.PauliGroupSingle.Commutation:importAllArts",
       "3f4bf16dd3f7636c"]]]]],
  ["libs",
   [["import dynlibs", "00000000000006bb"],
    ["package external libraries", "00000000000006bb"],
    ["module dynlibs", "00000000000006bb"],
    ["module plugins", "00000000000006bb"]]],
  ["Lean 4.34.0, commit 293d5d0c0c3f3dded4688b3ccd6a33939ac5102b",
   "a1c6c7aa3e9abfe7"],
  ["C:\\lean\\libs\\QECLean\\QEC\\Stabilizer\\Foundations\\PauliGroupSingle.lean",
   "053e7351b18e0485"],
  ["options",
   [["-DmaxSynthPendingDepth=3", "c78e353d34de85d4"],
    ["-DrelaxedAutoImplicit=false", "74a2b5546b55be80"],
    ["-Dpp.unicode.fun=true", "9b94070140457fab"],
    ["-DautoImplicit=false", "4a85acb881fd49d0"]]],
  ["isModule: false", "feefd2a0d3a1847e"],
  ["Module.name: QEC.Stabilizer.Foundations.PauliGroupSingle",
   "0cc345095dd098c3"],
  ["Package.id?: (some QEC)", "93dadbf2094f452e"],
  ["Module.leanArgs: #[]", "00000000000006bb"]],
 "depHash": "4b6230a5d8cf0212"}