{"synthetic": false,
 "schemaVersion": "2025-09-10",
 "outputs":
 {"o": ["3f173aafed447e09.olean"],
  "m": false,
  "i": "bc08faa6e6e02a0c.ilean",
  "c": "f810a4e0ed473167.c"},
 "log":
 [{"message":
   ".> LEAN_PATH=C:\\lean\\mathlib4\\.lake\\packages\\Qq\\.lake\\build\\lib\\lean;C:\\lean\\mathlib4\\.lake\\packages\\aesop\\.lake\\build\\lib\\lean;C:\\lean\\mathlib4\\.lake\\packages\\proofwidgets\\.lake\\build\\lib\\lean;C:\\lean\\mathlib4\\.lake\\packages\\importGraph\\.lake\\build\\lib\\lean;C:\\lean\\mathlib4\\.lake\\packages\\LeanSearchClient\\.lake\\build\\lib\\lean;C:\\lean\\mathlib4\\.lake\\packages\\plausible\\.lake\\build\\lib\\lean;C:\\lean\\mathlib4\\.lake\\packages\\batteries\\.lake\\build\\lib\\lean;C:\\lean\\mathlib4\\.lake\\packages\\Cli\\.lake\\build\\lib\\lean;C:\\lean\\mathlib4\\.lake\\build\\lib\\lean;C:\\lean\\LeanArchitect\\.lake\\build\\lib\\lean;C:\\lean\\libs\\QECLean\\.lake\\build\\lib\\lean c:\\Users\\Administrator\\.elan\\toolchains\\leanprover--lean4---v4.34.0\\bin\\lean.exe C:\\lean\\libs\\QECLean\\QEC\\Stabilizer\\Codes\\Small\\Shor9.lean -o C:\\lean\\libs\\QECLean\\.lake\\build\\lib\\lean\\QEC\\Stabilizer\\Codes\\Small\\Shor9.olean -i C:\\lean\\libs\\QECLean\\.lake\\build\\lib\\lean\\QEC\\Stabilizer\\Codes\\Small\\Shor9.ilean -c C:\\lean\\libs\\QECLean\\.lake\\build\\ir\\QEC\\Stabilizer\\Codes\\Small\\Shor9.c --setup C:\\lean\\libs\\QECLean\\.lake\\build\\ir\\QEC\\Stabilizer\\Codes\\Small\\Shor9.setup.json --json",
   "level": "trace"}],
 "inputs":
 [["deps",
   [["QEC/QEC:extraDep", [["@QEC:extraDep", "00000000000006bb"]]],
    ["imports",
     [["Mathlib.Tactic transitive imports (legacy)", "bcbb206fda0bf4c5"],
      ["Mathlib.Tactic:importAllArts", "9e99e1f4b2cc9596"],
      ["QEC.Stabilizer.Framework.Core.Stabilizer.StabilizerGroup transitive imports (legacy)",
       "0fd097d593fb638d"],
      ["QEC.Stabilizer.Framework.Core.Stabilizer.StabilizerGroup:importAllArts",
       "b8750621ba9bb11b"],
      ["QEC.Stabilizer.Framework.Core.Stabilizer.SubgroupLemmas transitive imports (legacy)",
       "04bd9c44790a3df3"],
      ["QEC.Stabilizer.Framework.Core.Stabilizer.SubgroupLemmas:importAllArts",
       "257c20a857f12e7d"],
      ["QEC.Stabilizer.Framework.Core.CSS.CSSPredicates transitive imports (legacy)",
       "e135caa110925a34"],
      ["QEC.Stabilizer.Framework.Core.CSS.CSSPredicates:importAllArts",
       "e094d6bdd7bd41a7"],
      ["QEC.Stabilizer.Framework.Core.CSS.CSSNoNegI transitive imports (legacy)",
       "a9dc07e2268c15a4"],
      ["QEC.Stabilizer.Framework.Core.CSS.CSSNoNegI:importAllArts",
       "86d86b99dec53eeb"],
      ["QEC.Stabilizer.Framework.Core.CSS.CSSCommutationLemmas transitive imports (legacy)",
       "49d1c10cca123932"],
      ["QEC.Stabilizer.Framework.Core.CSS.CSSCommutationLemmas:importAllArts",
       "3fa3fbfb1db42ef5"],
      ["QEC.Stabilizer.Foundations.PauliGroup.Commutation transitive imports (legacy)",
       "92f348202e1f5aa7"],
      ["QEC.Stabilizer.Foundations.PauliGroup.Commutation:importAllArts",
       "c48d30ed3b4c8741"],
      ["QEC.Stabilizer.Foundations.PauliGroup.CommutationTactics transitive imports (legacy)",
       "2e4050ec274828df"],
      ["QEC.Stabilizer.Foundations.PauliGroup.CommutationTactics:importAllArts",
       "9aca66613ead89a1"]]]]],
  ["libs",
   [["import dynlibs", "00000000000006bb"],
    ["package external libraries", "00000000000006bb"],
    ["module dynlibs", "00000000000006bb"],
    ["module plugins", "00000000000006bb"]]],
  ["Lean 4.34.0, commit 293d5d0c0c3f3dded4688b3ccd6a33939ac5102b",
   "a1c6c7aa3e9abfe7"],
  ["C:\\lean\\libs\\QECLean\\QEC\\Stabilizer\\Codes\\Small\\Shor9.lean",
   "55bb08f7a4285c12"],
  ["options",
   [["-DmaxSynthPendingDepth=3", "c78e353d34de85d4"],
    ["-DrelaxedAutoImplicit=false", "74a2b5546b55be80"],
    ["-Dpp.unicode.fun=true", "9b94070140457fab"],
    ["-DautoImplicit=false", "4a85acb881fd49d0"]]],
  ["isModule: false", "feefd2a0d3a1847e"],
  ["Module.name: QEC.Stabilizer.Codes.Small.Shor9", "0ac5885496f0f0ec"],
  ["Package.id?: (some QEC)", "93dadbf2094f452e"],
  ["Module.leanArgs: #[]", "00000000000006bb"]],
 "depHash": "bb346758fe29f65a"}