{"synthetic": false,
 "schemaVersion": "2025-09-10",
 "outputs":
 {"o": ["cc888b66e7193e29.olean"],
  "m": false,
  "i": "334ac7e8fd2d9b42.ilean",
  "c": "e96b92910fc0ef06.c"},
 "log":
 [{"message":
   ".> LEAN_PATH=C:\\lean\\mathlib4\\.lake\\packages\\Qq\\.lake\\build\\lib\\lean;C:\\lean\\mathlib4\\.lake\\packages\\aesop\\.lake\\build\\lib\\lean;C:\\lean\\mathlib4\\.lake\\packages\\proofwidgets\\.lake\\build\\lib\\lean;C:\\lean\\mathlib4\\.lake\\packages\\importGraph\\.lake\\build\\lib\\lean;C:\\lean\\mathlib4\\.lake\\packages\\LeanSearchClient\\.lake\\build\\lib\\lean;C:\\lean\\mathlib4\\.lake\\packages\\plausible\\.lake\\build\\lib\\lean;C:\\lean\\mathlib4\\.lake\\packages\\batteries\\.lake\\build\\lib\\lean;C:\\lean\\mathlib4\\.lake\\packages\\Cli\\.lake\\build\\lib\\lean;C:\\lean\\mathlib4\\.lake\\build\\lib\\lean;C:\\lean\\LeanArchitect\\.lake\\build\\lib\\lean;C:\\lean\\libs\\QECLean\\.lake\\build\\lib\\lean c:\\Users\\Administrator\\.elan\\toolchains\\leanprover--lean4---v4.34.0\\bin\\lean.exe C:\\lean\\libs\\QECLean\\QEC\\Stabilizer\\Codes\\Small\\SixQubit_6_2_2.lean -o C:\\lean\\libs\\QECLean\\.lake\\build\\lib\\lean\\QEC\\Stabilizer\\Codes\\Small\\SixQubit_6_2_2.olean -i C:\\lean\\libs\\QECLean\\.lake\\build\\lib\\lean\\QEC\\Stabilizer\\Codes\\Small\\SixQubit_6_2_2.ilean -c C:\\lean\\libs\\QECLean\\.lake\\build\\ir\\QEC\\Stabilizer\\Codes\\Small\\SixQubit_6_2_2.c --setup C:\\lean\\libs\\QECLean\\.lake\\build\\ir\\QEC\\Stabilizer\\Codes\\Small\\SixQubit_6_2_2.setup.json --json",
   "level": "trace"}],
 "inputs":
 [["deps",
   [["QEC/QEC:extraDep", [["@QEC:extraDep", "00000000000006bb"]]],
    ["imports",
     [["Mathlib.Tactic transitive imports (legacy)", "bcbb206fda0bf4c5"],
      ["Mathlib.Tactic:importAllArts", "9e99e1f4b2cc9596"],
      ["QEC.Stabilizer.Framework.Core.Stabilizer.StabilizerGroup transitive imports (legacy)",
       "0fd097d593fb638d"],
      ["QEC.Stabilizer.Framework.Core.Stabilizer.StabilizerGroup:importAllArts",
       "b8750621ba9bb11b"],
      ["QEC.Stabilizer.Framework.Core.Stabilizer.SubgroupLemmas transitive imports (legacy)",
       "04bd9c44790a3df3"],
      ["QEC.Stabilizer.Framework.Core.Stabilizer.SubgroupLemmas:importAllArts",
       "257c20a857f12e7d"],
      ["QEC.Stabilizer.Framework.Core.CSS.CSSPredicates transitive imports (legacy)",
       "e135caa110925a34"],
      ["QEC.Stabilizer.Framework.Core.CSS.CSSPredicates:importAllArts",
       "e094d6bdd7bd41a7"],
      ["QEC.Stabilizer.Framework.Core.CSS.CSSNoNegI transitive imports (legacy)",
       "a9dc07e2268c15a4"],
      ["QEC.Stabilizer.Framework.Core.CSS.CSSNoNegI:importAllArts",
       "86d86b99dec53eeb"],
      ["QEC.Stabilizer.Framework.Core.Stabilizer.Centralizer transitive imports (legacy)",
       "a321c7f028583c79"],
      ["QEC.Stabilizer.Framework.Core.Stabilizer.Centralizer:importAllArts",
       "b388e679cb708951"],
      ["QEC.Stabilizer.Framework.Core.CSS.CSSCommutationLemmas transitive imports (legacy)",
       "49d1c10cca123932"],
      ["QEC.Stabilizer.Framework.Core.CSS.CSSCommutationLemmas:importAllArts",
       "3fa3fbfb1db42ef5"],
      ["QEC.Stabilizer.Framework.Core.Logical.CodeDistance transitive imports (legacy)",
       "b9112d72848a2147"],
      ["QEC.Stabilizer.Framework.Core.Logical.CodeDistance:importAllArts",
       "a6bb8e2168b1264d"],
      ["QEC.Stabilizer.Framework.Core.CSS.CSSDistance transitive imports (legacy)",
       "f9e6fd8298cfa749"],
      ["QEC.Stabilizer.Framework.Core.CSS.CSSDistance:importAllArts",
       "f482e82333073688"],
      ["QEC.Stabilizer.Framework.Core.Logical.LogicalOperators transitive imports (legacy)",
       "7b00b0035bac9878"],
      ["QEC.Stabilizer.Framework.Core.Logical.LogicalOperators:importAllArts",
       "03c4593d484fe6a4"],
      ["QEC.Stabilizer.Framework.Core.Stabilizer.StabilizerCode transitive imports (legacy)",
       "f5dfdd15f61e8564"],
      ["QEC.Stabilizer.Framework.Core.Stabilizer.StabilizerCode:importAllArts",
       "5f86320a593222fb"],
      ["QEC.Stabilizer.Foundations.PauliGroup.Commutation transitive imports (legacy)",
       "92f348202e1f5aa7"],
      ["QEC.Stabilizer.Foundations.PauliGroup.Commutation:importAllArts",
       "c48d30ed3b4c8741"],
      ["QEC.Stabilizer.Foundations.PauliGroup.CommutationTactics transitive imports (legacy)",
       "2e4050ec274828df"],
      ["QEC.Stabilizer.Foundations.PauliGroup.CommutationTactics:importAllArts",
       "9aca66613ead89a1"],
      ["QEC.Stabilizer.Foundations.PauliGroup.NQubitOperator transitive imports (legacy)",
       "bb6fb1dcda14550c"],
      ["QEC.Stabilizer.Foundations.PauliGroup.NQubitOperator:importAllArts",
       "a4f80b2e3cb5c0bc"],
      ["QEC.Stabilizer.Foundations.PauliGroup.NQubitElement transitive imports (legacy)",
       "9d12b4e37e814c96"],
      ["QEC.Stabilizer.Foundations.PauliGroup.NQubitElement:importAllArts",
       "d3c8466dd9ad7bdb"],
      ["QEC.Stabilizer.Foundations.BinarySymplectic.Core transitive imports (legacy)",
       "9be8c3408c08c9e4"],
      ["QEC.Stabilizer.Foundations.BinarySymplectic.Core:importAllArts",
       "a1e846a1f89d1322"],
      ["QEC.Stabilizer.Foundations.BinarySymplectic.CheckMatrix transitive imports (legacy)",
       "4fbd08f79527508a"],
      ["QEC.Stabilizer.Foundations.BinarySymplectic.CheckMatrix:importAllArts",
       "7c8df879c250063c"],
      ["QEC.Stabilizer.Foundations.BinarySymplectic.CheckMatrixDecidable transitive imports (legacy)",
       "a2bd3514079a1182"],
      ["QEC.Stabilizer.Foundations.BinarySymplectic.CheckMatrixDecidable:importAllArts",
       "3006ae9a7916f924"],
      ["QEC.Stabilizer.Framework.Symplectic.IndependentEquiv transitive imports (legacy)",
       "2938075b34fdabce"],
      ["QEC.Stabilizer.Framework.Symplectic.IndependentEquiv:importAllArts",
       "e5c1503bb0d1249e"]]]]],
  ["libs",
   [["import dynlibs", "00000000000006bb"],
    ["package external libraries", "00000000000006bb"],
    ["module dynlibs", "00000000000006bb"],
    ["module plugins", "00000000000006bb"]]],
  ["Lean 4.34.0, commit 293d5d0c0c3f3dded4688b3ccd6a33939ac5102b",
   "a1c6c7aa3e9abfe7"],
  ["C:\\lean\\libs\\QECLean\\QEC\\Stabilizer\\Codes\\Small\\SixQubit_6_2_2.lean",
   "6edea447ba4f4d26"],
  ["options",
   [["-DmaxSynthPendingDepth=3", "c78e353d34de85d4"],
    ["-DrelaxedAutoImplicit=false", "74a2b5546b55be80"],
    ["-Dpp.unicode.fun=true", "9b94070140457fab"],
    ["-DautoImplicit=false", "4a85acb881fd49d0"]]],
  ["isModule: false", "feefd2a0d3a1847e"],
  ["Module.name: QEC.Stabilizer.Codes.Small.SixQubit_6_2_2",
   "f22daad6a2f79e76"],
  ["Package.id?: (some QEC)", "93dadbf2094f452e"],
  ["Module.leanArgs: #[]", "00000000000006bb"]],
 "depHash": "1235709cb48e7e06"}