{"synthetic": false,
 "schemaVersion": "2025-09-10",
 "outputs":
 {"o": ["6fda0c0d28143a98.olean"],
  "m": false,
  "i": "04044b0842f8d29d.ilean",
  "c": "4efb18ec40771442.c"},
 "log":
 [{"message":
   ".> LEAN_PATH=C:\\lean\\mathlib4\\.lake\\packages\\Qq\\.lake\\build\\lib\\lean;C:\\lean\\mathlib4\\.lake\\packages\\aesop\\.lake\\build\\lib\\lean;C:\\lean\\mathlib4\\.lake\\packages\\proofwidgets\\.lake\\build\\lib\\lean;C:\\lean\\mathlib4\\.lake\\packages\\importGraph\\.lake\\build\\lib\\lean;C:\\lean\\mathlib4\\.lake\\packages\\LeanSearchClient\\.lake\\build\\lib\\lean;C:\\lean\\mathlib4\\.lake\\packages\\plausible\\.lake\\build\\lib\\lean;C:\\lean\\mathlib4\\.lake\\packages\\batteries\\.lake\\build\\lib\\lean;C:\\lean\\mathlib4\\.lake\\packages\\Cli\\.lake\\build\\lib\\lean;C:\\lean\\mathlib4\\.lake\\build\\lib\\lean;C:\\lean\\LeanArchitect\\.lake\\build\\lib\\lean;C:\\lean\\libs\\QECLean\\.lake\\build\\lib\\lean c:\\Users\\Administrator\\.elan\\toolchains\\leanprover--lean4---v4.34.0-rc1\\bin\\lean.exe C:\\lean\\libs\\QECLean\\QEC\\Stabilizer\\Codes\\Small\\Steane7TransversalGates.lean -o C:\\lean\\libs\\QECLean\\.lake\\build\\lib\\lean\\QEC\\Stabilizer\\Codes\\Small\\Steane7TransversalGates.olean -i C:\\lean\\libs\\QECLean\\.lake\\build\\lib\\lean\\QEC\\Stabilizer\\Codes\\Small\\Steane7TransversalGates.ilean -c C:\\lean\\libs\\QECLean\\.lake\\build\\ir\\QEC\\Stabilizer\\Codes\\Small\\Steane7TransversalGates.c --setup C:\\lean\\libs\\QECLean\\.lake\\build\\ir\\QEC\\Stabilizer\\Codes\\Small\\Steane7TransversalGates.setup.json --json",
   "level": "trace"}],
 "inputs":
 [["deps",
   [["QEC/QEC:extraDep", [["@QEC:extraDep", "00000000000006bb"]]],
    ["imports",
     [["Mathlib.Tactic transitive imports (legacy)", "e57708850fe46f6d"],
      ["Mathlib.Tactic:importAllArts", "039a1b05b7e8164c"],
      ["Mathlib.LinearAlgebra.Matrix.Defs transitive imports (legacy)",
       "7d2f80da9d61d196"],
      ["Mathlib.LinearAlgebra.Matrix.Defs:importAllArts", "43958b11a881d037"],
      ["Mathlib.Data.Complex.Basic transitive imports (legacy)",
       "8acf827aa9b4fc6a"],
      ["Mathlib.Data.Complex.Basic:importAllArts", "eb0193a8a0a5a55d"],
      ["QEC.Stabilizer.Codes.Small.Steane7 transitive imports (legacy)",
       "ee0b85a083ea0577"],
      ["QEC.Stabilizer.Codes.Small.Steane7:importAllArts", "727412146d9fc740"],
      ["QEC.Foundations.Gates transitive imports (legacy)", "500c85c2c9ac370f"],
      ["QEC.Foundations.Gates:importAllArts", "00b28b7c3682eda6"],
      ["QEC.Foundations.GateConjugation transitive imports (legacy)",
       "9f3b979c29bb8119"],
      ["QEC.Foundations.GateConjugation:importAllArts", "fb2421b40f1116da"],
      ["QEC.Stabilizer.Framework.Core.Logical.LogicalGates transitive imports (legacy)",
       "11c336116a33e661"],
      ["QEC.Stabilizer.Framework.Core.Logical.LogicalGates:importAllArts",
       "238adecd443dfbe3"],
      ["QEC.Stabilizer.Framework.Core.Logical.LogicalCliffordAction transitive imports (legacy)",
       "e7250348550967d0"],
      ["QEC.Stabilizer.Framework.Core.Logical.LogicalCliffordAction:importAllArts",
       "7473dfa97743025a"],
      ["QEC.Stabilizer.Foundations.PauliGroup.NQubitOperator transitive imports (legacy)",
       "6c02d433c1bcb469"],
      ["QEC.Stabilizer.Foundations.PauliGroup.NQubitOperator:importAllArts",
       "3b00f8aa3d5cdeb1"],
      ["QEC.Stabilizer.Foundations.PauliGroup.NQubitElement transitive imports (legacy)",
       "cb18919a53b957dc"],
      ["QEC.Stabilizer.Foundations.PauliGroup.NQubitElement:importAllArts",
       "c7b5a7d7a032fec9"],
      ["QEC.Stabilizer.Foundations.PauliGroup.Representation transitive imports (legacy)",
       "809f306eb7b5b894"],
      ["QEC.Stabilizer.Foundations.PauliGroup.Representation:importAllArts",
       "56aa7ce439b412fd"],
      ["QEC.Stabilizer.Foundations.PauliGroup.TransversalConjugation transitive imports (legacy)",
       "0abbc3d4df5b0176"],
      ["QEC.Stabilizer.Foundations.PauliGroup.TransversalConjugation:importAllArts",
       "dc3d7fae3895cea1"],
      ["QEC.Stabilizer.Foundations.PauliGroupSingle.Operator transitive imports (legacy)",
       "46437835596693be"],
      ["QEC.Stabilizer.Foundations.PauliGroupSingle.Operator:importAllArts",
       "80b83cc0be86b484"]]]]],
  ["libs",
   [["import dynlibs", "00000000000006bb"],
    ["package external libraries", "00000000000006bb"],
    ["module dynlibs", "00000000000006bb"],
    ["module plugins", "00000000000006bb"]]],
  ["Lean 4.34.0, commit 3447a668783dbce1a8fdb97101dd067687b2b418",
   "421484e3e0c70198"],
  ["C:\\lean\\libs\\QECLean\\QEC\\Stabilizer\\Codes\\Small\\Steane7TransversalGates.lean",
   "0351a05ea84a65fb"],
  ["options",
   [["-DmaxSynthPendingDepth=3", "c78e353d34de85d4"],
    ["-DrelaxedAutoImplicit=false", "74a2b5546b55be80"],
    ["-Dpp.unicode.fun=true", "9b94070140457fab"],
    ["-DautoImplicit=false", "4a85acb881fd49d0"]]],
  ["isModule: false", "feefd2a0d3a1847e"],
  ["Module.name: QEC.Stabilizer.Codes.Small.Steane7TransversalGates",
   "72d814c36a048e35"],
  ["Package.id?: (some QEC)", "93dadbf2094f452e"],
  ["Module.leanArgs: #[]", "00000000000006bb"]],
 "depHash": "ff3728910dba1cdd"}