{"synthetic": false,
 "schemaVersion": "2025-09-10",
 "outputs":
 {"o": ["b01163b8658da34e.olean"],
  "m": false,
  "i": "5476c97d07506d87.ilean",
  "c": "8557f487597c990a.c"},
 "log":
 [{"message":
   ".> LEAN_PATH=C:\\lean\\mathlib4\\.lake\\packages\\Qq\\.lake\\build\\lib\\lean;C:\\lean\\mathlib4\\.lake\\packages\\aesop\\.lake\\build\\lib\\lean;C:\\lean\\mathlib4\\.lake\\packages\\proofwidgets\\.lake\\build\\lib\\lean;C:\\lean\\mathlib4\\.lake\\packages\\importGraph\\.lake\\build\\lib\\lean;C:\\lean\\mathlib4\\.lake\\packages\\LeanSearchClient\\.lake\\build\\lib\\lean;C:\\lean\\mathlib4\\.lake\\packages\\plausible\\.lake\\build\\lib\\lean;C:\\lean\\mathlib4\\.lake\\packages\\batteries\\.lake\\build\\lib\\lean;C:\\lean\\mathlib4\\.lake\\packages\\Cli\\.lake\\build\\lib\\lean;C:\\lean\\mathlib4\\.lake\\build\\lib\\lean;C:\\lean\\LeanArchitect\\.lake\\build\\lib\\lean;C:\\lean\\libs\\QECLean\\.lake\\build\\lib\\lean c:\\Users\\Administrator\\.elan\\toolchains\\leanprover--lean4---v4.34.0\\bin\\lean.exe C:\\lean\\libs\\QECLean\\QEC\\Stabilizer\\Foundations\\PauliGroup\\Commutation.lean -o C:\\lean\\libs\\QECLean\\.lake\\build\\lib\\lean\\QEC\\Stabilizer\\Foundations\\PauliGroup\\Commutation.olean -i C:\\lean\\libs\\QECLean\\.lake\\build\\lib\\lean\\QEC\\Stabilizer\\Foundations\\PauliGroup\\Commutation.ilean -c C:\\lean\\libs\\QECLean\\.lake\\build\\ir\\QEC\\Stabilizer\\Foundations\\PauliGroup\\Commutation.c --setup C:\\lean\\libs\\QECLean\\.lake\\build\\ir\\QEC\\Stabilizer\\Foundations\\PauliGroup\\Commutation.setup.json --json",
   "level": "trace"},
  {"message":
   "QEC/Stabilizer/Foundations/PauliGroup/Commutation.lean:3:0: 'Mathlib.Data.Complex.Basic' has been deprecated: please replace this import by\n\nimport Mathlib.Basic.Complex.Basic",
   "level": "warning"}],
 "inputs":
 [["deps",
   [["QEC/QEC:extraDep", [["@QEC:extraDep", "00000000000006bb"]]],
    ["imports",
     [["Mathlib.LinearAlgebra.Matrix.Defs transitive imports (legacy)",
       "2edef13933d91dd6"],
      ["Mathlib.LinearAlgebra.Matrix.Defs:importAllArts", "95e7079690e42efe"],
      ["Mathlib.LinearAlgebra.Matrix.Notation transitive imports (legacy)",
       "40265f511a9af1e1"],
      ["Mathlib.LinearAlgebra.Matrix.Notation:importAllArts",
       "0c859c86ed79388e"],
      ["Mathlib.Data.Complex.Basic transitive imports (legacy)",
       "f624ea9ec78b44fd"],
      ["Mathlib.Data.Complex.Basic:importAllArts", "e929238c5f56d0f2"],
      ["Mathlib.Tactic transitive imports (legacy)", "bcbb206fda0bf4c5"],
      ["Mathlib.Tactic:importAllArts", "9e99e1f4b2cc9596"],
      ["Mathlib.Algebra.Group.Defs transitive imports (legacy)",
       "ec170a47980c047b"],
      ["Mathlib.Algebra.Group.Defs:importAllArts", "1008067efdb48c82"],
      ["Mathlib.Algebra.Group.Nat.Even transitive imports (legacy)",
       "c9fa3ec12c35d42d"],
      ["Mathlib.Algebra.Group.Nat.Even:importAllArts", "a2f0e650daa41e97"],
      ["Mathlib.Algebra.Ring.Parity transitive imports (legacy)",
       "27af723f10daef57"],
      ["Mathlib.Algebra.Ring.Parity:importAllArts", "f503b721db74b24b"],
      ["QEC.Foundations.Foundations transitive imports (legacy)",
       "43ca837a8c16f9b5"],
      ["QEC.Foundations.Foundations:importAllArts", "44d57be41902e3df"],
      ["QEC.Stabilizer.Foundations.PauliGroup.NQubitElement transitive imports (legacy)",
       "9d12b4e37e814c96"],
      ["QEC.Stabilizer.Foundations.PauliGroup.NQubitElement:importAllArts",
       "d3c8466dd9ad7bdb"],
      ["QEC.Stabilizer.Foundations.PauliGroup.Representation transitive imports (legacy)",
       "b381350bad2e44df"],
      ["QEC.Stabilizer.Foundations.PauliGroup.Representation:importAllArts",
       "1ff9afbcf41404cd"]]]]],
  ["libs",
   [["import dynlibs", "00000000000006bb"],
    ["package external libraries", "00000000000006bb"],
    ["module dynlibs", "00000000000006bb"],
    ["module plugins", "00000000000006bb"]]],
  ["Lean 4.34.0, commit 293d5d0c0c3f3dded4688b3ccd6a33939ac5102b",
   "a1c6c7aa3e9abfe7"],
  ["C:\\lean\\libs\\QECLean\\QEC\\Stabilizer\\Foundations\\PauliGroup\\Commutation.lean",
   "dac718721c8b3fec"],
  ["options",
   [["-DmaxSynthPendingDepth=3", "c78e353d34de85d4"],
    ["-DrelaxedAutoImplicit=false", "74a2b5546b55be80"],
    ["-Dpp.unicode.fun=true", "9b94070140457fab"],
    ["-DautoImplicit=false", "4a85acb881fd49d0"]]],
  ["isModule: false", "feefd2a0d3a1847e"],
  ["Module.name: QEC.Stabilizer.Foundations.PauliGroup.Commutation",
   "780af7df086bbf89"],
  ["Package.id?: (some QEC)", "93dadbf2094f452e"],
  ["Module.leanArgs: #[]", "00000000000006bb"]],
 "depHash": "df6f1578f355888b"}