{"synthetic": false,
 "schemaVersion": "2025-09-10",
 "outputs":
 {"o": ["d83f0a7a6e1ee7d9.olean"],
  "m": false,
  "i": "403fa76cdfd6c6a1.ilean",
  "c": "187efd2ea3fe161f.c"},
 "log":
 [{"message":
   ".> LEAN_PATH=C:\\lean\\mathlib4\\.lake\\packages\\Qq\\.lake\\build\\lib\\lean;C:\\lean\\mathlib4\\.lake\\packages\\aesop\\.lake\\build\\lib\\lean;C:\\lean\\mathlib4\\.lake\\packages\\proofwidgets\\.lake\\build\\lib\\lean;C:\\lean\\mathlib4\\.lake\\packages\\importGraph\\.lake\\build\\lib\\lean;C:\\lean\\mathlib4\\.lake\\packages\\LeanSearchClient\\.lake\\build\\lib\\lean;C:\\lean\\mathlib4\\.lake\\packages\\plausible\\.lake\\build\\lib\\lean;C:\\lean\\mathlib4\\.lake\\packages\\batteries\\.lake\\build\\lib\\lean;C:\\lean\\mathlib4\\.lake\\packages\\Cli\\.lake\\build\\lib\\lean;C:\\lean\\mathlib4\\.lake\\build\\lib\\lean;C:\\lean\\LeanArchitect\\.lake\\build\\lib\\lean;C:\\lean\\libs\\QECLean\\.lake\\build\\lib\\lean c:\\Users\\Administrator\\.elan\\toolchains\\leanprover--lean4---v4.34.0-rc1\\bin\\lean.exe C:\\lean\\libs\\QECLean\\QEC\\Stabilizer\\Foundations\\PauliGroup\\Representation.lean -o C:\\lean\\libs\\QECLean\\.lake\\build\\lib\\lean\\QEC\\Stabilizer\\Foundations\\PauliGroup\\Representation.olean -i C:\\lean\\libs\\QECLean\\.lake\\build\\lib\\lean\\QEC\\Stabilizer\\Foundations\\PauliGroup\\Representation.ilean -c C:\\lean\\libs\\QECLean\\.lake\\build\\ir\\QEC\\Stabilizer\\Foundations\\PauliGroup\\Representation.c --setup C:\\lean\\libs\\QECLean\\.lake\\build\\ir\\QEC\\Stabilizer\\Foundations\\PauliGroup\\Representation.setup.json --json",
   "level": "trace"}],
 "inputs":
 [["deps",
   [["QEC/QEC:extraDep", [["@QEC:extraDep", "00000000000006bb"]]],
    ["imports",
     [["Mathlib.LinearAlgebra.Matrix.Defs transitive imports (legacy)",
       "7d2f80da9d61d196"],
      ["Mathlib.LinearAlgebra.Matrix.Defs:importAllArts", "43958b11a881d037"],
      ["Mathlib.LinearAlgebra.Matrix.Notation transitive imports (legacy)",
       "00dda446a3ddb8c7"],
      ["Mathlib.LinearAlgebra.Matrix.Notation:importAllArts",
       "661783f94c517390"],
      ["Mathlib.Data.Complex.Basic transitive imports (legacy)",
       "8acf827aa9b4fc6a"],
      ["Mathlib.Data.Complex.Basic:importAllArts", "eb0193a8a0a5a55d"],
      ["Mathlib.Tactic transitive imports (legacy)", "e57708850fe46f6d"],
      ["Mathlib.Tactic:importAllArts", "039a1b05b7e8164c"],
      ["Mathlib.Algebra.Group.Defs transitive imports (legacy)",
       "7c65a9e5cb188f67"],
      ["Mathlib.Algebra.Group.Defs:importAllArts", "2205b9eaf96cd30d"],
      ["QEC.Foundations.Foundations transitive imports (legacy)",
       "0918ebf741f81e5b"],
      ["QEC.Foundations.Foundations:importAllArts", "ccf643c1fb393f19"],
      ["QEC.Stabilizer.Foundations.PauliGroupSingle transitive imports (legacy)",
       "f9d71650cfe56a64"],
      ["QEC.Stabilizer.Foundations.PauliGroupSingle:importAllArts",
       "d80aab201cb72219"],
      ["QEC.Stabilizer.Foundations.PauliGroup.NQubitElement transitive imports (legacy)",
       "cb18919a53b957dc"],
      ["QEC.Stabilizer.Foundations.PauliGroup.NQubitElement:importAllArts",
       "c7b5a7d7a032fec9"]]]]],
  ["libs",
   [["import dynlibs", "00000000000006bb"],
    ["package external libraries", "00000000000006bb"],
    ["module dynlibs", "00000000000006bb"],
    ["module plugins", "00000000000006bb"]]],
  ["Lean 4.34.0, commit 3447a668783dbce1a8fdb97101dd067687b2b418",
   "421484e3e0c70198"],
  ["C:\\lean\\libs\\QECLean\\QEC\\Stabilizer\\Foundations\\PauliGroup\\Representation.lean",
   "be22aab2b1dbaf77"],
  ["options",
   [["-DmaxSynthPendingDepth=3", "c78e353d34de85d4"],
    ["-DrelaxedAutoImplicit=false", "74a2b5546b55be80"],
    ["-Dpp.unicode.fun=true", "9b94070140457fab"],
    ["-DautoImplicit=false", "4a85acb881fd49d0"]]],
  ["isModule: false", "feefd2a0d3a1847e"],
  ["Module.name: QEC.Stabilizer.Foundations.PauliGroup.Representation",
   "b66454d570184788"],
  ["Package.id?: (some QEC)", "93dadbf2094f452e"],
  ["Module.leanArgs: #[]", "00000000000006bb"]],
 "depHash": "e1d7f110f8a149bc"}