{"synthetic": false,
 "schemaVersion": "2025-09-10",
 "outputs":
 {"o": ["00a320ef5841c01b.olean"],
  "m": false,
  "i": "a054fcbc830c8152.ilean",
  "c": "0c4bad6aea64079d.c"},
 "log":
 [{"message":
   ".> LEAN_PATH=C:\\lean\\mathlib4\\.lake\\packages\\Qq\\.lake\\build\\lib\\lean;C:\\lean\\mathlib4\\.lake\\packages\\aesop\\.lake\\build\\lib\\lean;C:\\lean\\mathlib4\\.lake\\packages\\proofwidgets\\.lake\\build\\lib\\lean;C:\\lean\\mathlib4\\.lake\\packages\\importGraph\\.lake\\build\\lib\\lean;C:\\lean\\mathlib4\\.lake\\packages\\LeanSearchClient\\.lake\\build\\lib\\lean;C:\\lean\\mathlib4\\.lake\\packages\\plausible\\.lake\\build\\lib\\lean;C:\\lean\\mathlib4\\.lake\\packages\\batteries\\.lake\\build\\lib\\lean;C:\\lean\\mathlib4\\.lake\\packages\\Cli\\.lake\\build\\lib\\lean;C:\\lean\\mathlib4\\.lake\\build\\lib\\lean;C:\\lean\\LeanArchitect\\.lake\\build\\lib\\lean;C:\\lean\\libs\\QECLean\\.lake\\build\\lib\\lean c:\\Users\\Administrator\\.elan\\toolchains\\leanprover--lean4---v4.34.0\\bin\\lean.exe C:\\lean\\libs\\QECLean\\QEC\\Stabilizer\\Foundations\\PauliGroup\\TransversalConjugation.lean -o C:\\lean\\libs\\QECLean\\.lake\\build\\lib\\lean\\QEC\\Stabilizer\\Foundations\\PauliGroup\\TransversalConjugation.olean -i C:\\lean\\libs\\QECLean\\.lake\\build\\lib\\lean\\QEC\\Stabilizer\\Foundations\\PauliGroup\\TransversalConjugation.ilean -c C:\\lean\\libs\\QECLean\\.lake\\build\\ir\\QEC\\Stabilizer\\Foundations\\PauliGroup\\TransversalConjugation.c --setup C:\\lean\\libs\\QECLean\\.lake\\build\\ir\\QEC\\Stabilizer\\Foundations\\PauliGroup\\TransversalConjugation.setup.json --json",
   "level": "trace"},
  {"message":
   "QEC/Stabilizer/Foundations/PauliGroup/TransversalConjugation.lean:3:0: 'Mathlib.Data.Complex.Basic' has been deprecated: please replace this import by\n\nimport Mathlib.Basic.Complex.Basic",
   "level": "warning"}],
 "inputs":
 [["deps",
   [["QEC/QEC:extraDep", [["@QEC:extraDep", "00000000000006bb"]]],
    ["imports",
     [["Mathlib.Tactic transitive imports (legacy)", "bcbb206fda0bf4c5"],
      ["Mathlib.Tactic:importAllArts", "9e99e1f4b2cc9596"],
      ["Mathlib.LinearAlgebra.Matrix.Defs transitive imports (legacy)",
       "2edef13933d91dd6"],
      ["Mathlib.LinearAlgebra.Matrix.Defs:importAllArts", "95e7079690e42efe"],
      ["Mathlib.Data.Complex.Basic transitive imports (legacy)",
       "f624ea9ec78b44fd"],
      ["Mathlib.Data.Complex.Basic:importAllArts", "e929238c5f56d0f2"],
      ["QEC.Foundations.Tensor transitive imports (legacy)",
       "4b7b1266803b0f40"],
      ["QEC.Foundations.Tensor:importAllArts", "806fed9e8ff2c489"],
      ["QEC.Foundations.Gates transitive imports (legacy)", "d07209b298392eb3"],
      ["QEC.Foundations.Gates:importAllArts", "ce61abf29db6dc1a"],
      ["QEC.Foundations.GateConjugation transitive imports (legacy)",
       "7ac40c7d11b51244"],
      ["QEC.Foundations.GateConjugation:importAllArts", "d5cd96241d180870"],
      ["QEC.Stabilizer.Foundations.PauliGroup.NQubitOperator transitive imports (legacy)",
       "bb6fb1dcda14550c"],
      ["QEC.Stabilizer.Foundations.PauliGroup.NQubitOperator:importAllArts",
       "a4f80b2e3cb5c0bc"],
      ["QEC.Stabilizer.Foundations.PauliGroup.NQubitElement transitive imports (legacy)",
       "9d12b4e37e814c96"],
      ["QEC.Stabilizer.Foundations.PauliGroup.NQubitElement:importAllArts",
       "d3c8466dd9ad7bdb"]]]]],
  ["libs",
   [["import dynlibs", "00000000000006bb"],
    ["package external libraries", "00000000000006bb"],
    ["module dynlibs", "00000000000006bb"],
    ["module plugins", "00000000000006bb"]]],
  ["Lean 4.34.0, commit 293d5d0c0c3f3dded4688b3ccd6a33939ac5102b",
   "a1c6c7aa3e9abfe7"],
  ["C:\\lean\\libs\\QECLean\\QEC\\Stabilizer\\Foundations\\PauliGroup\\TransversalConjugation.lean",
   "c83a2e3544fffd52"],
  ["options",
   [["-DmaxSynthPendingDepth=3", "c78e353d34de85d4"],
    ["-DrelaxedAutoImplicit=false", "74a2b5546b55be80"],
    ["-Dpp.unicode.fun=true", "9b94070140457fab"],
    ["-DautoImplicit=false", "4a85acb881fd49d0"]]],
  ["isModule: false", "feefd2a0d3a1847e"],
  ["Module.name: QEC.Stabilizer.Foundations.PauliGroup.TransversalConjugation",
   "3be2e1d9844d89a5"],
  ["Package.id?: (some QEC)", "93dadbf2094f452e"],
  ["Module.leanArgs: #[]", "00000000000006bb"]],
 "depHash": "d5e3bb424d19aa4d"}