{"synthetic": false,
 "schemaVersion": "2025-09-10",
 "outputs":
 {"o": ["3c0953b218f4912f.olean"],
  "m": false,
  "i": "0abc6176c77bf69b.ilean",
  "c": "53cc2f91c4a02667.c"},
 "log":
 [{"message":
   ".> LEAN_PATH=C:\\lean\\mathlib4\\.lake\\packages\\Qq\\.lake\\build\\lib\\lean;C:\\lean\\mathlib4\\.lake\\packages\\aesop\\.lake\\build\\lib\\lean;C:\\lean\\mathlib4\\.lake\\packages\\proofwidgets\\.lake\\build\\lib\\lean;C:\\lean\\mathlib4\\.lake\\packages\\importGraph\\.lake\\build\\lib\\lean;C:\\lean\\mathlib4\\.lake\\packages\\LeanSearchClient\\.lake\\build\\lib\\lean;C:\\lean\\mathlib4\\.lake\\packages\\plausible\\.lake\\build\\lib\\lean;C:\\lean\\mathlib4\\.lake\\packages\\batteries\\.lake\\build\\lib\\lean;C:\\lean\\mathlib4\\.lake\\packages\\Cli\\.lake\\build\\lib\\lean;C:\\lean\\mathlib4\\.lake\\build\\lib\\lean;C:\\lean\\LeanArchitect\\.lake\\build\\lib\\lean;C:\\lean\\libs\\QECLean\\.lake\\build\\lib\\lean c:\\Users\\Administrator\\.elan\\toolchains\\leanprover--lean4---v4.34.0\\bin\\lean.exe C:\\lean\\libs\\QECLean\\QEC\\Stabilizer\\Framework\\Core\\Logical\\LogicalGateGroup.lean -o C:\\lean\\libs\\QECLean\\.lake\\build\\lib\\lean\\QEC\\Stabilizer\\Framework\\Core\\Logical\\LogicalGateGroup.olean -i C:\\lean\\libs\\QECLean\\.lake\\build\\lib\\lean\\QEC\\Stabilizer\\Framework\\Core\\Logical\\LogicalGateGroup.ilean -c C:\\lean\\libs\\QECLean\\.lake\\build\\ir\\QEC\\Stabilizer\\Framework\\Core\\Logical\\LogicalGateGroup.c --setup C:\\lean\\libs\\QECLean\\.lake\\build\\ir\\QEC\\Stabilizer\\Framework\\Core\\Logical\\LogicalGateGroup.setup.json --json",
   "level": "trace"}],
 "inputs":
 [["deps",
   [["QEC/QEC:extraDep", [["@QEC:extraDep", "00000000000006bb"]]],
    ["imports",
     [["Mathlib.LinearAlgebra.Matrix.Defs transitive imports (legacy)",
       "2edef13933d91dd6"],
      ["Mathlib.LinearAlgebra.Matrix.Defs:importAllArts", "95e7079690e42efe"],
      ["Mathlib.LinearAlgebra.Matrix.Notation transitive imports (legacy)",
       "40265f511a9af1e1"],
      ["Mathlib.LinearAlgebra.Matrix.Notation:importAllArts",
       "0c859c86ed79388e"],
      ["Mathlib.Algebra.Group.Subgroup.Basic transitive imports (legacy)",
       "0c87fa16d70c8932"],
      ["Mathlib.Algebra.Group.Subgroup.Basic:importAllArts",
       "c6ce7cefc6cb5382"],
      ["QEC.Foundations.Foundations transitive imports (legacy)",
       "43ca837a8c16f9b5"],
      ["QEC.Foundations.Foundations:importAllArts", "44d57be41902e3df"],
      ["QEC.Stabilizer.Framework.Core.Stabilizer.StabilizerGroup transitive imports (legacy)",
       "0fd097d593fb638d"],
      ["QEC.Stabilizer.Framework.Core.Stabilizer.StabilizerGroup:importAllArts",
       "b8750621ba9bb11b"],
      ["QEC.Stabilizer.Foundations.PauliGroup transitive imports (legacy)",
       "3889045c470b32f0"],
      ["QEC.Stabilizer.Foundations.PauliGroup:importAllArts",
       "dac011071dfb3976"]]]]],
  ["libs",
   [["import dynlibs", "00000000000006bb"],
    ["package external libraries", "00000000000006bb"],
    ["module dynlibs", "00000000000006bb"],
    ["module plugins", "00000000000006bb"]]],
  ["Lean 4.34.0, commit 293d5d0c0c3f3dded4688b3ccd6a33939ac5102b",
   "a1c6c7aa3e9abfe7"],
  ["C:\\lean\\libs\\QECLean\\QEC\\Stabilizer\\Framework\\Core\\Logical\\LogicalGateGroup.lean",
   "32ec9a14d3ee9e50"],
  ["options",
   [["-DmaxSynthPendingDepth=3", "c78e353d34de85d4"],
    ["-DrelaxedAutoImplicit=false", "74a2b5546b55be80"],
    ["-Dpp.unicode.fun=true", "9b94070140457fab"],
    ["-DautoImplicit=false", "4a85acb881fd49d0"]]],
  ["isModule: false", "feefd2a0d3a1847e"],
  ["Module.name: QEC.Stabilizer.Framework.Core.Logical.LogicalGateGroup",
   "ec5fd4f20bd7677f"],
  ["Package.id?: (some QEC)", "93dadbf2094f452e"],
  ["Module.leanArgs: #[]", "00000000000006bb"]],
 "depHash": "4b9bac89c4929491"}