{"synthetic": false,
 "schemaVersion": "2025-09-10",
 "outputs":
 {"o": ["be0a8ad9e1f2afb4.olean"],
  "m": false,
  "i": "c3a6ff87a9659423.ilean",
  "c": "1c1e0364a8e9994d.c"},
 "log":
 [{"message":
   ".> LEAN_PATH=C:\\lean\\mathlib4\\.lake\\packages\\Qq\\.lake\\build\\lib\\lean;C:\\lean\\mathlib4\\.lake\\packages\\aesop\\.lake\\build\\lib\\lean;C:\\lean\\mathlib4\\.lake\\packages\\proofwidgets\\.lake\\build\\lib\\lean;C:\\lean\\mathlib4\\.lake\\packages\\importGraph\\.lake\\build\\lib\\lean;C:\\lean\\mathlib4\\.lake\\packages\\LeanSearchClient\\.lake\\build\\lib\\lean;C:\\lean\\mathlib4\\.lake\\packages\\plausible\\.lake\\build\\lib\\lean;C:\\lean\\mathlib4\\.lake\\packages\\batteries\\.lake\\build\\lib\\lean;C:\\lean\\mathlib4\\.lake\\packages\\Cli\\.lake\\build\\lib\\lean;C:\\lean\\mathlib4\\.lake\\build\\lib\\lean;C:\\lean\\LeanArchitect\\.lake\\build\\lib\\lean;C:\\lean\\libs\\QECLean\\.lake\\build\\lib\\lean c:\\Users\\Administrator\\.elan\\toolchains\\leanprover--lean4---v4.34.0\\bin\\lean.exe C:\\lean\\libs\\QECLean\\QEC\\Stabilizer\\Framework\\Core\\Logical\\LogicalOperators.lean -o C:\\lean\\libs\\QECLean\\.lake\\build\\lib\\lean\\QEC\\Stabilizer\\Framework\\Core\\Logical\\LogicalOperators.olean -i C:\\lean\\libs\\QECLean\\.lake\\build\\lib\\lean\\QEC\\Stabilizer\\Framework\\Core\\Logical\\LogicalOperators.ilean -c C:\\lean\\libs\\QECLean\\.lake\\build\\ir\\QEC\\Stabilizer\\Framework\\Core\\Logical\\LogicalOperators.c --setup C:\\lean\\libs\\QECLean\\.lake\\build\\ir\\QEC\\Stabilizer\\Framework\\Core\\Logical\\LogicalOperators.setup.json --json",
   "level": "trace"}],
 "inputs":
 [["deps",
   [["QEC/QEC:extraDep", [["@QEC:extraDep", "00000000000006bb"]]],
    ["imports",
     [["QEC.Foundations.Basic transitive imports (legacy)", "345a374e35372b2a"],
      ["QEC.Foundations.Basic:importAllArts", "a1b695c80d11aef2"],
      ["QEC.Stabilizer.Framework.Core.Stabilizer.StabilizerGroup transitive imports (legacy)",
       "0fd097d593fb638d"],
      ["QEC.Stabilizer.Framework.Core.Stabilizer.StabilizerGroup:importAllArts",
       "b8750621ba9bb11b"],
      ["QEC.Stabilizer.Framework.Core.Stabilizer.Centralizer transitive imports (legacy)",
       "a321c7f028583c79"],
      ["QEC.Stabilizer.Framework.Core.Stabilizer.Centralizer:importAllArts",
       "b388e679cb708951"],
      ["QEC.Stabilizer.Framework.Core.Logical.LogicalOperatorCoset transitive imports (legacy)",
       "4cb99656c869bddd"],
      ["QEC.Stabilizer.Framework.Core.Logical.LogicalOperatorCoset:importAllArts",
       "1d627d134ac3e5fb"],
      ["QEC.Stabilizer.Framework.Core.Stabilizer.Codespace transitive imports (legacy)",
       "8c49a8c645d9724d"],
      ["QEC.Stabilizer.Framework.Core.Stabilizer.Codespace:importAllArts",
       "8c364f20c65117a9"],
      ["QEC.Stabilizer.Framework.Core.Logical.LogicalGates transitive imports (legacy)",
       "1eb2a6ddd5cb945d"],
      ["QEC.Stabilizer.Framework.Core.Logical.LogicalGates:importAllArts",
       "c8548f24ca9ca6ae"],
      ["QEC.Stabilizer.Framework.Core.Logical.LogicalGateGroup transitive imports (legacy)",
       "5a65192491fc1f5f"],
      ["QEC.Stabilizer.Framework.Core.Logical.LogicalGateGroup:importAllArts",
       "626c90396e8a4903"],
      ["QEC.Stabilizer.Foundations.PauliGroup transitive imports (legacy)",
       "3889045c470b32f0"],
      ["QEC.Stabilizer.Foundations.PauliGroup:importAllArts",
       "dac011071dfb3976"],
      ["QEC.Stabilizer.Foundations.PauliGroup.Representation transitive imports (legacy)",
       "b381350bad2e44df"],
      ["QEC.Stabilizer.Foundations.PauliGroup.Representation:importAllArts",
       "1ff9afbcf41404cd"],
      ["QEC.Stabilizer.Foundations.PauliGroup.NQubitElement transitive imports (legacy)",
       "9d12b4e37e814c96"],
      ["QEC.Stabilizer.Foundations.PauliGroup.NQubitElement:importAllArts",
       "d3c8466dd9ad7bdb"],
      ["QEC.Stabilizer.Foundations.PauliGroup.Commutation transitive imports (legacy)",
       "92f348202e1f5aa7"],
      ["QEC.Stabilizer.Foundations.PauliGroup.Commutation:importAllArts",
       "c48d30ed3b4c8741"]]]]],
  ["libs",
   [["import dynlibs", "00000000000006bb"],
    ["package external libraries", "00000000000006bb"],
    ["module dynlibs", "00000000000006bb"],
    ["module plugins", "00000000000006bb"]]],
  ["Lean 4.34.0, commit 293d5d0c0c3f3dded4688b3ccd6a33939ac5102b",
   "a1c6c7aa3e9abfe7"],
  ["C:\\lean\\libs\\QECLean\\QEC\\Stabilizer\\Framework\\Core\\Logical\\LogicalOperators.lean",
   "339f50fce900c5e3"],
  ["options",
   [["-DmaxSynthPendingDepth=3", "c78e353d34de85d4"],
    ["-DrelaxedAutoImplicit=false", "74a2b5546b55be80"],
    ["-Dpp.unicode.fun=true", "9b94070140457fab"],
    ["-DautoImplicit=false", "4a85acb881fd49d0"]]],
  ["isModule: false", "feefd2a0d3a1847e"],
  ["Module.name: QEC.Stabilizer.Framework.Core.Logical.LogicalOperators",
   "347645f4782bc696"],
  ["Package.id?: (some QEC)", "93dadbf2094f452e"],
  ["Module.leanArgs: #[]", "00000000000006bb"]],
 "depHash": "2b04507864e56a49"}