{"synthetic": false,
 "schemaVersion": "2025-09-10",
 "outputs":
 {"o": ["37a35ce31c0ec523.olean"],
  "m": false,
  "i": "2d297424de5b42dd.ilean",
  "c": "41136d6c23b28a39.c"},
 "log":
 [{"message":
   ".> LEAN_PATH=C:\\lean\\mathlib4\\.lake\\packages\\Qq\\.lake\\build\\lib\\lean;C:\\lean\\mathlib4\\.lake\\packages\\aesop\\.lake\\build\\lib\\lean;C:\\lean\\mathlib4\\.lake\\packages\\proofwidgets\\.lake\\build\\lib\\lean;C:\\lean\\mathlib4\\.lake\\packages\\importGraph\\.lake\\build\\lib\\lean;C:\\lean\\mathlib4\\.lake\\packages\\LeanSearchClient\\.lake\\build\\lib\\lean;C:\\lean\\mathlib4\\.lake\\packages\\plausible\\.lake\\build\\lib\\lean;C:\\lean\\mathlib4\\.lake\\packages\\batteries\\.lake\\build\\lib\\lean;C:\\lean\\mathlib4\\.lake\\packages\\Cli\\.lake\\build\\lib\\lean;C:\\lean\\mathlib4\\.lake\\build\\lib\\lean;C:\\lean\\LeanArchitect\\.lake\\build\\lib\\lean;C:\\lean\\libs\\QECLean\\.lake\\build\\lib\\lean c:\\Users\\Administrator\\.elan\\toolchains\\leanprover--lean4---v4.34.0\\bin\\lean.exe C:\\lean\\libs\\QECLean\\QEC\\Stabilizer\\Framework\\Core\\Logical\\LogicalGates.lean -o C:\\lean\\libs\\QECLean\\.lake\\build\\lib\\lean\\QEC\\Stabilizer\\Framework\\Core\\Logical\\LogicalGates.olean -i C:\\lean\\libs\\QECLean\\.lake\\build\\lib\\lean\\QEC\\Stabilizer\\Framework\\Core\\Logical\\LogicalGates.ilean -c C:\\lean\\libs\\QECLean\\.lake\\build\\ir\\QEC\\Stabilizer\\Framework\\Core\\Logical\\LogicalGates.c --setup C:\\lean\\libs\\QECLean\\.lake\\build\\ir\\QEC\\Stabilizer\\Framework\\Core\\Logical\\LogicalGates.setup.json --json",
   "level": "trace"}],
 "inputs":
 [["deps",
   [["QEC/QEC:extraDep", [["@QEC:extraDep", "00000000000006bb"]]],
    ["imports",
     [["Mathlib.LinearAlgebra.Matrix.Defs transitive imports (legacy)",
       "2edef13933d91dd6"],
      ["Mathlib.LinearAlgebra.Matrix.Defs:importAllArts", "95e7079690e42efe"],
      ["Mathlib.LinearAlgebra.Matrix.Notation transitive imports (legacy)",
       "40265f511a9af1e1"],
      ["Mathlib.LinearAlgebra.Matrix.Notation:importAllArts",
       "0c859c86ed79388e"],
      ["QEC.Foundations.Foundations transitive imports (legacy)",
       "43ca837a8c16f9b5"],
      ["QEC.Foundations.Foundations:importAllArts", "44d57be41902e3df"],
      ["QEC.Stabilizer.Framework.Core.Stabilizer.StabilizerGroup transitive imports (legacy)",
       "0fd097d593fb638d"],
      ["QEC.Stabilizer.Framework.Core.Stabilizer.StabilizerGroup:importAllArts",
       "b8750621ba9bb11b"],
      ["QEC.Stabilizer.Framework.Core.Stabilizer.Centralizer transitive imports (legacy)",
       "a321c7f028583c79"],
      ["QEC.Stabilizer.Framework.Core.Stabilizer.Centralizer:importAllArts",
       "b388e679cb708951"],
      ["QEC.Stabilizer.Framework.Core.Logical.LogicalGateGroup transitive imports (legacy)",
       "5a65192491fc1f5f"],
      ["QEC.Stabilizer.Framework.Core.Logical.LogicalGateGroup:importAllArts",
       "626c90396e8a4903"],
      ["QEC.Stabilizer.Foundations.PauliGroup transitive imports (legacy)",
       "3889045c470b32f0"],
      ["QEC.Stabilizer.Foundations.PauliGroup:importAllArts",
       "dac011071dfb3976"]]]]],
  ["libs",
   [["import dynlibs", "00000000000006bb"],
    ["package external libraries", "00000000000006bb"],
    ["module dynlibs", "00000000000006bb"],
    ["module plugins", "00000000000006bb"]]],
  ["Lean 4.34.0, commit 293d5d0c0c3f3dded4688b3ccd6a33939ac5102b",
   "a1c6c7aa3e9abfe7"],
  ["C:\\lean\\libs\\QECLean\\QEC\\Stabilizer\\Framework\\Core\\Logical\\LogicalGates.lean",
   "f001201f194f2a5e"],
  ["options",
   [["-DmaxSynthPendingDepth=3", "c78e353d34de85d4"],
    ["-DrelaxedAutoImplicit=false", "74a2b5546b55be80"],
    ["-Dpp.unicode.fun=true", "9b94070140457fab"],
    ["-DautoImplicit=false", "4a85acb881fd49d0"]]],
  ["isModule: false", "feefd2a0d3a1847e"],
  ["Module.name: QEC.Stabilizer.Framework.Core.Logical.LogicalGates",
   "8b899040e85700dc"],
  ["Package.id?: (some QEC)", "93dadbf2094f452e"],
  ["Module.leanArgs: #[]", "00000000000006bb"]],
 "depHash": "b20503c95db2ac37"}