{"synthetic": false,
 "schemaVersion": "2025-09-10",
 "outputs":
 {"o": ["8504a4d36e2ecad4.olean"],
  "m": false,
  "i": "6273ccb132d0debe.ilean",
  "c": "1ad177b2279b9419.c"},
 "log":
 [{"message":
   ".> LEAN_PATH=C:\\lean\\mathlib4\\.lake\\packages\\Qq\\.lake\\build\\lib\\lean;C:\\lean\\mathlib4\\.lake\\packages\\aesop\\.lake\\build\\lib\\lean;C:\\lean\\mathlib4\\.lake\\packages\\proofwidgets\\.lake\\build\\lib\\lean;C:\\lean\\mathlib4\\.lake\\packages\\importGraph\\.lake\\build\\lib\\lean;C:\\lean\\mathlib4\\.lake\\packages\\LeanSearchClient\\.lake\\build\\lib\\lean;C:\\lean\\mathlib4\\.lake\\packages\\plausible\\.lake\\build\\lib\\lean;C:\\lean\\mathlib4\\.lake\\packages\\batteries\\.lake\\build\\lib\\lean;C:\\lean\\mathlib4\\.lake\\packages\\Cli\\.lake\\build\\lib\\lean;C:\\lean\\mathlib4\\.lake\\build\\lib\\lean;C:\\lean\\LeanArchitect\\.lake\\build\\lib\\lean;C:\\lean\\libs\\QECLean\\.lake\\build\\lib\\lean c:\\Users\\Administrator\\.elan\\toolchains\\leanprover--lean4---v4.34.0-rc1\\bin\\lean.exe C:\\lean\\libs\\QECLean\\QEC\\Stabilizer\\Framework\\Core\\Logical\\LogicalOperatorCoset.lean -o C:\\lean\\libs\\QECLean\\.lake\\build\\lib\\lean\\QEC\\Stabilizer\\Framework\\Core\\Logical\\LogicalOperatorCoset.olean -i C:\\lean\\libs\\QECLean\\.lake\\build\\lib\\lean\\QEC\\Stabilizer\\Framework\\Core\\Logical\\LogicalOperatorCoset.ilean -c C:\\lean\\libs\\QECLean\\.lake\\build\\ir\\QEC\\Stabilizer\\Framework\\Core\\Logical\\LogicalOperatorCoset.c --setup C:\\lean\\libs\\QECLean\\.lake\\build\\ir\\QEC\\Stabilizer\\Framework\\Core\\Logical\\LogicalOperatorCoset.setup.json --json",
   "level": "trace"}],
 "inputs":
 [["deps",
   [["QEC/QEC:extraDep", [["@QEC:extraDep", "00000000000006bb"]]],
    ["imports",
     [["QEC.Stabilizer.Framework.Core.Stabilizer.StabilizerGroup transitive imports (legacy)",
       "1377acfec8c73e10"],
      ["QEC.Stabilizer.Framework.Core.Stabilizer.StabilizerGroup:importAllArts",
       "62e31a0229b7c165"],
      ["QEC.Stabilizer.Framework.Core.Stabilizer.Centralizer transitive imports (legacy)",
       "606b6efc26c5334b"],
      ["QEC.Stabilizer.Framework.Core.Stabilizer.Centralizer:importAllArts",
       "af977870ebcdd1f5"],
      ["QEC.Stabilizer.Foundations.PauliGroup.NQubitOperator transitive imports (legacy)",
       "6c02d433c1bcb469"],
      ["QEC.Stabilizer.Foundations.PauliGroup.NQubitOperator:importAllArts",
       "3b00f8aa3d5cdeb1"]]]]],
  ["libs",
   [["import dynlibs", "00000000000006bb"],
    ["package external libraries", "00000000000006bb"],
    ["module dynlibs", "00000000000006bb"],
    ["module plugins", "00000000000006bb"]]],
  ["Lean 4.34.0, commit 3447a668783dbce1a8fdb97101dd067687b2b418",
   "421484e3e0c70198"],
  ["C:\\lean\\libs\\QECLean\\QEC\\Stabilizer\\Framework\\Core\\Logical\\LogicalOperatorCoset.lean",
   "e4d2af5d74928759"],
  ["options",
   [["-DmaxSynthPendingDepth=3", "c78e353d34de85d4"],
    ["-DrelaxedAutoImplicit=false", "74a2b5546b55be80"],
    ["-Dpp.unicode.fun=true", "9b94070140457fab"],
    ["-DautoImplicit=false", "4a85acb881fd49d0"]]],
  ["isModule: false", "feefd2a0d3a1847e"],
  ["Module.name: QEC.Stabilizer.Framework.Core.Logical.LogicalOperatorCoset",
   "f35946a37c5df03f"],
  ["Package.id?: (some QEC)", "93dadbf2094f452e"],
  ["Module.leanArgs: #[]", "00000000000006bb"]],
 "depHash": "7151e4872ba59eff"}