{"synthetic": false,
 "schemaVersion": "2025-09-10",
 "outputs":
 {"o": ["6124e329ccef3c66.olean"],
  "m": false,
  "i": "bcc4d6cc787f3dc4.ilean",
  "c": "0bdb1835b5b334e1.c"},
 "log":
 [{"message":
   ".> LEAN_PATH=C:\\lean\\mathlib4\\.lake\\packages\\Qq\\.lake\\build\\lib\\lean;C:\\lean\\mathlib4\\.lake\\packages\\aesop\\.lake\\build\\lib\\lean;C:\\lean\\mathlib4\\.lake\\packages\\proofwidgets\\.lake\\build\\lib\\lean;C:\\lean\\mathlib4\\.lake\\packages\\importGraph\\.lake\\build\\lib\\lean;C:\\lean\\mathlib4\\.lake\\packages\\LeanSearchClient\\.lake\\build\\lib\\lean;C:\\lean\\mathlib4\\.lake\\packages\\plausible\\.lake\\build\\lib\\lean;C:\\lean\\mathlib4\\.lake\\packages\\batteries\\.lake\\build\\lib\\lean;C:\\lean\\mathlib4\\.lake\\packages\\Cli\\.lake\\build\\lib\\lean;C:\\lean\\mathlib4\\.lake\\build\\lib\\lean;C:\\lean\\LeanArchitect\\.lake\\build\\lib\\lean;C:\\lean\\libs\\QECLean\\.lake\\build\\lib\\lean c:\\Users\\Administrator\\.elan\\toolchains\\leanprover--lean4---v4.34.0\\bin\\lean.exe C:\\lean\\libs\\QECLean\\QEC\\Stabilizer\\Framework\\Concatenation.lean -o C:\\lean\\libs\\QECLean\\.lake\\build\\lib\\lean\\QEC\\Stabilizer\\Framework\\Concatenation.olean -i C:\\lean\\libs\\QECLean\\.lake\\build\\lib\\lean\\QEC\\Stabilizer\\Framework\\Concatenation.ilean -c C:\\lean\\libs\\QECLean\\.lake\\build\\ir\\QEC\\Stabilizer\\Framework\\Concatenation.c --setup C:\\lean\\libs\\QECLean\\.lake\\build\\ir\\QEC\\Stabilizer\\Framework\\Concatenation.setup.json --json",
   "level": "trace"}],
 "inputs":
 [["deps",
   [["QEC/QEC:extraDep", [["@QEC:extraDep", "00000000000006bb"]]],
    ["imports",
     [["QEC.Stabilizer.Framework.Concatenation.Embedding transitive imports (legacy)",
       "3e125abbeb052547"],
      ["QEC.Stabilizer.Framework.Concatenation.Embedding:importAllArts",
       "e3218688b66e69b6"],
      ["QEC.Stabilizer.Framework.Concatenation.Promotion transitive imports (legacy)",
       "bcacdc346f8fcf9b"],
      ["QEC.Stabilizer.Framework.Concatenation.Promotion:importAllArts",
       "405771567bbc4e04"],
      ["QEC.Stabilizer.Framework.Concatenation.Constructor transitive imports (legacy)",
       "201555332676cf7c"],
      ["QEC.Stabilizer.Framework.Concatenation.Constructor:importAllArts",
       "47c66de0216f9117"],
      ["QEC.Stabilizer.Framework.Concatenation.Restriction transitive imports (legacy)",
       "5019627a36bb7b2d"],
      ["QEC.Stabilizer.Framework.Concatenation.Restriction:importAllArts",
       "092fc0b73eb76491"],
      ["QEC.Stabilizer.Framework.Concatenation.Correspondence transitive imports (legacy)",
       "50744d2664b1162b"],
      ["QEC.Stabilizer.Framework.Concatenation.Correspondence:importAllArts",
       "f071c1d2139b47f0"],
      ["QEC.Stabilizer.Framework.Concatenation.Distance transitive imports (legacy)",
       "ba11c4c25cb28350"],
      ["QEC.Stabilizer.Framework.Concatenation.Distance:importAllArts",
       "c5260742bab8cbe1"],
      ["QEC.Stabilizer.Framework.Concatenation.Independence transitive imports (legacy)",
       "0e748c2e37ad78af"],
      ["QEC.Stabilizer.Framework.Concatenation.Independence:importAllArts",
       "257d7d4aeed8dad0"]]]]],
  ["libs",
   [["import dynlibs", "00000000000006bb"],
    ["package external libraries", "00000000000006bb"],
    ["module dynlibs", "00000000000006bb"],
    ["module plugins", "00000000000006bb"]]],
  ["Lean 4.34.0, commit 293d5d0c0c3f3dded4688b3ccd6a33939ac5102b",
   "a1c6c7aa3e9abfe7"],
  ["C:\\lean\\libs\\QECLean\\QEC\\Stabilizer\\Framework\\Concatenation.lean",
   "f2f9aadbcc57ef59"],
  ["options",
   [["-DmaxSynthPendingDepth=3", "c78e353d34de85d4"],
    ["-DrelaxedAutoImplicit=false", "74a2b5546b55be80"],
    ["-Dpp.unicode.fun=true", "9b94070140457fab"],
    ["-DautoImplicit=false", "4a85acb881fd49d0"]]],
  ["isModule: false", "feefd2a0d3a1847e"],
  ["Module.name: QEC.Stabilizer.Framework.Concatenation", "c9ec69b6c3507d93"],
  ["Package.id?: (some QEC)", "93dadbf2094f452e"],
  ["Module.leanArgs: #[]", "00000000000006bb"]],
 "depHash": "66a187a0b023cb2d"}