{"synthetic": false,
 "schemaVersion": "2025-09-10",
 "outputs":
 {"o": ["1e47594d5061e6ef.olean"],
  "m": false,
  "i": "62edab87f3c1ac08.ilean",
  "c": "d492ef112193ffcd.c"},
 "log":
 [{"message":
   ".> LEAN_PATH=C:\\lean\\mathlib4\\.lake\\packages\\Qq\\.lake\\build\\lib\\lean;C:\\lean\\mathlib4\\.lake\\packages\\aesop\\.lake\\build\\lib\\lean;C:\\lean\\mathlib4\\.lake\\packages\\proofwidgets\\.lake\\build\\lib\\lean;C:\\lean\\mathlib4\\.lake\\packages\\importGraph\\.lake\\build\\lib\\lean;C:\\lean\\mathlib4\\.lake\\packages\\LeanSearchClient\\.lake\\build\\lib\\lean;C:\\lean\\mathlib4\\.lake\\packages\\plausible\\.lake\\build\\lib\\lean;C:\\lean\\mathlib4\\.lake\\packages\\batteries\\.lake\\build\\lib\\lean;C:\\lean\\mathlib4\\.lake\\packages\\Cli\\.lake\\build\\lib\\lean;C:\\lean\\mathlib4\\.lake\\build\\lib\\lean;C:\\lean\\LeanArchitect\\.lake\\build\\lib\\lean;C:\\lean\\libs\\QECLean\\.lake\\build\\lib\\lean c:\\Users\\Administrator\\.elan\\toolchains\\leanprover--lean4---v4.34.0\\bin\\lean.exe C:\\lean\\libs\\QECLean\\QEC\\Stabilizer\\Framework\\Homological.lean -o C:\\lean\\libs\\QECLean\\.lake\\build\\lib\\lean\\QEC\\Stabilizer\\Framework\\Homological.olean -i C:\\lean\\libs\\QECLean\\.lake\\build\\lib\\lean\\QEC\\Stabilizer\\Framework\\Homological.ilean -c C:\\lean\\libs\\QECLean\\.lake\\build\\ir\\QEC\\Stabilizer\\Framework\\Homological.c --setup C:\\lean\\libs\\QECLean\\.lake\\build\\ir\\QEC\\Stabilizer\\Framework\\Homological.setup.json --json",
   "level": "trace"}],
 "inputs":
 [["deps",
   [["QEC/QEC:extraDep", [["@QEC:extraDep", "00000000000006bb"]]],
    ["imports",
     [["QEC.Stabilizer.Framework.Homological.Code transitive imports (legacy)",
       "aa7d5656b13d48f9"],
      ["QEC.Stabilizer.Framework.Homological.Code:importAllArts",
       "5f2f55d4c4a94f9b"],
      ["QEC.Stabilizer.Framework.Homological.CSS transitive imports (legacy)",
       "319622d61cdce29c"],
      ["QEC.Stabilizer.Framework.Homological.CSS:importAllArts",
       "4deee208db3dc70f"],
      ["QEC.Stabilizer.Framework.Homological.Generators transitive imports (legacy)",
       "b1b8bdeca919b3ae"],
      ["QEC.Stabilizer.Framework.Homological.Generators:importAllArts",
       "31c91894cea218a6"],
      ["QEC.Stabilizer.Framework.Homological.StabGroup transitive imports (legacy)",
       "f41beed9ded35dfa"],
      ["QEC.Stabilizer.Framework.Homological.StabGroup:importAllArts",
       "5bbefa2abdd2c9ea"],
      ["QEC.Stabilizer.Framework.Homological.LogicalCorrespondence transitive imports (legacy)",
       "92310d074dd3ca50"],
      ["QEC.Stabilizer.Framework.Homological.LogicalCorrespondence:importAllArts",
       "51eb4212a82abdc1"],
      ["QEC.Stabilizer.Framework.Homological.Distance transitive imports (legacy)",
       "32bf97f914ac89bc"],
      ["QEC.Stabilizer.Framework.Homological.Distance:importAllArts",
       "24babe59dea75446"],
      ["QEC.Stabilizer.Framework.Homological.BBChainComplex transitive imports (legacy)",
       "75b0c8f00ee438c4"],
      ["QEC.Stabilizer.Framework.Homological.BBChainComplex:importAllArts",
       "2ac2ec4893e38ead"],
      ["QEC.Stabilizer.Framework.Homological.Covering transitive imports (legacy)",
       "c1d66e764fbe109f"],
      ["QEC.Stabilizer.Framework.Homological.Covering:importAllArts",
       "f2c4504f72edfcc6"],
      ["QEC.Stabilizer.Framework.Homological.BBDuality transitive imports (legacy)",
       "5e103a71aa0055a8"],
      ["QEC.Stabilizer.Framework.Homological.BBDuality:importAllArts",
       "de863f30f4bc137d"],
      ["QEC.Stabilizer.Framework.Homological.BBCover transitive imports (legacy)",
       "ad42b8e541602f6a"],
      ["QEC.Stabilizer.Framework.Homological.BBCover:importAllArts",
       "6913451031d13f69"],
      ["QEC.Stabilizer.Framework.Homological.BBDoubling transitive imports (legacy)",
       "9f407ea04bb32c15"],
      ["QEC.Stabilizer.Framework.Homological.BBDoubling:importAllArts",
       "656cb482757ebb22"],
      ["QEC.Stabilizer.Framework.Homological.BBSmallCycle transitive imports (legacy)",
       "f659619d7a0fac60"],
      ["QEC.Stabilizer.Framework.Homological.BBSmallCycle:importAllArts",
       "bd58fe6f783a57e1"],
      ["QEC.Stabilizer.Framework.Homological.BBDeckTower transitive imports (legacy)",
       "aa61fced44d1d697"],
      ["QEC.Stabilizer.Framework.Homological.BBDeckTower:importAllArts",
       "f8a5e8f2f815f03d"],
      ["QEC.Stabilizer.Framework.Homological.BocksteinLift transitive imports (legacy)",
       "726afc59fc34726e"],
      ["QEC.Stabilizer.Framework.Homological.BocksteinLift:importAllArts",
       "e45cf069af0b5247"],
      ["QEC.Stabilizer.Framework.Homological.BBEpsFree transitive imports (legacy)",
       "436ef4d228dfaa0c"],
      ["QEC.Stabilizer.Framework.Homological.BBEpsFree:importAllArts",
       "1fc692c8f0968b8e"],
      ["QEC.Stabilizer.Framework.Homological.BBConvRing transitive imports (legacy)",
       "4222ec31925d8e2c"],
      ["QEC.Stabilizer.Framework.Homological.BBConvRing:importAllArts",
       "e814907f54b5b496"],
      ["QEC.Stabilizer.Framework.Homological.BBBocksteinRank transitive imports (legacy)",
       "93be18cdcf6bfc39"],
      ["QEC.Stabilizer.Framework.Homological.BBBocksteinRank:importAllArts",
       "108b24185b15f218"],
      ["QEC.Stabilizer.Framework.Homological.BBTransferH1 transitive imports (legacy)",
       "1d841f7ca1b14406"],
      ["QEC.Stabilizer.Framework.Homological.BBTransferH1:importAllArts",
       "c816abecd38f0a1d"],
      ["QEC.Stabilizer.Framework.Homological.BBDeficitWall transitive imports (legacy)",
       "f659619d7a0fac60"],
      ["QEC.Stabilizer.Framework.Homological.BBDeficitWall:importAllArts",
       "8b246dc15e6a0685"],
      ["QEC.Stabilizer.Framework.Homological.BBEpsFreeGroupAlgebra transitive imports (legacy)",
       "1876882dc787e1c7"],
      ["QEC.Stabilizer.Framework.Homological.BBEpsFreeGroupAlgebra:importAllArts",
       "6fd67df172577b70"],
      ["QEC.Stabilizer.Framework.Homological.BBBocksteinTransport transitive imports (legacy)",
       "36e23a9b9aed21a7"],
      ["QEC.Stabilizer.Framework.Homological.BBBocksteinTransport:importAllArts",
       "009a76321e682c3d"]]]]],
  ["libs",
   [["import dynlibs", "00000000000006bb"],
    ["package external libraries", "00000000000006bb"],
    ["module dynlibs", "00000000000006bb"],
    ["module plugins", "00000000000006bb"]]],
  ["Lean 4.34.0, commit 293d5d0c0c3f3dded4688b3ccd6a33939ac5102b",
   "a1c6c7aa3e9abfe7"],
  ["C:\\lean\\libs\\QECLean\\QEC\\Stabilizer\\Framework\\Homological.lean",
   "625bbe56e798f9df"],
  ["options",
   [["-DmaxSynthPendingDepth=3", "c78e353d34de85d4"],
    ["-DrelaxedAutoImplicit=false", "74a2b5546b55be80"],
    ["-Dpp.unicode.fun=true", "9b94070140457fab"],
    ["-DautoImplicit=false", "4a85acb881fd49d0"]]],
  ["isModule: false", "feefd2a0d3a1847e"],
  ["Module.name: QEC.Stabilizer.Framework.Homological", "ba384144a5c69f2a"],
  ["Package.id?: (some QEC)", "93dadbf2094f452e"],
  ["Module.leanArgs: #[]", "00000000000006bb"]],
 "depHash": "55505fdc59b84390"}