{"synthetic": false,
 "schemaVersion": "2025-09-10",
 "outputs":
 {"o": ["785091316e99d0ce.olean"],
  "m": false,
  "i": "5fa7c0b8e13092b4.ilean",
  "c": "1dc02a921709bd67.c"},
 "log":
 [{"message":
   ".> LEAN_PATH=C:\\lean\\mathlib4\\.lake\\packages\\Qq\\.lake\\build\\lib\\lean;C:\\lean\\mathlib4\\.lake\\packages\\aesop\\.lake\\build\\lib\\lean;C:\\lean\\mathlib4\\.lake\\packages\\proofwidgets\\.lake\\build\\lib\\lean;C:\\lean\\mathlib4\\.lake\\packages\\importGraph\\.lake\\build\\lib\\lean;C:\\lean\\mathlib4\\.lake\\packages\\LeanSearchClient\\.lake\\build\\lib\\lean;C:\\lean\\mathlib4\\.lake\\packages\\plausible\\.lake\\build\\lib\\lean;C:\\lean\\mathlib4\\.lake\\packages\\batteries\\.lake\\build\\lib\\lean;C:\\lean\\mathlib4\\.lake\\packages\\Cli\\.lake\\build\\lib\\lean;C:\\lean\\mathlib4\\.lake\\build\\lib\\lean;C:\\lean\\LeanArchitect\\.lake\\build\\lib\\lean;C:\\lean\\libs\\QECLean\\.lake\\build\\lib\\lean c:\\Users\\Administrator\\.elan\\toolchains\\leanprover--lean4---v4.34.0-rc1\\bin\\lean.exe C:\\lean\\libs\\QECLean\\QEC\\Stabilizer\\Framework\\Symplectic.lean -o C:\\lean\\libs\\QECLean\\.lake\\build\\lib\\lean\\QEC\\Stabilizer\\Framework\\Symplectic.olean -i C:\\lean\\libs\\QECLean\\.lake\\build\\lib\\lean\\QEC\\Stabilizer\\Framework\\Symplectic.ilean -c C:\\lean\\libs\\QECLean\\.lake\\build\\ir\\QEC\\Stabilizer\\Framework\\Symplectic.c --setup C:\\lean\\libs\\QECLean\\.lake\\build\\ir\\QEC\\Stabilizer\\Framework\\Symplectic.setup.json --json",
   "level": "trace"}],
 "inputs":
 [["deps",
   [["QEC/QEC:extraDep", [["@QEC:extraDep", "00000000000006bb"]]],
    ["imports",
     [["QEC.Stabilizer.Framework.Symplectic.IndependentEquiv transitive imports (legacy)",
       "02486b4167e515cd"],
      ["QEC.Stabilizer.Framework.Symplectic.IndependentEquiv:importAllArts",
       "dc25338dafee1354"],
      ["QEC.Stabilizer.Framework.Symplectic.SymplecticOrthogonal transitive imports (legacy)",
       "e2f010e81e6b5b7b"],
      ["QEC.Stabilizer.Framework.Symplectic.SymplecticOrthogonal:importAllArts",
       "bdea2a34b9b4315b"],
      ["QEC.Stabilizer.Framework.Symplectic.SymplecticSpan transitive imports (legacy)",
       "e104f6f3a7e7544c"],
      ["QEC.Stabilizer.Framework.Symplectic.SymplecticSpan:importAllArts",
       "007cb3cf50831596"],
      ["QEC.Stabilizer.Framework.Symplectic.WeightTwoInSpan transitive imports (legacy)",
       "d2b7e4681814b6d4"],
      ["QEC.Stabilizer.Framework.Symplectic.WeightTwoInSpan:importAllArts",
       "ee6d8e1ff0be0ab0"],
      ["QEC.Stabilizer.Framework.Symplectic.SupportLemmas transitive imports (legacy)",
       "5d02b93c87f41903"],
      ["QEC.Stabilizer.Framework.Symplectic.SupportLemmas:importAllArts",
       "53dc9441a0eef6f6"],
      ["QEC.Stabilizer.Framework.Symplectic.CentralizerStructure transitive imports (legacy)",
       "bdb46a1b2d1ba6ed"],
      ["QEC.Stabilizer.Framework.Symplectic.CentralizerStructure:importAllArts",
       "ec4403d374abb94d"]]]]],
  ["libs",
   [["import dynlibs", "00000000000006bb"],
    ["package external libraries", "00000000000006bb"],
    ["module dynlibs", "00000000000006bb"],
    ["module plugins", "00000000000006bb"]]],
  ["Lean 4.34.0, commit 3447a668783dbce1a8fdb97101dd067687b2b418",
   "421484e3e0c70198"],
  ["C:\\lean\\libs\\QECLean\\QEC\\Stabilizer\\Framework\\Symplectic.lean",
   "329b8324aa59496a"],
  ["options",
   [["-DmaxSynthPendingDepth=3", "c78e353d34de85d4"],
    ["-DrelaxedAutoImplicit=false", "74a2b5546b55be80"],
    ["-Dpp.unicode.fun=true", "9b94070140457fab"],
    ["-DautoImplicit=false", "4a85acb881fd49d0"]]],
  ["isModule: false", "feefd2a0d3a1847e"],
  ["Module.name: QEC.Stabilizer.Framework.Symplectic", "403d15a7c2a031da"],
  ["Package.id?: (some QEC)", "93dadbf2094f452e"],
  ["Module.leanArgs: #[]", "00000000000006bb"]],
 "depHash": "b9c456228d2c95b6"}