{"synthetic": false,
 "schemaVersion": "2025-09-10",
 "outputs":
 {"o": ["50013f3dbb2ef69c.olean"],
  "m": false,
  "i": "2fd1af43e1e69522.ilean",
  "c": "6125a570d84bf047.c"},
 "log":
 [{"message":
   ".> LEAN_PATH=C:\\lean\\mathlib4\\.lake\\packages\\Qq\\.lake\\build\\lib\\lean;C:\\lean\\mathlib4\\.lake\\packages\\aesop\\.lake\\build\\lib\\lean;C:\\lean\\mathlib4\\.lake\\packages\\proofwidgets\\.lake\\build\\lib\\lean;C:\\lean\\mathlib4\\.lake\\packages\\importGraph\\.lake\\build\\lib\\lean;C:\\lean\\mathlib4\\.lake\\packages\\LeanSearchClient\\.lake\\build\\lib\\lean;C:\\lean\\mathlib4\\.lake\\packages\\plausible\\.lake\\build\\lib\\lean;C:\\lean\\mathlib4\\.lake\\packages\\batteries\\.lake\\build\\lib\\lean;C:\\lean\\mathlib4\\.lake\\packages\\Cli\\.lake\\build\\lib\\lean;C:\\lean\\mathlib4\\.lake\\build\\lib\\lean;C:\\lean\\LeanArchitect\\.lake\\build\\lib\\lean;C:\\lean\\libs\\QECLean\\.lake\\build\\lib\\lean c:\\Users\\Administrator\\.elan\\toolchains\\leanprover--lean4---v4.34.0-rc1\\bin\\lean.exe C:\\lean\\libs\\QECLean\\QEC\\Stabilizer\\Codes\\RotatedSurface\\Distance.lean -o C:\\lean\\libs\\QECLean\\.lake\\build\\lib\\lean\\QEC\\Stabilizer\\Codes\\RotatedSurface\\Distance.olean -i C:\\lean\\libs\\QECLean\\.lake\\build\\lib\\lean\\QEC\\Stabilizer\\Codes\\RotatedSurface\\Distance.ilean -c C:\\lean\\libs\\QECLean\\.lake\\build\\ir\\QEC\\Stabilizer\\Codes\\RotatedSurface\\Distance.c --setup C:\\lean\\libs\\QECLean\\.lake\\build\\ir\\QEC\\Stabilizer\\Codes\\RotatedSurface\\Distance.setup.json --json",
   "level": "trace"}],
 "inputs":
 [["deps",
   [["QEC/QEC:extraDep", [["@QEC:extraDep", "00000000000006bb"]]],
    ["imports",
     [["Mathlib.Tactic transitive imports (legacy)", "e57708850fe46f6d"],
      ["Mathlib.Tactic:importAllArts", "039a1b05b7e8164c"],
      ["QEC.Stabilizer.Codes.RotatedSurface.DistanceX transitive imports (legacy)",
       "a1235c2ff25a949d"],
      ["QEC.Stabilizer.Codes.RotatedSurface.DistanceX:importAllArts",
       "b88de809980e6024"],
      ["QEC.Stabilizer.Codes.RotatedSurface.DistanceZ transitive imports (legacy)",
       "6a1328d5cea0e60d"],
      ["QEC.Stabilizer.Codes.RotatedSurface.DistanceZ:importAllArts",
       "aaea7e76d2dbb7ba"],
      ["QEC.Stabilizer.Codes.RotatedSurface.StabilizerCode transitive imports (legacy)",
       "7af8e11a6825df47"],
      ["QEC.Stabilizer.Codes.RotatedSurface.StabilizerCode:importAllArts",
       "24805efb6a9173ae"],
      ["QEC.Stabilizer.Framework.Homological.Distance transitive imports (legacy)",
       "2e0d99d197b94403"],
      ["QEC.Stabilizer.Framework.Homological.Distance:importAllArts",
       "4b0cf8f8c48dd30b"],
      ["QEC.Stabilizer.Framework.Core.Logical.CodeDistance transitive imports (legacy)",
       "a0c729a6c284c455"],
      ["QEC.Stabilizer.Framework.Core.Logical.CodeDistance:importAllArts",
       "6750f1071b1def4b"]]]]],
  ["libs",
   [["import dynlibs", "00000000000006bb"],
    ["package external libraries", "00000000000006bb"],
    ["module dynlibs", "00000000000006bb"],
    ["module plugins", "00000000000006bb"]]],
  ["Lean 4.34.0, commit 3447a668783dbce1a8fdb97101dd067687b2b418",
   "421484e3e0c70198"],
  ["C:\\lean\\libs\\QECLean\\QEC\\Stabilizer\\Codes\\RotatedSurface\\Distance.lean",
   "14fbb458cb94a4c6"],
  ["options",
   [["-DmaxSynthPendingDepth=3", "c78e353d34de85d4"],
    ["-DrelaxedAutoImplicit=false", "74a2b5546b55be80"],
    ["-Dpp.unicode.fun=true", "9b94070140457fab"],
    ["-DautoImplicit=false", "4a85acb881fd49d0"]]],
  ["isModule: false", "feefd2a0d3a1847e"],
  ["Module.name: QEC.Stabilizer.Codes.RotatedSurface.Distance",
   "b370b8c9b8a22054"],
  ["Package.id?: (some QEC)", "93dadbf2094f452e"],
  ["Module.leanArgs: #[]", "00000000000006bb"]],
 "depHash": "92a125c68bf02027"}