{"synthetic": false,
 "schemaVersion": "2025-09-10",
 "outputs":
 {"o": ["e4512fca2a73e065.olean"],
  "m": false,
  "i": "3e0286029b1756d9.ilean",
  "c": "703a91a46c0e6807.c"},
 "log":
 [{"message":
   ".> LEAN_PATH=C:\\lean\\mathlib4\\.lake\\packages\\Qq\\.lake\\build\\lib\\lean;C:\\lean\\mathlib4\\.lake\\packages\\aesop\\.lake\\build\\lib\\lean;C:\\lean\\mathlib4\\.lake\\packages\\proofwidgets\\.lake\\build\\lib\\lean;C:\\lean\\mathlib4\\.lake\\packages\\importGraph\\.lake\\build\\lib\\lean;C:\\lean\\mathlib4\\.lake\\packages\\LeanSearchClient\\.lake\\build\\lib\\lean;C:\\lean\\mathlib4\\.lake\\packages\\plausible\\.lake\\build\\lib\\lean;C:\\lean\\mathlib4\\.lake\\packages\\batteries\\.lake\\build\\lib\\lean;C:\\lean\\mathlib4\\.lake\\packages\\Cli\\.lake\\build\\lib\\lean;C:\\lean\\mathlib4\\.lake\\build\\lib\\lean;C:\\lean\\LeanArchitect\\.lake\\build\\lib\\lean;C:\\lean\\libs\\QECLean\\.lake\\build\\lib\\lean c:\\Users\\Administrator\\.elan\\toolchains\\leanprover--lean4---v4.34.0\\bin\\lean.exe C:\\lean\\libs\\QECLean\\QEC\\Stabilizer\\Framework\\Core\\CSS\\CSSCommutationLemmas.lean -o C:\\lean\\libs\\QECLean\\.lake\\build\\lib\\lean\\QEC\\Stabilizer\\Framework\\Core\\CSS\\CSSCommutationLemmas.olean -i C:\\lean\\libs\\QECLean\\.lake\\build\\lib\\lean\\QEC\\Stabilizer\\Framework\\Core\\CSS\\CSSCommutationLemmas.ilean -c C:\\lean\\libs\\QECLean\\.lake\\build\\ir\\QEC\\Stabilizer\\Framework\\Core\\CSS\\CSSCommutationLemmas.c --setup C:\\lean\\libs\\QECLean\\.lake\\build\\ir\\QEC\\Stabilizer\\Framework\\Core\\CSS\\CSSCommutationLemmas.setup.json --json",
   "level": "trace"}],
 "inputs":
 [["deps",
   [["QEC/QEC:extraDep", [["@QEC:extraDep", "00000000000006bb"]]],
    ["imports",
     [["Mathlib.Tactic transitive imports (legacy)", "bcbb206fda0bf4c5"],
      ["Mathlib.Tactic:importAllArts", "9e99e1f4b2cc9596"],
      ["QEC.Stabilizer.Framework.Core.CSS.CSSNoNegI transitive imports (legacy)",
       "a9dc07e2268c15a4"],
      ["QEC.Stabilizer.Framework.Core.CSS.CSSNoNegI:importAllArts",
       "86d86b99dec53eeb"],
      ["QEC.Stabilizer.Foundations.PauliGroup.Commutation transitive imports (legacy)",
       "92f348202e1f5aa7"],
      ["QEC.Stabilizer.Foundations.PauliGroup.Commutation:importAllArts",
       "c48d30ed3b4c8741"]]]]],
  ["libs",
   [["import dynlibs", "00000000000006bb"],
    ["package external libraries", "00000000000006bb"],
    ["module dynlibs", "00000000000006bb"],
    ["module plugins", "00000000000006bb"]]],
  ["Lean 4.34.0, commit 293d5d0c0c3f3dded4688b3ccd6a33939ac5102b",
   "a1c6c7aa3e9abfe7"],
  ["C:\\lean\\libs\\QECLean\\QEC\\Stabilizer\\Framework\\Core\\CSS\\CSSCommutationLemmas.lean",
   "66a972de8b9edb3d"],
  ["options",
   [["-DmaxSynthPendingDepth=3", "c78e353d34de85d4"],
    ["-DrelaxedAutoImplicit=false", "74a2b5546b55be80"],
    ["-Dpp.unicode.fun=true", "9b94070140457fab"],
    ["-DautoImplicit=false", "4a85acb881fd49d0"]]],
  ["isModule: false", "feefd2a0d3a1847e"],
  ["Module.name: QEC.Stabilizer.Framework.Core.CSS.CSSCommutationLemmas",
   "fe824362d28b765b"],
  ["Package.id?: (some QEC)", "93dadbf2094f452e"],
  ["Module.leanArgs: #[]", "00000000000006bb"]],
 "depHash": "3ce3d95e93c8ec00"}