{"synthetic": false,
 "schemaVersion": "2025-09-10",
 "outputs":
 {"o": ["151f0a49ab8b8de1.olean"],
  "m": false,
  "i": "0187366bf6ee470c.ilean",
  "c": "af2d78f86764e753.c"},
 "log":
 [{"message":
   ".> LEAN_PATH=C:\\lean\\mathlib4\\.lake\\packages\\Qq\\.lake\\build\\lib\\lean;C:\\lean\\mathlib4\\.lake\\packages\\aesop\\.lake\\build\\lib\\lean;C:\\lean\\mathlib4\\.lake\\packages\\proofwidgets\\.lake\\build\\lib\\lean;C:\\lean\\mathlib4\\.lake\\packages\\importGraph\\.lake\\build\\lib\\lean;C:\\lean\\mathlib4\\.lake\\packages\\LeanSearchClient\\.lake\\build\\lib\\lean;C:\\lean\\mathlib4\\.lake\\packages\\plausible\\.lake\\build\\lib\\lean;C:\\lean\\mathlib4\\.lake\\packages\\batteries\\.lake\\build\\lib\\lean;C:\\lean\\mathlib4\\.lake\\packages\\Cli\\.lake\\build\\lib\\lean;C:\\lean\\mathlib4\\.lake\\build\\lib\\lean;C:\\lean\\LeanArchitect\\.lake\\build\\lib\\lean;C:\\lean\\libs\\QECLean\\.lake\\build\\lib\\lean c:\\Users\\Administrator\\.elan\\toolchains\\leanprover--lean4---v4.34.0-rc1\\bin\\lean.exe C:\\lean\\libs\\QECLean\\QEC\\Stabilizer\\Framework\\Core\\CSS\\CSSNoNegI.lean -o C:\\lean\\libs\\QECLean\\.lake\\build\\lib\\lean\\QEC\\Stabilizer\\Framework\\Core\\CSS\\CSSNoNegI.olean -i C:\\lean\\libs\\QECLean\\.lake\\build\\lib\\lean\\QEC\\Stabilizer\\Framework\\Core\\CSS\\CSSNoNegI.ilean -c C:\\lean\\libs\\QECLean\\.lake\\build\\ir\\QEC\\Stabilizer\\Framework\\Core\\CSS\\CSSNoNegI.c --setup C:\\lean\\libs\\QECLean\\.lake\\build\\ir\\QEC\\Stabilizer\\Framework\\Core\\CSS\\CSSNoNegI.setup.json --json",
   "level": "trace"}],
 "inputs":
 [["deps",
   [["QEC/QEC:extraDep", [["@QEC:extraDep", "00000000000006bb"]]],
    ["imports",
     [["Mathlib.Tactic transitive imports (legacy)", "e57708850fe46f6d"],
      ["Mathlib.Tactic:importAllArts", "039a1b05b7e8164c"],
      ["QEC.Stabilizer.Framework.Core.Stabilizer.StabilizerGroup transitive imports (legacy)",
       "1377acfec8c73e10"],
      ["QEC.Stabilizer.Framework.Core.Stabilizer.StabilizerGroup:importAllArts",
       "62e31a0229b7c165"],
      ["QEC.Stabilizer.Framework.Core.Stabilizer.SubgroupLemmas transitive imports (legacy)",
       "f5e3906dbe4383f3"],
      ["QEC.Stabilizer.Framework.Core.Stabilizer.SubgroupLemmas:importAllArts",
       "a0b11a9667f39d93"],
      ["QEC.Stabilizer.Framework.Core.CSS.CSSPredicates transitive imports (legacy)",
       "f0505af9ed8adf41"],
      ["QEC.Stabilizer.Framework.Core.CSS.CSSPredicates:importAllArts",
       "26ad32b7840324c4"]]]]],
  ["libs",
   [["import dynlibs", "00000000000006bb"],
    ["package external libraries", "00000000000006bb"],
    ["module dynlibs", "00000000000006bb"],
    ["module plugins", "00000000000006bb"]]],
  ["Lean 4.34.0, commit 3447a668783dbce1a8fdb97101dd067687b2b418",
   "421484e3e0c70198"],
  ["C:\\lean\\libs\\QECLean\\QEC\\Stabilizer\\Framework\\Core\\CSS\\CSSNoNegI.lean",
   "30bb41153bcfb641"],
  ["options",
   [["-DmaxSynthPendingDepth=3", "c78e353d34de85d4"],
    ["-DrelaxedAutoImplicit=false", "74a2b5546b55be80"],
    ["-Dpp.unicode.fun=true", "9b94070140457fab"],
    ["-DautoImplicit=false", "4a85acb881fd49d0"]]],
  ["isModule: false", "feefd2a0d3a1847e"],
  ["Module.name: QEC.Stabilizer.Framework.Core.CSS.CSSNoNegI",
   "9c0e58187eeba176"],
  ["Package.id?: (some QEC)", "93dadbf2094f452e"],
  ["Module.leanArgs: #[]", "00000000000006bb"]],
 "depHash": "76b8bf2b1e3e9b54"}