{"synthetic": false,
 "schemaVersion": "2025-09-10",
 "outputs":
 {"o": ["f18768dae59336f9.olean"],
  "m": false,
  "i": "28158d082e92fc3b.ilean",
  "c": "a0d9dd971a4bdb0e.c"},
 "log":
 [{"message":
   ".> LEAN_PATH=C:\\lean\\mathlib4\\.lake\\packages\\Qq\\.lake\\build\\lib\\lean;C:\\lean\\mathlib4\\.lake\\packages\\aesop\\.lake\\build\\lib\\lean;C:\\lean\\mathlib4\\.lake\\packages\\proofwidgets\\.lake\\build\\lib\\lean;C:\\lean\\mathlib4\\.lake\\packages\\importGraph\\.lake\\build\\lib\\lean;C:\\lean\\mathlib4\\.lake\\packages\\LeanSearchClient\\.lake\\build\\lib\\lean;C:\\lean\\mathlib4\\.lake\\packages\\plausible\\.lake\\build\\lib\\lean;C:\\lean\\mathlib4\\.lake\\packages\\batteries\\.lake\\build\\lib\\lean;C:\\lean\\mathlib4\\.lake\\packages\\Cli\\.lake\\build\\lib\\lean;C:\\lean\\mathlib4\\.lake\\build\\lib\\lean;C:\\lean\\LeanArchitect\\.lake\\build\\lib\\lean;C:\\lean\\libs\\QECLean\\.lake\\build\\lib\\lean c:\\Users\\Administrator\\.elan\\toolchains\\leanprover--lean4---v4.34.0-rc1\\bin\\lean.exe C:\\lean\\libs\\QECLean\\QEC\\Stabilizer\\Framework\\Homological\\BBBocksteinTransport.lean -o C:\\lean\\libs\\QECLean\\.lake\\build\\lib\\lean\\QEC\\Stabilizer\\Framework\\Homological\\BBBocksteinTransport.olean -i C:\\lean\\libs\\QECLean\\.lake\\build\\lib\\lean\\QEC\\Stabilizer\\Framework\\Homological\\BBBocksteinTransport.ilean -c C:\\lean\\libs\\QECLean\\.lake\\build\\ir\\QEC\\Stabilizer\\Framework\\Homological\\BBBocksteinTransport.c --setup C:\\lean\\libs\\QECLean\\.lake\\build\\ir\\QEC\\Stabilizer\\Framework\\Homological\\BBBocksteinTransport.setup.json --json",
   "level": "trace"}],
 "inputs":
 [["deps",
   [["QEC/QEC:extraDep", [["@QEC:extraDep", "00000000000006bb"]]],
    ["imports",
     [["QEC.Stabilizer.Framework.Homological.BBTransferH1 transitive imports (legacy)",
       "f0769a9f103b4116"],
      ["QEC.Stabilizer.Framework.Homological.BBTransferH1:importAllArts",
       "331cb1173aa590c0"],
      ["QEC.Stabilizer.Framework.Homological.BBDeficitWall transitive imports (legacy)",
       "3bb3ae7e9455d623"],
      ["QEC.Stabilizer.Framework.Homological.BBDeficitWall:importAllArts",
       "1731ee44ffcb2592"],
      ["QEC.Stabilizer.Framework.Homological.BBConvRing transitive imports (legacy)",
       "9c7c1d0853e5927a"],
      ["QEC.Stabilizer.Framework.Homological.BBConvRing:importAllArts",
       "76d8bc233e054274"],
      ["QEC.Stabilizer.Framework.Homological.BBEpsFreeGroupAlgebra transitive imports (legacy)",
       "86eb92b96b8bc3f5"],
      ["QEC.Stabilizer.Framework.Homological.BBEpsFreeGroupAlgebra:importAllArts",
       "b6cf1646dfd703a9"]]]]],
  ["libs",
   [["import dynlibs", "00000000000006bb"],
    ["package external libraries", "00000000000006bb"],
    ["module dynlibs", "00000000000006bb"],
    ["module plugins", "00000000000006bb"]]],
  ["Lean 4.34.0, commit 3447a668783dbce1a8fdb97101dd067687b2b418",
   "421484e3e0c70198"],
  ["C:\\lean\\libs\\QECLean\\QEC\\Stabilizer\\Framework\\Homological\\BBBocksteinTransport.lean",
   "f4197d0e358e4ae3"],
  ["options",
   [["-DmaxSynthPendingDepth=3", "c78e353d34de85d4"],
    ["-DrelaxedAutoImplicit=false", "74a2b5546b55be80"],
    ["-Dpp.unicode.fun=true", "9b94070140457fab"],
    ["-DautoImplicit=false", "4a85acb881fd49d0"]]],
  ["isModule: false", "feefd2a0d3a1847e"],
  ["Module.name: QEC.Stabilizer.Framework.Homological.BBBocksteinTransport",
   "e5521c9f3a4c444d"],
  ["Package.id?: (some QEC)", "93dadbf2094f452e"],
  ["Module.leanArgs: #[]", "00000000000006bb"]],
 "depHash": "b71b9250cc245abe"}