{"synthetic": false,
 "schemaVersion": "2025-09-10",
 "outputs":
 {"o": ["9647b80d464cb74c.olean"],
  "m": false,
  "i": "5a7e9d4b2a42aa79.ilean",
  "c": "7fff253cd941769d.c"},
 "log":
 [{"message":
   ".> LEAN_PATH=C:\\lean\\mathlib4\\.lake\\packages\\Qq\\.lake\\build\\lib\\lean;C:\\lean\\mathlib4\\.lake\\packages\\aesop\\.lake\\build\\lib\\lean;C:\\lean\\mathlib4\\.lake\\packages\\proofwidgets\\.lake\\build\\lib\\lean;C:\\lean\\mathlib4\\.lake\\packages\\importGraph\\.lake\\build\\lib\\lean;C:\\lean\\mathlib4\\.lake\\packages\\LeanSearchClient\\.lake\\build\\lib\\lean;C:\\lean\\mathlib4\\.lake\\packages\\plausible\\.lake\\build\\lib\\lean;C:\\lean\\mathlib4\\.lake\\packages\\batteries\\.lake\\build\\lib\\lean;C:\\lean\\mathlib4\\.lake\\packages\\Cli\\.lake\\build\\lib\\lean;C:\\lean\\mathlib4\\.lake\\build\\lib\\lean;C:\\lean\\LeanArchitect\\.lake\\build\\lib\\lean;C:\\lean\\libs\\QECLean\\.lake\\build\\lib\\lean c:\\Users\\Administrator\\.elan\\toolchains\\leanprover--lean4---v4.34.0\\bin\\lean.exe C:\\lean\\libs\\QECLean\\QEC\\Stabilizer\\Codes\\RotatedSurface.lean -o C:\\lean\\libs\\QECLean\\.lake\\build\\lib\\lean\\QEC\\Stabilizer\\Codes\\RotatedSurface.olean -i C:\\lean\\libs\\QECLean\\.lake\\build\\lib\\lean\\QEC\\Stabilizer\\Codes\\RotatedSurface.ilean -c C:\\lean\\libs\\QECLean\\.lake\\build\\ir\\QEC\\Stabilizer\\Codes\\RotatedSurface.c --setup C:\\lean\\libs\\QECLean\\.lake\\build\\ir\\QEC\\Stabilizer\\Codes\\RotatedSurface.setup.json --json",
   "level": "trace"}],
 "inputs":
 [["deps",
   [["QEC/QEC:extraDep", [["@QEC:extraDep", "00000000000006bb"]]],
    ["imports",
     [["QEC.Stabilizer.Codes.RotatedSurface.N transitive imports (legacy)",
       "1cd3d00fd8528bf7"],
      ["QEC.Stabilizer.Codes.RotatedSurface.N:importAllArts",
       "26f19016483eba8b"],
      ["QEC.Stabilizer.Codes.RotatedSurface.CellComplex transitive imports (legacy)",
       "aa7d5656b13d48f9"],
      ["QEC.Stabilizer.Codes.RotatedSurface.CellComplex:importAllArts",
       "0b1d9cfdbe6a742a"],
      ["QEC.Stabilizer.Codes.RotatedSurface.BoundaryMaps transitive imports (legacy)",
       "901ccd072e1e8454"],
      ["QEC.Stabilizer.Codes.RotatedSurface.BoundaryMaps:importAllArts",
       "2aa84204125739f4"],
      ["QEC.Stabilizer.Codes.RotatedSurface.ChainComplex transitive imports (legacy)",
       "9054f0d89b090d95"],
      ["QEC.Stabilizer.Codes.RotatedSurface.ChainComplex:importAllArts",
       "ffc45e60dab61d47"],
      ["QEC.Stabilizer.Codes.RotatedSurface.H1Dimension transitive imports (legacy)",
       "01da0a1f21c54e3e"],
      ["QEC.Stabilizer.Codes.RotatedSurface.H1Dimension:importAllArts",
       "93b14fc2454bd7c2"],
      ["QEC.Stabilizer.Codes.RotatedSurface.Distance transitive imports (legacy)",
       "b74cd4c70e77e85d"],
      ["QEC.Stabilizer.Codes.RotatedSurface.Distance:importAllArts",
       "34bf833364904a25"],
      ["QEC.Stabilizer.Codes.RotatedSurface.DistanceX transitive imports (legacy)",
       "966fff8f03733ca1"],
      ["QEC.Stabilizer.Codes.RotatedSurface.DistanceX:importAllArts",
       "220461176aacd363"],
      ["QEC.Stabilizer.Codes.RotatedSurface.DistanceZ transitive imports (legacy)",
       "b2ceca34bca27b46"],
      ["QEC.Stabilizer.Codes.RotatedSurface.DistanceZ:importAllArts",
       "47ce858e6548cd72"],
      ["QEC.Stabilizer.Codes.RotatedSurface.StabilizerCode transitive imports (legacy)",
       "5e365ec070f42970"],
      ["QEC.Stabilizer.Codes.RotatedSurface.StabilizerCode:importAllArts",
       "7b0cfc72e83fd8d3"]]]]],
  ["libs",
   [["import dynlibs", "00000000000006bb"],
    ["package external libraries", "00000000000006bb"],
    ["module dynlibs", "00000000000006bb"],
    ["module plugins", "00000000000006bb"]]],
  ["Lean 4.34.0, commit 293d5d0c0c3f3dded4688b3ccd6a33939ac5102b",
   "a1c6c7aa3e9abfe7"],
  ["C:\\lean\\libs\\QECLean\\QEC\\Stabilizer\\Codes\\RotatedSurface.lean",
   "3f06fb7c0d6f07ab"],
  ["options",
   [["-DmaxSynthPendingDepth=3", "c78e353d34de85d4"],
    ["-DrelaxedAutoImplicit=false", "74a2b5546b55be80"],
    ["-Dpp.unicode.fun=true", "9b94070140457fab"],
    ["-DautoImplicit=false", "4a85acb881fd49d0"]]],
  ["isModule: false", "feefd2a0d3a1847e"],
  ["Module.name: QEC.Stabilizer.Codes.RotatedSurface", "45c6a8d49eed3f33"],
  ["Package.id?: (some QEC)", "93dadbf2094f452e"],
  ["Module.leanArgs: #[]", "00000000000006bb"]],
 "depHash": "3729f8a5f355ce42"}