{"synthetic": false,
 "schemaVersion": "2025-09-10",
 "outputs":
 {"o": ["39a120b7a4bf82c1.olean"],
  "m": false,
  "i": "e0189ab8388c8236.ilean",
  "c": "737b6014dc75d774.c"},
 "log":
 [{"message":
   ".> LEAN_PATH=C:\\lean\\mathlib4\\.lake\\packages\\Qq\\.lake\\build\\lib\\lean;C:\\lean\\mathlib4\\.lake\\packages\\aesop\\.lake\\build\\lib\\lean;C:\\lean\\mathlib4\\.lake\\packages\\proofwidgets\\.lake\\build\\lib\\lean;C:\\lean\\mathlib4\\.lake\\packages\\importGraph\\.lake\\build\\lib\\lean;C:\\lean\\mathlib4\\.lake\\packages\\LeanSearchClient\\.lake\\build\\lib\\lean;C:\\lean\\mathlib4\\.lake\\packages\\plausible\\.lake\\build\\lib\\lean;C:\\lean\\mathlib4\\.lake\\packages\\batteries\\.lake\\build\\lib\\lean;C:\\lean\\mathlib4\\.lake\\packages\\Cli\\.lake\\build\\lib\\lean;C:\\lean\\mathlib4\\.lake\\build\\lib\\lean;C:\\lean\\LeanArchitect\\.lake\\build\\lib\\lean;C:\\lean\\libs\\QECLean\\.lake\\build\\lib\\lean c:\\Users\\Administrator\\.elan\\toolchains\\leanprover--lean4---v4.34.0-rc1\\bin\\lean.exe C:\\lean\\libs\\QECLean\\QEC\\Stabilizer\\Codes\\Small.lean -o C:\\lean\\libs\\QECLean\\.lake\\build\\lib\\lean\\QEC\\Stabilizer\\Codes\\Small.olean -i C:\\lean\\libs\\QECLean\\.lake\\build\\lib\\lean\\QEC\\Stabilizer\\Codes\\Small.ilean -c C:\\lean\\libs\\QECLean\\.lake\\build\\ir\\QEC\\Stabilizer\\Codes\\Small.c --setup C:\\lean\\libs\\QECLean\\.lake\\build\\ir\\QEC\\Stabilizer\\Codes\\Small.setup.json --json",
   "level": "trace"}],
 "inputs":
 [["deps",
   [["QEC/QEC:extraDep", [["@QEC:extraDep", "00000000000006bb"]]],
    ["imports",
     [["QEC.Stabilizer.Codes.Small.Shor9 transitive imports (legacy)",
       "3509c7da52858216"],
      ["QEC.Stabilizer.Codes.Small.Shor9:importAllArts", "b91648dea6fe8dc1"],
      ["QEC.Stabilizer.Codes.Small.Steane7 transitive imports (legacy)",
       "ee0b85a083ea0577"],
      ["QEC.Stabilizer.Codes.Small.Steane7:importAllArts", "727412146d9fc740"],
      ["QEC.Stabilizer.Codes.Small.Steane7Distance transitive imports (legacy)",
       "3d85a9b4ee8a503f"],
      ["QEC.Stabilizer.Codes.Small.Steane7Distance:importAllArts",
       "48f85501bb571333"],
      ["QEC.Stabilizer.Codes.Small.Steane7TransversalGates transitive imports (legacy)",
       "1e0cb84477789cbb"],
      ["QEC.Stabilizer.Codes.Small.Steane7TransversalGates:importAllArts",
       "6493c37d6676adeb"],
      ["QEC.Stabilizer.Codes.Small.FourQubit_4_2_2 transitive imports (legacy)",
       "e5df311e637e994c"],
      ["QEC.Stabilizer.Codes.Small.FourQubit_4_2_2:importAllArts",
       "4bd3e59dc6036553"],
      ["QEC.Stabilizer.Codes.Small.QuantumHamming transitive imports (legacy)",
       "36311c2351c8fc79"],
      ["QEC.Stabilizer.Codes.Small.QuantumHamming:importAllArts",
       "178370edc50d9168"],
      ["QEC.Stabilizer.Codes.Small.FiveQubit_5_1_3 transitive imports (legacy)",
       "5e4b15f7becc58bc"],
      ["QEC.Stabilizer.Codes.Small.FiveQubit_5_1_3:importAllArts",
       "a3daaf4026246a19"],
      ["QEC.Stabilizer.Codes.Small.CSS_4_1_2 transitive imports (legacy)",
       "e5df311e637e994c"],
      ["QEC.Stabilizer.Codes.Small.CSS_4_1_2:importAllArts",
       "f072924b9cf0bfde"],
      ["QEC.Stabilizer.Codes.Small.SixQubit_6_2_2 transitive imports (legacy)",
       "e5df311e637e994c"],
      ["QEC.Stabilizer.Codes.Small.SixQubit_6_2_2:importAllArts",
       "0347f0e063287cd4"]]]]],
  ["libs",
   [["import dynlibs", "00000000000006bb"],
    ["package external libraries", "00000000000006bb"],
    ["module dynlibs", "00000000000006bb"],
    ["module plugins", "00000000000006bb"]]],
  ["Lean 4.34.0, commit 3447a668783dbce1a8fdb97101dd067687b2b418",
   "421484e3e0c70198"],
  ["C:\\lean\\libs\\QECLean\\QEC\\Stabilizer\\Codes\\Small.lean",
   "4dc61a163610b68a"],
  ["options",
   [["-DmaxSynthPendingDepth=3", "c78e353d34de85d4"],
    ["-DrelaxedAutoImplicit=false", "74a2b5546b55be80"],
    ["-Dpp.unicode.fun=true", "9b94070140457fab"],
    ["-DautoImplicit=false", "4a85acb881fd49d0"]]],
  ["isModule: false", "feefd2a0d3a1847e"],
  ["Module.name: QEC.Stabilizer.Codes.Small", "1ddfd05983e414a6"],
  ["Package.id?: (some QEC)", "93dadbf2094f452e"],
  ["Module.leanArgs: #[]", "00000000000006bb"]],
 "depHash": "29f045a06a1b525c"}