{"synthetic": false,
 "schemaVersion": "2025-09-10",
 "outputs":
 {"o": ["066a83ae9ce61b54.olean"],
  "m": false,
  "i": "d874e13c1ec34d85.ilean",
  "c": "554adcfa0243be6f.c"},
 "log":
 [{"message":
   ".> LEAN_PATH=C:\\lean\\mathlib4\\.lake\\packages\\Qq\\.lake\\build\\lib\\lean;C:\\lean\\mathlib4\\.lake\\packages\\aesop\\.lake\\build\\lib\\lean;C:\\lean\\mathlib4\\.lake\\packages\\proofwidgets\\.lake\\build\\lib\\lean;C:\\lean\\mathlib4\\.lake\\packages\\importGraph\\.lake\\build\\lib\\lean;C:\\lean\\mathlib4\\.lake\\packages\\LeanSearchClient\\.lake\\build\\lib\\lean;C:\\lean\\mathlib4\\.lake\\packages\\plausible\\.lake\\build\\lib\\lean;C:\\lean\\mathlib4\\.lake\\packages\\batteries\\.lake\\build\\lib\\lean;C:\\lean\\mathlib4\\.lake\\packages\\Cli\\.lake\\build\\lib\\lean;C:\\lean\\mathlib4\\.lake\\build\\lib\\lean;C:\\lean\\LeanArchitect\\.lake\\build\\lib\\lean;C:\\lean\\libs\\QECLean\\.lake\\build\\lib\\lean c:\\Users\\Administrator\\.elan\\toolchains\\leanprover--lean4---v4.34.0\\bin\\lean.exe C:\\lean\\libs\\QECLean\\QEC\\Stabilizer\\Codes\\Toric.lean -o C:\\lean\\libs\\QECLean\\.lake\\build\\lib\\lean\\QEC\\Stabilizer\\Codes\\Toric.olean -i C:\\lean\\libs\\QECLean\\.lake\\build\\lib\\lean\\QEC\\Stabilizer\\Codes\\Toric.ilean -c C:\\lean\\libs\\QECLean\\.lake\\build\\ir\\QEC\\Stabilizer\\Codes\\Toric.c --setup C:\\lean\\libs\\QECLean\\.lake\\build\\ir\\QEC\\Stabilizer\\Codes\\Toric.setup.json --json",
   "level": "trace"}],
 "inputs":
 [["deps",
   [["QEC/QEC:extraDep", [["@QEC:extraDep", "00000000000006bb"]]],
    ["imports",
     [["QEC.Stabilizer.Codes.Toric.CodeN transitive imports (legacy)",
       "10a8391f0ca909e4"],
      ["QEC.Stabilizer.Codes.Toric.CodeN:importAllArts", "f163b86c5a2ef640"],
      ["QEC.Stabilizer.Codes.Toric.Chains transitive imports (legacy)",
       "7f8a1971d266856b"],
      ["QEC.Stabilizer.Codes.Toric.Chains:importAllArts", "23be9a958fca943f"],
      ["QEC.Stabilizer.Codes.Toric.BoundaryMaps transitive imports (legacy)",
       "a20e861de1524142"],
      ["QEC.Stabilizer.Codes.Toric.BoundaryMaps:importAllArts",
       "3d1558bfc39588d0"],
      ["QEC.Stabilizer.Codes.Toric.Homology transitive imports (legacy)",
       "533d0c8ac5b3437a"],
      ["QEC.Stabilizer.Codes.Toric.Homology:importAllArts", "8116c3363a779ee8"],
      ["QEC.Stabilizer.Codes.Toric.H1Dimension transitive imports (legacy)",
       "9f20b739679fa81f"],
      ["QEC.Stabilizer.Codes.Toric.H1Dimension:importAllArts",
       "ba25b1e9475ce32c"],
      ["QEC.Stabilizer.Codes.Toric.WrappingInvariants transitive imports (legacy)",
       "d80dbb8a203a0495"],
      ["QEC.Stabilizer.Codes.Toric.WrappingInvariants:importAllArts",
       "f1692738972d83ac"],
      ["QEC.Stabilizer.Codes.Toric.OperatorChains transitive imports (legacy)",
       "5aa4c3d6513fb679"],
      ["QEC.Stabilizer.Codes.Toric.OperatorChains:importAllArts",
       "455aaa6b975f3b70"],
      ["QEC.Stabilizer.Codes.Toric.ChainOps transitive imports (legacy)",
       "86482137472a9cb1"],
      ["QEC.Stabilizer.Codes.Toric.ChainOps:importAllArts", "2e0b34317047c83d"],
      ["QEC.Stabilizer.Codes.Toric.LogicalCorrespondenceX transitive imports (legacy)",
       "efa6aaf804cd8072"],
      ["QEC.Stabilizer.Codes.Toric.LogicalCorrespondenceX:importAllArts",
       "a95ef5f8c6d76811"],
      ["QEC.Stabilizer.Codes.Toric.LogicalCorrespondenceZ transitive imports (legacy)",
       "d72fb871e0912de6"],
      ["QEC.Stabilizer.Codes.Toric.LogicalCorrespondenceZ:importAllArts",
       "e70ea13dc4b5488e"],
      ["QEC.Stabilizer.Codes.Toric.DualWrappingInvariants transitive imports (legacy)",
       "a6e220cfc5590732"],
      ["QEC.Stabilizer.Codes.Toric.DualWrappingInvariants:importAllArts",
       "60d7d5ccde2d21a8"],
      ["QEC.Stabilizer.Codes.Toric.ChainComplex transitive imports (legacy)",
       "354fa8a6f03362c9"],
      ["QEC.Stabilizer.Codes.Toric.ChainComplex:importAllArts",
       "7f17d19661dbf282"],
      ["QEC.Stabilizer.Codes.Toric.Distance transitive imports (legacy)",
       "db3ed6757b129be2"],
      ["QEC.Stabilizer.Codes.Toric.Distance:importAllArts", "26c241f4d9e5c506"],
      ["QEC.Stabilizer.Codes.Toric.DistanceX transitive imports (legacy)",
       "d2ef4ec18ac9c6be"],
      ["QEC.Stabilizer.Codes.Toric.DistanceX:importAllArts",
       "d19aa7249a53a104"],
      ["QEC.Stabilizer.Codes.Toric.DistanceZ transitive imports (legacy)",
       "58e43654d7c17d01"],
      ["QEC.Stabilizer.Codes.Toric.DistanceZ:importAllArts",
       "1848d1861bdcc296"],
      ["QEC.Stabilizer.Codes.Toric.StabilizerCode transitive imports (legacy)",
       "a8961ccb72a7a5e3"],
      ["QEC.Stabilizer.Codes.Toric.StabilizerCode:importAllArts",
       "beae6580a05a18a7"]]]]],
  ["libs",
   [["import dynlibs", "00000000000006bb"],
    ["package external libraries", "00000000000006bb"],
    ["module dynlibs", "00000000000006bb"],
    ["module plugins", "00000000000006bb"]]],
  ["Lean 4.34.0, commit 293d5d0c0c3f3dded4688b3ccd6a33939ac5102b",
   "a1c6c7aa3e9abfe7"],
  ["C:\\lean\\libs\\QECLean\\QEC\\Stabilizer\\Codes\\Toric.lean",
   "dd2cf76243493988"],
  ["options",
   [["-DmaxSynthPendingDepth=3", "c78e353d34de85d4"],
    ["-DrelaxedAutoImplicit=false", "74a2b5546b55be80"],
    ["-Dpp.unicode.fun=true", "9b94070140457fab"],
    ["-DautoImplicit=false", "4a85acb881fd49d0"]]],
  ["isModule: false", "feefd2a0d3a1847e"],
  ["Module.name: QEC.Stabilizer.Codes.Toric", "0a2ccf7de819b53c"],
  ["Package.id?: (some QEC)", "93dadbf2094f452e"],
  ["Module.leanArgs: #[]", "00000000000006bb"]],
 "depHash": "89e33330743a5935"}