{"synthetic": false,
 "schemaVersion": "2025-09-10",
 "outputs":
 {"o": ["b13f2771cfc70aa8.olean"],
  "m": false,
  "i": "901a1c1c5a7b8f90.ilean",
  "c": "d3909223f34e9419.c"},
 "log":
 [{"message":
   ".> LEAN_PATH=C:\\lean\\mathlib4\\.lake\\packages\\Qq\\.lake\\build\\lib\\lean;C:\\lean\\mathlib4\\.lake\\packages\\aesop\\.lake\\build\\lib\\lean;C:\\lean\\mathlib4\\.lake\\packages\\proofwidgets\\.lake\\build\\lib\\lean;C:\\lean\\mathlib4\\.lake\\packages\\importGraph\\.lake\\build\\lib\\lean;C:\\lean\\mathlib4\\.lake\\packages\\LeanSearchClient\\.lake\\build\\lib\\lean;C:\\lean\\mathlib4\\.lake\\packages\\plausible\\.lake\\build\\lib\\lean;C:\\lean\\mathlib4\\.lake\\packages\\batteries\\.lake\\build\\lib\\lean;C:\\lean\\mathlib4\\.lake\\packages\\Cli\\.lake\\build\\lib\\lean;C:\\lean\\mathlib4\\.lake\\build\\lib\\lean;C:\\lean\\LeanArchitect\\.lake\\build\\lib\\lean;C:\\lean\\libs\\QECLean\\.lake\\build\\lib\\lean c:\\Users\\Administrator\\.elan\\toolchains\\leanprover--lean4---v4.34.0-rc1\\bin\\lean.exe C:\\lean\\libs\\QECLean\\QEC\\Stabilizer\\Codes\\BivariateBicycle\\Gross\\Defs.lean -o C:\\lean\\libs\\QECLean\\.lake\\build\\lib\\lean\\QEC\\Stabilizer\\Codes\\BivariateBicycle\\Gross\\Defs.olean -i C:\\lean\\libs\\QECLean\\.lake\\build\\lib\\lean\\QEC\\Stabilizer\\Codes\\BivariateBicycle\\Gross\\Defs.ilean -c C:\\lean\\libs\\QECLean\\.lake\\build\\ir\\QEC\\Stabilizer\\Codes\\BivariateBicycle\\Gross\\Defs.c --setup C:\\lean\\libs\\QECLean\\.lake\\build\\ir\\QEC\\Stabilizer\\Codes\\BivariateBicycle\\Gross\\Defs.setup.json --json",
   "level": "trace"}],
 "inputs":
 [["deps",
   [["QEC/QEC:extraDep", [["@QEC:extraDep", "00000000000006bb"]]],
    ["imports",
     [["QEC.Stabilizer.Framework.Homological.Covering transitive imports (legacy)",
       "cb7fd7e04abf513b"],
      ["QEC.Stabilizer.Framework.Homological.Covering:importAllArts",
       "00d3736f7feff0ef"],
      ["QEC.Stabilizer.Framework.Homological.BBDuality transitive imports (legacy)",
       "5aec9a0ca8e227e0"],
      ["QEC.Stabilizer.Framework.Homological.BBDuality:importAllArts",
       "454733a24ec6020b"]]]]],
  ["libs",
   [["import dynlibs", "00000000000006bb"],
    ["package external libraries", "00000000000006bb"],
    ["module dynlibs", "00000000000006bb"],
    ["module plugins", "00000000000006bb"]]],
  ["Lean 4.34.0, commit 3447a668783dbce1a8fdb97101dd067687b2b418",
   "421484e3e0c70198"],
  ["C:\\lean\\libs\\QECLean\\QEC\\Stabilizer\\Codes\\BivariateBicycle\\Gross\\Defs.lean",
   "92315d839690a312"],
  ["options",
   [["-DmaxSynthPendingDepth=3", "c78e353d34de85d4"],
    ["-DrelaxedAutoImplicit=false", "74a2b5546b55be80"],
    ["-Dpp.unicode.fun=true", "9b94070140457fab"],
    ["-DautoImplicit=false", "4a85acb881fd49d0"]]],
  ["isModule: false", "feefd2a0d3a1847e"],
  ["Module.name: QEC.Stabilizer.Codes.BivariateBicycle.Gross.Defs",
   "cbfdd151e8885013"],
  ["Package.id?: (some QEC)", "93dadbf2094f452e"],
  ["Module.leanArgs: #[]", "00000000000006bb"]],
 "depHash": "65b33d8fa8405bc4"}