{"synthetic": false,
 "schemaVersion": "2025-09-10",
 "outputs":
 {"o": ["0a684e5ebe05be13.olean"],
  "m": false,
  "i": "92eb880e53559b25.ilean",
  "c": "0ef7664557d9f7bf.c"},
 "log":
 [{"message":
   ".> LEAN_PATH=C:\\lean\\mathlib4\\.lake\\packages\\Qq\\.lake\\build\\lib\\lean;C:\\lean\\mathlib4\\.lake\\packages\\aesop\\.lake\\build\\lib\\lean;C:\\lean\\mathlib4\\.lake\\packages\\proofwidgets\\.lake\\build\\lib\\lean;C:\\lean\\mathlib4\\.lake\\packages\\importGraph\\.lake\\build\\lib\\lean;C:\\lean\\mathlib4\\.lake\\packages\\LeanSearchClient\\.lake\\build\\lib\\lean;C:\\lean\\mathlib4\\.lake\\packages\\plausible\\.lake\\build\\lib\\lean;C:\\lean\\mathlib4\\.lake\\packages\\batteries\\.lake\\build\\lib\\lean;C:\\lean\\mathlib4\\.lake\\packages\\Cli\\.lake\\build\\lib\\lean;C:\\lean\\mathlib4\\.lake\\build\\lib\\lean;C:\\lean\\LeanArchitect\\.lake\\build\\lib\\lean;C:\\lean\\libs\\QECLean\\.lake\\build\\lib\\lean c:\\Users\\Administrator\\.elan\\toolchains\\leanprover--lean4---v4.34.0\\bin\\lean.exe C:\\lean\\libs\\QECLean\\QEC\\Stabilizer\\Codes\\BivariateBicycle\\Gross\\SafeFloor.lean -o C:\\lean\\libs\\QECLean\\.lake\\build\\lib\\lean\\QEC\\Stabilizer\\Codes\\BivariateBicycle\\Gross\\SafeFloor.olean -i C:\\lean\\libs\\QECLean\\.lake\\build\\lib\\lean\\QEC\\Stabilizer\\Codes\\BivariateBicycle\\Gross\\SafeFloor.ilean -c C:\\lean\\libs\\QECLean\\.lake\\build\\ir\\QEC\\Stabilizer\\Codes\\BivariateBicycle\\Gross\\SafeFloor.c --setup C:\\lean\\libs\\QECLean\\.lake\\build\\ir\\QEC\\Stabilizer\\Codes\\BivariateBicycle\\Gross\\SafeFloor.setup.json --json",
   "level": "trace"}],
 "inputs":
 [["deps",
   [["QEC/QEC:extraDep", [["@QEC:extraDep", "00000000000006bb"]]],
    ["imports",
     [["QEC.Stabilizer.Codes.BivariateBicycle.Gross.SafeFloor.MImClassify transitive imports (legacy)",
       "6a1fe4296499d292"],
      ["QEC.Stabilizer.Codes.BivariateBicycle.Gross.SafeFloor.MImClassify:importAllArts",
       "e019d016b66dbe77"],
      ["QEC.Stabilizer.Codes.BivariateBicycle.Gross.SafeFloor.MImTransport transitive imports (legacy)",
       "88660833abd51d5b"],
      ["QEC.Stabilizer.Codes.BivariateBicycle.Gross.SafeFloor.MImTransport:importAllArts",
       "9acc76b8ff8ea321"],
      ["QEC.Stabilizer.Codes.BivariateBicycle.Gross.SafeFloor.MImFloorY0 transitive imports (legacy)",
       "c3b89ba95b84c50b"],
      ["QEC.Stabilizer.Codes.BivariateBicycle.Gross.SafeFloor.MImFloorY0:importAllArts",
       "da3a9daabd070749"],
      ["QEC.Stabilizer.Codes.BivariateBicycle.Gross.SafeFloor.MImFloorY1 transitive imports (legacy)",
       "c3b89ba95b84c50b"],
      ["QEC.Stabilizer.Codes.BivariateBicycle.Gross.SafeFloor.MImFloorY1:importAllArts",
       "5b7ace9568272c9a"],
      ["QEC.Stabilizer.Codes.BivariateBicycle.Gross.SafeFloor.MImFloorY4 transitive imports (legacy)",
       "c3b89ba95b84c50b"],
      ["QEC.Stabilizer.Codes.BivariateBicycle.Gross.SafeFloor.MImFloorY4:importAllArts",
       "677a28c93d3c6ece"],
      ["QEC.Stabilizer.Codes.BivariateBicycle.Gross.SafeFloor.MImFloorY11 transitive imports (legacy)",
       "054af2bf8fc7c426"],
      ["QEC.Stabilizer.Codes.BivariateBicycle.Gross.SafeFloor.MImFloorY11:importAllArts",
       "a43f2bf0f2fe26eb"],
      ["QEC.Stabilizer.Codes.BivariateBicycle.Gross.SafeFloor.MImFloorY12 transitive imports (legacy)",
       "054af2bf8fc7c426"],
      ["QEC.Stabilizer.Codes.BivariateBicycle.Gross.SafeFloor.MImFloorY12:importAllArts",
       "e1aa25c718bd2c7a"],
      ["QEC.Stabilizer.Codes.BivariateBicycle.Gross.SafeFloor.MImAssembly transitive imports (legacy)",
       "1da35443c7c796a8"],
      ["QEC.Stabilizer.Codes.BivariateBicycle.Gross.SafeFloor.MImAssembly:importAllArts",
       "222d81028d7db473"],
      ["QEC.Stabilizer.Codes.BivariateBicycle.Gross.SafeFloor.SlotFrame transitive imports (legacy)",
       "88660833abd51d5b"],
      ["QEC.Stabilizer.Codes.BivariateBicycle.Gross.SafeFloor.SlotFrame:importAllArts",
       "c49de9d2893a07ff"],
      ["QEC.Stabilizer.Codes.BivariateBicycle.Gross.SafeFloor.WtFloor24 transitive imports (legacy)",
       "d50f90230c9c31d5"],
      ["QEC.Stabilizer.Codes.BivariateBicycle.Gross.SafeFloor.WtFloor24:importAllArts",
       "55fd02fab5dfdfe1"],
      ["QEC.Stabilizer.Codes.BivariateBicycle.Gross.SafeFloor.WtFloor24Bridge transitive imports (legacy)",
       "6fc4f9c99e4db6c5"],
      ["QEC.Stabilizer.Codes.BivariateBicycle.Gross.SafeFloor.WtFloor24Bridge:importAllArts",
       "ed8a956acf7e8bfb"],
      ["QEC.Stabilizer.Codes.BivariateBicycle.Gross.SafeFloor.WtFloor1618 transitive imports (legacy)",
       "054af2bf8fc7c426"],
      ["QEC.Stabilizer.Codes.BivariateBicycle.Gross.SafeFloor.WtFloor1618:importAllArts",
       "f21811ba9eff185e"],
      ["QEC.Stabilizer.Codes.BivariateBicycle.Gross.SafeFloor.LightFloor transitive imports (legacy)",
       "c0a76782a4093164"],
      ["QEC.Stabilizer.Codes.BivariateBicycle.Gross.SafeFloor.LightFloor:importAllArts",
       "e92949bc7817d94e"]]]]],
  ["libs",
   [["import dynlibs", "00000000000006bb"],
    ["package external libraries", "00000000000006bb"],
    ["module dynlibs", "00000000000006bb"],
    ["module plugins", "00000000000006bb"]]],
  ["Lean 4.34.0, commit 293d5d0c0c3f3dded4688b3ccd6a33939ac5102b",
   "a1c6c7aa3e9abfe7"],
  ["C:\\lean\\libs\\QECLean\\QEC\\Stabilizer\\Codes\\BivariateBicycle\\Gross\\SafeFloor.lean",
   "abe0a518dfc58bef"],
  ["options",
   [["-DmaxSynthPendingDepth=3", "c78e353d34de85d4"],
    ["-DrelaxedAutoImplicit=false", "74a2b5546b55be80"],
    ["-Dpp.unicode.fun=true", "9b94070140457fab"],
    ["-DautoImplicit=false", "4a85acb881fd49d0"]]],
  ["isModule: false", "feefd2a0d3a1847e"],
  ["Module.name: QEC.Stabilizer.Codes.BivariateBicycle.Gross.SafeFloor",
   "70fe0f414574b270"],
  ["Package.id?: (some QEC)", "93dadbf2094f452e"],
  ["Module.leanArgs: #[]", "00000000000006bb"]],
 "depHash": "2566384d5a485407"}